Archive member included to satisfy reference by file (symbol)

C:/NXP/S32DS_Power_v2.1/S32DS/build_tools/e200_ewl2/lib/e200z4/fp\libc99.a(memset.o)
                              ./src/main.o (memset)
C:/NXP/S32DS_Power_v2.1/S32DS/build_tools/e200_ewl2/lib/e200z4/fp\libc99.a(__filll_mem.o)
                              C:/NXP/S32DS_Power_v2.1/S32DS/build_tools/e200_ewl2/lib/e200z4/fp\libc99.a(memset.o) (__fill_mem)
C:/NXP/S32DS_Power_v2.1/S32DS/build_tools/e200_ewl2/lib/e200z4/fp\libm.a(math_api.o)
                              ./src/crc.o (__ewl_generic_count_bits32)
C:/NXP/S32DS_Power_v2.1/S32DS/build_tools/e200_ewl2/lib/e200z4/fp\libm.a(s_ceil.o)
                              ./src/crc.o (ceil)
c:/nxp/s32ds_power_v2.1/s32ds/build_tools/powerpc-eabivle-4_9/bin/../lib/gcc/powerpc-eabivle/4.9.4/e200z4/fp\libgcc.a(_lshrdi3.o)
                              C:/NXP/S32DS_Power_v2.1/S32DS/build_tools/e200_ewl2/lib/e200z4/fp\libm.a(math_api.o) (__lshrdi3)
c:/nxp/s32ds_power_v2.1/s32ds/build_tools/powerpc-eabivle-4_9/bin/../lib/gcc/powerpc-eabivle/4.9.4/e200z4/fp\libgcc.a(_ashldi3.o)
                              C:/NXP/S32DS_Power_v2.1/S32DS/build_tools/e200_ewl2/lib/e200z4/fp\libm.a(math_api.o) (__ashldi3)
c:/nxp/s32ds_power_v2.1/s32ds/build_tools/powerpc-eabivle-4_9/bin/../lib/gcc/powerpc-eabivle/4.9.4/e200z4/fp\libgcc.a(_fixunsdfsi.o)
                              ./src/crc.o (__fixunsdfsi)
c:/nxp/s32ds_power_v2.1/s32ds/build_tools/powerpc-eabivle-4_9/bin/../lib/gcc/powerpc-eabivle/4.9.4/e200z4/fp\libgcc.a(_addsub_df.o)
                              C:/NXP/S32DS_Power_v2.1/S32DS/build_tools/e200_ewl2/lib/e200z4/fp\libm.a(s_ceil.o) (__adddf3)
c:/nxp/s32ds_power_v2.1/s32ds/build_tools/powerpc-eabivle-4_9/bin/../lib/gcc/powerpc-eabivle/4.9.4/e200z4/fp\libgcc.a(_div_df.o)
                              ./src/crc.o (__divdf3)
c:/nxp/s32ds_power_v2.1/s32ds/build_tools/powerpc-eabivle-4_9/bin/../lib/gcc/powerpc-eabivle/4.9.4/e200z4/fp\libgcc.a(_gt_df.o)
                              C:/NXP/S32DS_Power_v2.1/S32DS/build_tools/e200_ewl2/lib/e200z4/fp\libm.a(math_api.o) (__gtdf2)
c:/nxp/s32ds_power_v2.1/s32ds/build_tools/powerpc-eabivle-4_9/bin/../lib/gcc/powerpc-eabivle/4.9.4/e200z4/fp\libgcc.a(_ge_df.o)
                              c:/nxp/s32ds_power_v2.1/s32ds/build_tools/powerpc-eabivle-4_9/bin/../lib/gcc/powerpc-eabivle/4.9.4/e200z4/fp\libgcc.a(_fixunsdfsi.o) (__gedf2)
c:/nxp/s32ds_power_v2.1/s32ds/build_tools/powerpc-eabivle-4_9/bin/../lib/gcc/powerpc-eabivle/4.9.4/e200z4/fp\libgcc.a(_lt_df.o)
                              C:/NXP/S32DS_Power_v2.1/S32DS/build_tools/e200_ewl2/lib/e200z4/fp\libm.a(math_api.o) (__ltdf2)
c:/nxp/s32ds_power_v2.1/s32ds/build_tools/powerpc-eabivle-4_9/bin/../lib/gcc/powerpc-eabivle/4.9.4/e200z4/fp\libgcc.a(_df_to_si.o)
                              c:/nxp/s32ds_power_v2.1/s32ds/build_tools/powerpc-eabivle-4_9/bin/../lib/gcc/powerpc-eabivle/4.9.4/e200z4/fp\libgcc.a(_fixunsdfsi.o) (__fixdfsi)
c:/nxp/s32ds_power_v2.1/s32ds/build_tools/powerpc-eabivle-4_9/bin/../lib/gcc/powerpc-eabivle/4.9.4/e200z4/fp\libgcc.a(_thenan_df.o)
                              c:/nxp/s32ds_power_v2.1/s32ds/build_tools/powerpc-eabivle-4_9/bin/../lib/gcc/powerpc-eabivle/4.9.4/e200z4/fp\libgcc.a(_addsub_df.o) (__thenan_df)
c:/nxp/s32ds_power_v2.1/s32ds/build_tools/powerpc-eabivle-4_9/bin/../lib/gcc/powerpc-eabivle/4.9.4/e200z4/fp\libgcc.a(_usi_to_df.o)
                              ./src/crc.o (__floatunsidf)
c:/nxp/s32ds_power_v2.1/s32ds/build_tools/powerpc-eabivle-4_9/bin/../lib/gcc/powerpc-eabivle/4.9.4/e200z4/fp\libgcc.a(e200crtresxgpr.o)
                              C:/NXP/S32DS_Power_v2.1/S32DS/build_tools/e200_ewl2/lib/e200z4/fp\libm.a(math_api.o) (_restgpr_26_x)
c:/nxp/s32ds_power_v2.1/s32ds/build_tools/powerpc-eabivle-4_9/bin/../lib/gcc/powerpc-eabivle/4.9.4/e200z4/fp\libgcc.a(eabivle.o)
                              ./src/main.o (__eabi)
c:/nxp/s32ds_power_v2.1/s32ds/build_tools/powerpc-eabivle-4_9/bin/../lib/gcc/powerpc-eabivle/4.9.4/e200z4/fp\libgcc.a(_pack_df.o)
                              c:/nxp/s32ds_power_v2.1/s32ds/build_tools/powerpc-eabivle-4_9/bin/../lib/gcc/powerpc-eabivle/4.9.4/e200z4/fp\libgcc.a(_addsub_df.o) (__pack_d)
c:/nxp/s32ds_power_v2.1/s32ds/build_tools/powerpc-eabivle-4_9/bin/../lib/gcc/powerpc-eabivle/4.9.4/e200z4/fp\libgcc.a(_unpack_df.o)
                              c:/nxp/s32ds_power_v2.1/s32ds/build_tools/powerpc-eabivle-4_9/bin/../lib/gcc/powerpc-eabivle/4.9.4/e200z4/fp\libgcc.a(_addsub_df.o) (__unpack_d)
c:/nxp/s32ds_power_v2.1/s32ds/build_tools/powerpc-eabivle-4_9/bin/../lib/gcc/powerpc-eabivle/4.9.4/e200z4/fp\libgcc.a(_fpcmp_parts_df.o)
                              c:/nxp/s32ds_power_v2.1/s32ds/build_tools/powerpc-eabivle-4_9/bin/../lib/gcc/powerpc-eabivle/4.9.4/e200z4/fp\libgcc.a(_gt_df.o) (__fpcmp_parts_d)

Allocating common symbols
Common symbol       size              file

Det_ErrorId         0x1               ./src/Det_TS_T2D35M10I1R0/src/Det.o
[...]
Memory Configuration

Name             Origin             Length             Attributes
flash_rchw       0x00fd8000         0x00000004
cpu0_reset_vec   0x00fd8010         0x00000004
cpu1_reset_vec   0x00fd8014         0x00000004
cpu2_reset_vec   0x00fd8004         0x00000004
m_text           0x00f94000         0x00018000
m_flags          0x00fa0000         0x00004000
m_appSectorBuffer 0x40032000         0x0004b000
m_data           0x40000000         0x00032000
m_appACRC        0x011fff80         0x00000080
*default*        0x00000000         0xffffffff

Linker script and memory map

LOAD c:/nxp/s32ds_power_v2.1/s32ds/build_tools/powerpc-eabivle-4_9/bin/../lib/gcc/powerpc-eabivle/4.9.4/e200z4/fp/ecrti.o
LOAD c:/nxp/s32ds_power_v2.1/s32ds/build_tools/powerpc-eabivle-4_9/bin/../lib/gcc/powerpc-eabivle/4.9.4/e200z4/fp/crtbegin.o
LOAD ./Project_Settings/Startup_Code/startup.o
LOAD ./src/Det_TS_T2D35M10I1R0/src/Det.o
LOAD ./src/Dio_TS_T2D35M10I1R0/src/Dio.o
LOAD ./src/Dio_TS_T2D35M10I1R0/src/Dio_Siul2.o
LOAD ./src/Fls_TS_T2D35M10I1R0/src/Fls.o
LOAD ./src/Fls_TS_T2D35M10I1R0/src/Fls_Ac.o
LOAD ./src/Fls_TS_T2D35M10I1R0/src/Fls_Flash.o
LOAD ./src/Fls_TS_T2D35M10I1R0/src/Fls_Flash_Const.o
LOAD ./src/Fls_TS_T2D35M10I1R0/src/Fls_IPW.o
LOAD ./src/MPC57xx__Interrupt_Init.o
LOAD ./src/Vector.o
LOAD ./src/crc.o
LOAD ./src/flags.o
LOAD ./src/flashrchw.o
LOAD ./src/intc_SW_mode_isr_vectors_MPC5748G.o
LOAD ./src/intc_sw_handlers.o
LOAD ./src/main.o
LOAD ./src/Mcu_TS_T2D35M10I1R0/src/Mcu.o
LOAD ./src/Mcu_TS_T2D35M10I1R0/src/Mcu_CMU.o
LOAD ./src/Mcu_TS_T2D35M10I1R0/src/Mcu_CMU_Irq.o
LOAD ./src/Mcu_TS_T2D35M10I1R0/src/Mcu_FIRC.o
LOAD ./src/Mcu_TS_T2D35M10I1R0/src/Mcu_FLASH.o
LOAD ./src/Mcu_TS_T2D35M10I1R0/src/Mcu_FXOSC.o
LOAD ./src/Mcu_TS_T2D35M10I1R0/src/Mcu_FXOSC_Irq.o
LOAD ./src/Mcu_TS_T2D35M10I1R0/src/Mcu_IPW.o
LOAD ./src/Mcu_TS_T2D35M10I1R0/src/Mcu_LPU.o
LOAD ./src/Mcu_TS_T2D35M10I1R0/src/Mcu_LPU_Irq.o
LOAD ./src/Mcu_TS_T2D35M10I1R0/src/Mcu_MC_CGM.o
LOAD ./src/Mcu_TS_T2D35M10I1R0/src/Mcu_MC_Irq.o
LOAD ./src/Mcu_TS_T2D35M10I1R0/src/Mcu_MC_ME.o
LOAD ./src/Mcu_TS_T2D35M10I1R0/src/Mcu_MC_PCU.o
LOAD ./src/Mcu_TS_T2D35M10I1R0/src/Mcu_MC_RGM.o
LOAD ./src/Mcu_TS_T2D35M10I1R0/src/Mcu_PLLDIG.o
LOAD ./src/Mcu_TS_T2D35M10I1R0/src/Mcu_PLLDIG_Irq.o
LOAD ./src/Mcu_TS_T2D35M10I1R0/src/Mcu_PMCDIG.o
LOAD ./src/Mcu_TS_T2D35M10I1R0/src/Mcu_PRAM.o
LOAD ./src/Mcu_TS_T2D35M10I1R0/src/Mcu_SIRC.o
LOAD ./src/Mcu_TS_T2D35M10I1R0/src/Mcu_SIUL2.o
LOAD ./src/Mcu_TS_T2D35M10I1R0/src/Mcu_SSCM.o
LOAD ./src/Mcu_TS_T2D35M10I1R0/src/Mcu_STCU.o
LOAD ./src/Mcu_TS_T2D35M10I1R0/src/Mcu_SXOSC.o
LOAD ./src/Mcu_TS_T2D35M10I1R0/src/Mcu_SXOSC_Irq.o
LOAD ./src/Mcu_TS_T2D35M10I1R0/src/Mcu_eMios.o
LOAD ./src/Port_TS_T2D35M10I1R0/src/Port.o
LOAD ./src/Port_TS_T2D35M10I1R0/src/Port_Ipw.o
LOAD ./src/Port_TS_T2D35M10I1R0/src/Port_Siul2.o
LOAD ./src/Rte_TS_T2D35M10I1R0/src/SchM_Adc.o
LOAD ./src/Rte_TS_T2D35M10I1R0/src/SchM_Can.o
LOAD ./src/Rte_TS_T2D35M10I1R0/src/SchM_Crcu.o
LOAD ./src/Rte_TS_T2D35M10I1R0/src/SchM_Crypto.o
LOAD ./src/Rte_TS_T2D35M10I1R0/src/SchM_Dio.o
LOAD ./src/Rte_TS_T2D35M10I1R0/src/SchM_Eep.o
LOAD ./src/Rte_TS_T2D35M10I1R0/src/SchM_Eth.o
LOAD ./src/Rte_TS_T2D35M10I1R0/src/SchM_Fee.o
LOAD ./src/Rte_TS_T2D35M10I1R0/src/SchM_Fls.o
LOAD ./src/Rte_TS_T2D35M10I1R0/src/SchM_Fr.o
LOAD ./src/Rte_TS_T2D35M10I1R0/src/SchM_Gpt.o
LOAD ./src/Rte_TS_T2D35M10I1R0/src/SchM_I2c.o
LOAD ./src/Rte_TS_T2D35M10I1R0/src/SchM_Icu.o
LOAD ./src/Rte_TS_T2D35M10I1R0/src/SchM_Lin.o
LOAD ./src/Rte_TS_T2D35M10I1R0/src/SchM_Mcem.o
LOAD ./src/Rte_TS_T2D35M10I1R0/src/SchM_Mcl.o
LOAD ./src/Rte_TS_T2D35M10I1R0/src/SchM_Mcu.o
LOAD ./src/Rte_TS_T2D35M10I1R0/src/SchM_Ocu.o
LOAD ./src/Rte_TS_T2D35M10I1R0/src/SchM_Port.o
LOAD ./src/Rte_TS_T2D35M10I1R0/src/SchM_Pwm.o
LOAD ./src/Rte_TS_T2D35M10I1R0/src/SchM_RamTst.o
LOAD ./src/Rte_TS_T2D35M10I1R0/src/SchM_Spi.o
LOAD ./src/Rte_TS_T2D35M10I1R0/src/SchM_Wdg.o
LOAD ./src/output/generated/src/Dio_Cfg.o
LOAD ./src/output/generated/src/Fls_Cfg.o
LOAD ./src/output/generated/src/Fls_PBcfg.o
LOAD ./src/output/generated/src/Mcu_Cfg.o
LOAD ./src/output/generated/src/Mcu_PBcfg.o
LOAD ./src/output/generated/src/Port_Cfg.o
LOAD ./src/output/generated/src/Port_PBcfg.o
START GROUP
LOAD C:/NXP/S32DS_Power_v2.1/S32DS/build_tools/e200_ewl2/lib/e200z4/fp\libc99.a
LOAD C:/NXP/S32DS_Power_v2.1/S32DS/build_tools/e200_ewl2/lib/e200z4/fp\libm.a
LOAD c:/nxp/s32ds_power_v2.1/s32ds/build_tools/powerpc-eabivle-4_9/bin/../lib/gcc/powerpc-eabivle/4.9.4/e200z4/fp\libgcc.a
LOAD C:/NXP/S32DS_Power_v2.1/S32DS/build_tools/e200_ewl2/lib/e200z4/fp\librt.a
END GROUP
LOAD c:/nxp/s32ds_power_v2.1/s32ds/build_tools/powerpc-eabivle-4_9/bin/../lib/gcc/powerpc-eabivle/4.9.4/e200z4/fp/crtend.o
LOAD c:/nxp/s32ds_power_v2.1/s32ds/build_tools/powerpc-eabivle-4_9/bin/../lib/gcc/powerpc-eabivle/4.9.4/e200z4/fp/ecrtn.o
                0x00000000                __HEAP_SIZE = 0x0
                0x00001000                __STACK_SIZE = 0x1000
                0x00040000                SRAM_SIZE = 0x40000
                0x40000000                SRAM_BASE_ADDR = 0x40000000

.appSectorBuffer
                0x40032000     0x4000
 *(.appSectorBuffer)
 .appSectorBuffer
                0x40032000     0x4000 ./src/main.o
                0x40032000                app_sector_buffer

.appACRC        0x011fff80        0x2
 *(.appACRC)
 .appACRC       0x011fff80        0x2 ./src/flags.o
                0x011fff80                appACRC

.flags          0x00fa0000     0x4000
 *(.flags)
 .flags         0x00fa0000     0x4000 ./src/flags.o
                0x00fa0000                flags_section

.rchw           0x00fd8000        0x4
 *(.rchw)
 .rchw          0x00fd8000        0x4 ./src/flashrchw.o
                0x00fd8000                RCHW1

.cpu0_reset_vector
                0x00fd8010        0x4
 *(.cpu0_reset_vector)
 .cpu0_reset_vector
                0x00fd8010        0x4 ./src/flashrchw.o
                0x00fd8010                RCHW2_0

.cpu1_reset_vector
 *(.cpu1_reset_vector)

.cpu2_reset_vector
 *(.cpu2_reset_vector)

.startup        0x00f94000      0x1ee
                0x00f94000                __start = .
 *(.startup)
 .startup       0x00f94000      0x1ee ./Project_Settings/Startup_Code/startup.o
                0x00f94000                _start
                0x00f941ea                _fini

.core_exceptions_table
                0x00f95000       0xf4
                0x00f95000                __IVPR_VALUE = .
 *(.core_exceptions_table)
 .core_exceptions_table
                0x00f95000       0xf4 ./src/Vector.o
                0x00f95000                VTABLE
                0x00f95000                IVOR0_Vector
                0x00f95010                IVOR1_Vector
                0x00f95020                IVOR2_Vector
                0x00f95030                IVOR3_Vector
                0x00f95040                IVOR4_Vector
                0x00f95050                IVOR5_Vector
                0x00f95060                IVOR6_Vector
                0x00f95070                IVOR7_Vector
                0x00f95080                IVOR8_Vector
                0x00f95090                IVOR9_Vector
                0x00f950a0                IVOR10_Vector
                0x00f950b0                IVOR11_Vector
                0x00f950c0                IVOR12_Vector
                0x00f950d0                IVOR13_Vector
                0x00f950e0                IVOR14_Vector
                0x00f950f0                IVOR15_Vector

.intc_vector_table
                0x00f96000      0xbc8
 *(.intc_vector_table)
 .intc_vector_table
                0x00f96000      0xbc8 ./src/intc_SW_mode_isr_vectors_MPC5748G.o
                0x00f96000                IntcIsrVectorTable

.text           0x00f96bd0     0x6bd0
 *(.text.startup)
 *(.text)
 .text          0x00f96bd0      0x16c c:/nxp/s32ds_power_v2.1/s32ds/build_tools/powerpc-eabivle-4_9/bin/../lib/gcc/powerpc-eabivle/4.9.4/e200z4/fp/crtbegin.o
 *fill*         0x00f96d3c        0x4 
 .text          0x00f96d40       0x48 ./src/intc_sw_handlers.o
                0x00f96d40                IVOR4_Handler
 .text          0x00f96d88       0x56 c:/nxp/s32ds_power_v2.1/s32ds/build_tools/powerpc-eabivle-4_9/bin/../lib/gcc/powerpc-eabivle/4.9.4/e200z4/fp\libgcc.a(_fixunsdfsi.o)
                0x00f96d88                __fixunsdfsi
 *fill*         0x00f96dde        0x2 
 .text          0x00f96de0      0x37e c:/nxp/s32ds_power_v2.1/s32ds/build_tools/powerpc-eabivle-4_9/bin/../lib/gcc/powerpc-eabivle/4.9.4/e200z4/fp\libgcc.a(_addsub_df.o)
                0x00f970a0                __adddf3
                0x00f970fc                __subdf3
 *fill*         0x00f9715e        0x2 
 .text          0x00f97160      0x17e c:/nxp/s32ds_power_v2.1/s32ds/build_tools/powerpc-eabivle-4_9/bin/../lib/gcc/powerpc-eabivle/4.9.4/e200z4/fp\libgcc.a(_div_df.o)
                0x00f97160                __divdf3
 *fill*         0x00f972de        0x2 
 .text          0x00f972e0       0x64 c:/nxp/s32ds_power_v2.1/s32ds/build_tools/powerpc-eabivle-4_9/bin/../lib/gcc/powerpc-eabivle/4.9.4/e200z4/fp\libgcc.a(_gt_df.o)
                0x00f972e0                __gtdf2
 .text          0x00f97344       0x64 c:/nxp/s32ds_power_v2.1/s32ds/build_tools/powerpc-eabivle-4_9/bin/../lib/gcc/powerpc-eabivle/4.9.4/e200z4/fp\libgcc.a(_ge_df.o)
                0x00f97344                __gedf2
 .text          0x00f973a8       0xac c:/nxp/s32ds_power_v2.1/s32ds/build_tools/powerpc-eabivle-4_9/bin/../lib/gcc/powerpc-eabivle/4.9.4/e200z4/fp\libgcc.a(_df_to_si.o)
                0x00f973a8                __fixdfsi
 .text          0x00f97454       0x70 c:/nxp/s32ds_power_v2.1/s32ds/build_tools/powerpc-eabivle-4_9/bin/../lib/gcc/powerpc-eabivle/4.9.4/e200z4/fp\libgcc.a(_usi_to_df.o)
                0x00f97454                __floatunsidf
 .text          0x00f974c4       0x52 c:/nxp/s32ds_power_v2.1/s32ds/build_tools/powerpc-eabivle-4_9/bin/../lib/gcc/powerpc-eabivle/4.9.4/e200z4/fp\libgcc.a(e200crtresxgpr.o)
                0x00f974c4                _restgpr_14_x
                0x00f974c8                _restgpr_15_x
                0x00f974cc                _restgpr_16_x
                0x00f974d0                _restgpr_17_x
                0x00f974d4                _restgpr_18_x
                0x00f974d8                _restgpr_19_x
                0x00f974dc                _restgpr_20_x
                0x00f974e0                _restgpr_21_x
                0x00f974e4                _restgpr_22_x
                0x00f974e8                _restgpr_23_x
                0x00f974ec                _restgpr_24_x
                0x00f974f0                _restgpr_25_x
                0x00f974f4                _restgpr_26_x
                0x00f974f8                _restgpr_27_x
                0x00f974fc                _restgpr_28_x
                0x00f97500                _restgpr_29_x
                0x00f97504                _restgpr_30_x
                0x00f97508                _restgpr_31_x
 .text          0x00f97516       0x4a c:/nxp/s32ds_power_v2.1/s32ds/build_tools/powerpc-eabivle-4_9/bin/../lib/gcc/powerpc-eabivle/4.9.4/e200z4/fp\libgcc.a(eabivle.o)
                0x00f97516                __eabi
 .text          0x00f97560      0x1e6 c:/nxp/s32ds_power_v2.1/s32ds/build_tools/powerpc-eabivle-4_9/bin/../lib/gcc/powerpc-eabivle/4.9.4/e200z4/fp\libgcc.a(_pack_df.o)
                0x00f97560                __pack_d
 *fill*         0x00f97746        0x2 
 .text          0x00f97748       0xb0 c:/nxp/s32ds_power_v2.1/s32ds/build_tools/powerpc-eabivle-4_9/bin/../lib/gcc/powerpc-eabivle/4.9.4/e200z4/fp\libgcc.a(_unpack_df.o)
                0x00f97748                __unpack_d
 .text          0x00f977f8       0xc6 c:/nxp/s32ds_power_v2.1/s32ds/build_tools/powerpc-eabivle-4_9/bin/../lib/gcc/powerpc-eabivle/4.9.4/e200z4/fp\libgcc.a(_fpcmp_parts_df.o)
                0x00f977f8                __fpcmp_parts_d
 *fill*         0x00f978be        0x2 
 .text          0x00f978c0       0x48 c:/nxp/s32ds_power_v2.1/s32ds/build_tools/powerpc-eabivle-4_9/bin/../lib/gcc/powerpc-eabivle/4.9.4/e200z4/fp/crtend.o
 *(.text.*)
 .text.Det_ReportError
                0x00f97908       0x4a ./src/Det_TS_T2D35M10I1R0/src/Det.o
                0x00f97908                Det_ReportError
 *fill*         0x00f97952        0x2 
 .text.Det_ReportRuntimeError
                0x00f97954       0x4a ./src/Det_TS_T2D35M10I1R0/src/Det.o
                0x00f97954                Det_ReportRuntimeError
 *fill*         0x00f9799e        0x2 
 .text.Det_ReportTransientFault
                0x00f979a0       0x4a ./src/Det_TS_T2D35M10I1R0/src/Det.o
                0x00f979a0                Det_ReportTransientFault
 *fill*         0x00f979ea        0x2 
 .text.Dio_WriteChannel
                0x00f979ec       0x38 ./src/Dio_TS_T2D35M10I1R0/src/Dio.o
                0x00f979ec                Dio_WriteChannel
 .text.Dio_Siul2_WriteChannel
                0x00f97a24       0x40 ./src/Dio_TS_T2D35M10I1R0/src/Dio_Siul2.o
                0x00f97a24                Dio_Siul2_WriteChannel
 .text.Fls_GetSectorIndexByAddr
                0x00f97a64       0x7a ./src/Fls_TS_T2D35M10I1R0/src/Fls.o
 *fill*         0x00f97ade        0x2 
 .text.Fls_GetSectorStartAddr
                0x00f97ae0       0x52 ./src/Fls_TS_T2D35M10I1R0/src/Fls.o
 *fill*         0x00f97b32        0x2 
 .text.Fls_IsAddrPageAligned
                0x00f97b34       0x6c ./src/Fls_TS_T2D35M10I1R0/src/Fls.o
 .text.Fls_IsAddrPageStartAligned
                0x00f97ba0       0x86 ./src/Fls_TS_T2D35M10I1R0/src/Fls.o
 *fill*         0x00f97c26        0x2 
 .text.Fls_IsAddrPageEndAligned
                0x00f97c28       0xc2 ./src/Fls_TS_T2D35M10I1R0/src/Fls.o
 *fill*         0x00f97cea        0x2 
 .text.Fls_IsAddrSectorStartAligned
                0x00f97cec       0x8e ./src/Fls_TS_T2D35M10I1R0/src/Fls.o
 *fill*         0x00f97d7a        0x2 
 .text.Fls_IsAddrSectorEndAligned
                0x00f97d7c       0x9e ./src/Fls_TS_T2D35M10I1R0/src/Fls.o
 *fill*         0x00f97e1a        0x2 
 .text.Fls_DoJobErase
                0x00f97e1c      0x1b2 ./src/Fls_TS_T2D35M10I1R0/src/Fls.o
 *fill*         0x00f97fce        0x2 
 .text.Fls_CalcMaxTransferAddrEnd
                0x00f97fd0       0x5a ./src/Fls_TS_T2D35M10I1R0/src/Fls.o
 *fill*         0x00f9802a        0x2 
 .text.Fls_CalcSectorTransferOffset
                0x00f9802c       0x40 ./src/Fls_TS_T2D35M10I1R0/src/Fls.o
 .text.Fls_CalcSectorTransferLength
                0x00f9806c       0x62 ./src/Fls_TS_T2D35M10I1R0/src/Fls.o
 *fill*         0x00f980ce        0x2 
 .text.Fls_DoJobRead
                0x00f980d0       0x62 ./src/Fls_TS_T2D35M10I1R0/src/Fls.o
 *fill*         0x00f98132        0x2 
 .text.Fls_DoJobWrite
                0x00f98134       0xa8 ./src/Fls_TS_T2D35M10I1R0/src/Fls.o
 .text.Fls_DoJobCompare
                0x00f981dc       0x62 ./src/Fls_TS_T2D35M10I1R0/src/Fls.o
 *fill*         0x00f9823e        0x2 
 .text.Fls_DoJobDataTransfer
                0x00f98240      0x254 ./src/Fls_TS_T2D35M10I1R0/src/Fls.o
 .text.Fls_AccumulateCRC
                0x00f98494       0xb8 ./src/Fls_TS_T2D35M10I1R0/src/Fls.o
 .text.Fls_ResetCRC
                0x00f9854c       0x1e ./src/Fls_TS_T2D35M10I1R0/src/Fls.o
 *fill*         0x00f9856a        0x2 
 .text.Fls_FinalizeCRC
                0x00f9856c       0x42 ./src/Fls_TS_T2D35M10I1R0/src/Fls.o
 *fill*         0x00f985ae        0x2 
 .text.Fls_UpdateCRCreminder
                0x00f985b0       0xb6 ./src/Fls_TS_T2D35M10I1R0/src/Fls.o
 *fill*         0x00f98666        0x2 
 .text.Fls_CalcCfgCRC
                0x00f98668      0x168 ./src/Fls_TS_T2D35M10I1R0/src/Fls.o
 .text.Fls_Init
                0x00f987d0      0x180 ./src/Fls_TS_T2D35M10I1R0/src/Fls.o
                0x00f987d0                Fls_Init
 .text.Fls_Erase
                0x00f98950      0x17a ./src/Fls_TS_T2D35M10I1R0/src/Fls.o
                0x00f98950                Fls_Erase
 *fill*         0x00f98aca        0x2 
 .text.Fls_Write
                0x00f98acc      0x1c2 ./src/Fls_TS_T2D35M10I1R0/src/Fls.o
                0x00f98acc                Fls_Write
 *fill*         0x00f98c8e        0x2 
 .text.Fls_GetJobResult
                0x00f98c90       0x62 ./src/Fls_TS_T2D35M10I1R0/src/Fls.o
                0x00f98c90                Fls_GetJobResult
 *fill*         0x00f98cf2        0x2 
 .text.Fls_Read
                0x00f98cf4      0x1f0 ./src/Fls_TS_T2D35M10I1R0/src/Fls.o
                0x00f98cf4                Fls_Read
 .text.Fls_MainFunction
                0x00f98ee4      0x21a ./src/Fls_TS_T2D35M10I1R0/src/Fls.o
                0x00f98ee4                Fls_MainFunction
 *fill*         0x00f990fe        0x2 
 .text.Fls_LLDGetJobResult
                0x00f99100       0x1e ./src/Fls_TS_T2D35M10I1R0/src/Fls.o
 *fill*         0x00f9911e        0x2 
 .text.Fls_LLDClrJobResult
                0x00f99120       0x32 ./src/Fls_TS_T2D35M10I1R0/src/Fls.o
 *fill*         0x00f99152        0x2 
 .text.Fls_Flash_AccessCode
                0x00f99154       0x76 ./src/Fls_TS_T2D35M10I1R0/src/Fls_Ac.o
                0x00f99154                Fls_Flash_AccessCode
 *fill*         0x00f991ca        0x2 
 .text.Fls_Flash_FinishHVOperation
                0x00f991cc       0x76 ./src/Fls_TS_T2D35M10I1R0/src/Fls_Flash.o
 *fill*         0x00f99242        0x2 
 .text.Fls_Flash_Init
                0x00f99244      0x4ee ./src/Fls_TS_T2D35M10I1R0/src/Fls_Flash.o
                0x00f99244                Fls_Flash_Init
 *fill*         0x00f99732        0x2 
 .text.Fls_Flash_AbortSuspended
                0x00f99734      0x1e2 ./src/Fls_TS_T2D35M10I1R0/src/Fls_Flash.o
                0x00f99734                Fls_Flash_AbortSuspended
 *fill*         0x00f99916        0x2 
 .text.Fls_Flash_VerifyMemoryArea
                0x00f99918      0x1cc ./src/Fls_TS_T2D35M10I1R0/src/Fls_Flash.o
 .text.Fls_Flash_ReadBytes
                0x00f99ae4       0x84 ./src/Fls_TS_T2D35M10I1R0/src/Fls_Flash.o
 .text.Fls_Flash_MainFunctionErase
                0x00f99b68       0xf4 ./src/Fls_TS_T2D35M10I1R0/src/Fls_Flash.o
                0x00f99b68                Fls_Flash_MainFunctionErase
 .text.Fls_Flash_MainFunctionWrite
                0x00f99c5c      0x47c ./src/Fls_TS_T2D35M10I1R0/src/Fls_Flash.o
                0x00f99c5c                Fls_Flash_MainFunctionWrite
 .text.Fls_Flash_MainFunctionEraseBlankCheck
                0x00f9a0d8      0x18e ./src/Fls_TS_T2D35M10I1R0/src/Fls_Flash.o
                0x00f9a0d8                Fls_Flash_MainFunctionEraseBlankCheck
 *fill*         0x00f9a266        0x2 
 .text.Fls_Flash_SectorErase
                0x00f9a268      0x2c2 ./src/Fls_TS_T2D35M10I1R0/src/Fls_Flash.o
                0x00f9a268                Fls_Flash_SectorErase
 *fill*         0x00f9a52a        0x2 
 .text.Fls_Flash_SectorWrite
                0x00f9a52c      0x824 ./src/Fls_TS_T2D35M10I1R0/src/Fls_Flash.o
                0x00f9a52c                Fls_Flash_SectorWrite
 .text.Fls_Flash_PageWrite
                0x00f9ad50       0x7c ./src/Fls_TS_T2D35M10I1R0/src/Fls_Flash.o
 .text.Fls_Flash_SectorRead
                0x00f9adcc      0x17a ./src/Fls_TS_T2D35M10I1R0/src/Fls_Flash.o
                0x00f9adcc                Fls_Flash_SectorRead
 *fill*         0x00f9af46        0x2 
 .text.Fls_Flash_SectorCompare
                0x00f9af48       0x88 ./src/Fls_TS_T2D35M10I1R0/src/Fls_Flash.o
                0x00f9af48                Fls_Flash_SectorCompare
 .text.Fls_IPW_Init
                0x00f9afd0       0x42 ./src/Fls_TS_T2D35M10I1R0/src/Fls_IPW.o
                0x00f9afd0                Fls_IPW_Init
 *fill*         0x00f9b012        0x2 
 .text.Fls_IPW_AbortSuspended
                0x00f9b014       0x52 ./src/Fls_TS_T2D35M10I1R0/src/Fls_IPW.o
                0x00f9b014                Fls_IPW_AbortSuspended
 *fill*         0x00f9b066        0x2 
 .text.Fls_IPW_LLDMainFunction
                0x00f9b068       0xaa ./src/Fls_TS_T2D35M10I1R0/src/Fls_IPW.o
                0x00f9b068                Fls_IPW_LLDMainFunction
 *fill*         0x00f9b112        0x2 
 .text.Fls_IPW_SectorRead
                0x00f9b114       0x42 ./src/Fls_TS_T2D35M10I1R0/src/Fls_IPW.o
                0x00f9b114                Fls_IPW_SectorRead
 *fill*         0x00f9b156        0x2 
 .text.Fls_IPW_SectorCompare
                0x00f9b158       0x42 ./src/Fls_TS_T2D35M10I1R0/src/Fls_IPW.o
                0x00f9b158                Fls_IPW_SectorCompare
 *fill*         0x00f9b19a        0x2 
 .text.Fls_IPW_SectorErase
                0x00f9b19c       0x48 ./src/Fls_TS_T2D35M10I1R0/src/Fls_IPW.o
                0x00f9b19c                Fls_IPW_SectorErase
 .text.Fls_IPW_SectorWrite
                0x00f9b1e4       0x4e ./src/Fls_TS_T2D35M10I1R0/src/Fls_IPW.o
                0x00f9b1e4                Fls_IPW_SectorWrite
 *fill*         0x00f9b232        0x2 
 .text.crc_ccitt_generic
                0x00f9b234       0xe4 ./src/crc.o
                0x00f9b234                crc_ccitt_generic
 .text.update_crc_ccitt
                0x00f9b318       0x8e ./src/crc.o
                0x00f9b318                update_crc_ccitt
 *fill*         0x00f9b3a6        0x2 
 .text.init_crcccitt_tab
                0x00f9b3a8       0xdc ./src/crc.o
 .text.memory_check
                0x00f9b484      0x23c ./src/crc.o
                0x00f9b484                memory_check
 .text.dummy    0x00f9b6c0        0xc ./src/intc_SW_mode_isr_vectors_MPC5748G.o
                0x00f9b6c0                dummy
 .text.main     0x00f9b6cc      0x306 ./src/main.o
                0x00f9b6cc                main
 *fill*         0x00f9b9d2        0x2 
 .text.flsWaitUntilJobDone
                0x00f9b9d4       0x46 ./src/main.o
                0x00f9b9d4                flsWaitUntilJobDone
 *fill*         0x00f9ba1a        0x2 
 .text.Mcu_CheckInit
                0x00f9ba1c       0x52 ./src/Mcu_TS_T2D35M10I1R0/src/Mcu.o
 *fill*         0x00f9ba6e        0x2 
 .text.Mcu_CheckInitClock
                0x00f9ba70       0x5a ./src/Mcu_TS_T2D35M10I1R0/src/Mcu.o
 *fill*         0x00f9baca        0x2 
 .text.Mcu_HLDChecksEntry
                0x00f9bacc       0xb6 ./src/Mcu_TS_T2D35M10I1R0/src/Mcu.o
 *fill*         0x00f9bb82        0x2 
 .text.Mcu_HLDChecksExit
                0x00f9bb84       0x76 ./src/Mcu_TS_T2D35M10I1R0/src/Mcu.o
 *fill*         0x00f9bbfa        0x2 
 .text.Mcu_Init
                0x00f9bbfc      0x168 ./src/Mcu_TS_T2D35M10I1R0/src/Mcu.o
                0x00f9bbfc                Mcu_Init
 .text.Mcu_InitClock
                0x00f9bd64       0xa6 ./src/Mcu_TS_T2D35M10I1R0/src/Mcu.o
                0x00f9bd64                Mcu_InitClock
 *fill*         0x00f9be0a        0x2 
 .text.Mcu_CMU_DeInit
                0x00f9be0c       0xcc ./src/Mcu_TS_T2D35M10I1R0/src/Mcu_CMU.o
                0x00f9be0c                Mcu_CMU_DeInit
 .text.Mcu_CMU_CSR_RCDIV_Config
                0x00f9bed8       0x6c ./src/Mcu_TS_T2D35M10I1R0/src/Mcu_CMU.o
                0x00f9bed8                Mcu_CMU_CSR_RCDIV_Config
 .text.Mcu_CMU_Init
                0x00f9bf44       0xba ./src/Mcu_TS_T2D35M10I1R0/src/Mcu_CMU.o
                0x00f9bf44                Mcu_CMU_Init
 *fill*         0x00f9bffe        0x2 
 .text.Mcu_FIRC_Config
                0x00f9c000       0x2c ./src/Mcu_TS_T2D35M10I1R0/src/Mcu_FIRC.o
                0x00f9c000                Mcu_FIRC_Config
 .text.Mcu_Ipw_PrepareClkSourcesToBeConfigured
                0x00f9c02c      0x102 ./src/Mcu_TS_T2D35M10I1R0/src/Mcu_IPW.o
 *fill*         0x00f9c12e        0x2 
 .text.Mcu_Ipw_Init
                0x00f9c130       0x34 ./src/Mcu_TS_T2D35M10I1R0/src/Mcu_IPW.o
                0x00f9c130                Mcu_Ipw_Init
 .text.Mcu_Ipw_InitClock
                0x00f9c164      0x22e ./src/Mcu_TS_T2D35M10I1R0/src/Mcu_IPW.o
                0x00f9c164                Mcu_Ipw_InitClock
 *fill*         0x00f9c392        0x2 
 .text.Mcu_MC_CGM_ProgClockSwitchConfig
                0x00f9c394       0x6e ./src/Mcu_TS_T2D35M10I1R0/src/Mcu_MC_CGM.o
                0x00f9c394                Mcu_MC_CGM_ProgClockSwitchConfig
 *fill*         0x00f9c402        0x2 
 .text.Mcu_MC_CGM_SystemClockConfig
                0x00f9c404       0x64 ./src/Mcu_TS_T2D35M10I1R0/src/Mcu_MC_CGM.o
                0x00f9c404                Mcu_MC_CGM_SystemClockConfig
 .text.Mcu_MC_CGM_AuxClockConfig
                0x00f9c468       0x88 ./src/Mcu_TS_T2D35M10I1R0/src/Mcu_MC_CGM.o
                0x00f9c468                Mcu_MC_CGM_AuxClockConfig
 .text.Mcu_MC_ME_InitCCTL
                0x00f9c4f0      0x124 ./src/Mcu_TS_T2D35M10I1R0/src/Mcu_MC_ME.o
                0x00f9c4f0                Mcu_MC_ME_InitCCTL
 .text.Mcu_MC_ME_ModesPeriphInit
                0x00f9c614      0x140 ./src/Mcu_TS_T2D35M10I1R0/src/Mcu_MC_ME.o
                0x00f9c614                Mcu_MC_ME_ModesPeriphInit
 .text.Mcu_MC_ME_BlindEnabledClockUpdate
                0x00f9c754      0x194 ./src/Mcu_TS_T2D35M10I1R0/src/Mcu_MC_ME.o
                0x00f9c754                Mcu_MC_ME_BlindEnabledClockUpdate
 .text.Mcu_MC_ME_EnabledClkUpdate
                0x00f9c8e8      0x194 ./src/Mcu_TS_T2D35M10I1R0/src/Mcu_MC_ME.o
                0x00f9c8e8                Mcu_MC_ME_EnabledClkUpdate
 .text.Mcu_MC_ME_SystemClkUpdate
                0x00f9ca7c      0x1f8 ./src/Mcu_TS_T2D35M10I1R0/src/Mcu_MC_ME.o
                0x00f9ca7c                Mcu_MC_ME_SystemClkUpdate
 .text.Mcu_MC_ME_BlindApplyMode
                0x00f9cc74       0x8c ./src/Mcu_TS_T2D35M10I1R0/src/Mcu_MC_ME.o
 .text.Mcu_MC_ME_ApplyMode
                0x00f9cd00       0xaa ./src/Mcu_TS_T2D35M10I1R0/src/Mcu_MC_ME.o
                0x00f9cd00                Mcu_MC_ME_ApplyMode
 *fill*         0x00f9cdaa        0x2 
 .text.Mcu_MC_ME_GetCurrentModeClockSettings
                0x00f9cdac       0x28 ./src/Mcu_TS_T2D35M10I1R0/src/Mcu_MC_ME.o
                0x00f9cdac                Mcu_MC_ME_GetCurrentModeClockSettings
 .text.Mcu_PLLDIG_PllConfig
                0x00f9cdd4       0x62 ./src/Mcu_TS_T2D35M10I1R0/src/Mcu_PLLDIG.o
                0x00f9cdd4                Mcu_PLLDIG_PllConfig
 *fill*         0x00f9ce36        0x2 
 .text.Mcu_PRAM_SetRamWS
                0x00f9ce38       0x3a ./src/Mcu_TS_T2D35M10I1R0/src/Mcu_PRAM.o
                0x00f9ce38                Mcu_PRAM_SetRamWS
 *fill*         0x00f9ce72        0x2 
 .text.Port_Init
                0x00f9ce74       0x58 ./src/Port_TS_T2D35M10I1R0/src/Port.o
                0x00f9ce74                Port_Init
 .text.Port_Siul2_Init_UnusedPins
                0x00f9cecc       0x92 ./src/Port_TS_T2D35M10I1R0/src/Port_Siul2.o
 *fill*         0x00f9cf5e        0x2 
 .text.Port_Siul2_Init_ConfiguredPins
                0x00f9cf60      0x11c ./src/Port_TS_T2D35M10I1R0/src/Port_Siul2.o
 .text.Port_Siul2_Init
                0x00f9d07c       0xf0 ./src/Port_TS_T2D35M10I1R0/src/Port_Siul2.o
                0x00f9d07c                Port_Siul2_Init
 .text.Dio_schm_read_msr
                0x00f9d16c       0x1e ./src/Rte_TS_T2D35M10I1R0/src/SchM_Dio.o
                0x00f9d16c                Dio_schm_read_msr
 *fill*         0x00f9d18a        0x2 
 .text.SchM_Enter_Dio_DIO_EXCLUSIVE_AREA_01
                0x00f9d18c       0x84 ./src/Rte_TS_T2D35M10I1R0/src/SchM_Dio.o
                0x00f9d18c                SchM_Enter_Dio_DIO_EXCLUSIVE_AREA_01
 .text.SchM_Exit_Dio_DIO_EXCLUSIVE_AREA_01
                0x00f9d210       0x6c ./src/Rte_TS_T2D35M10I1R0/src/SchM_Dio.o
                0x00f9d210                SchM_Exit_Dio_DIO_EXCLUSIVE_AREA_01
 .text.Fls_schm_read_msr
                0x00f9d27c       0x1e ./src/Rte_TS_T2D35M10I1R0/src/SchM_Fls.o
                0x00f9d27c                Fls_schm_read_msr
 *fill*         0x00f9d29a        0x2 
 .text.SchM_Enter_Fls_FLS_EXCLUSIVE_AREA_10
                0x00f9d29c       0x84 ./src/Rte_TS_T2D35M10I1R0/src/SchM_Fls.o
                0x00f9d29c                SchM_Enter_Fls_FLS_EXCLUSIVE_AREA_10
 .text.SchM_Enter_Fls_FLS_EXCLUSIVE_AREA_11
                0x00f9d320       0x84 ./src/Rte_TS_T2D35M10I1R0/src/SchM_Fls.o
                0x00f9d320                SchM_Enter_Fls_FLS_EXCLUSIVE_AREA_11
 .text.SchM_Enter_Fls_FLS_EXCLUSIVE_AREA_12
                0x00f9d3a4       0x84 ./src/Rte_TS_T2D35M10I1R0/src/SchM_Fls.o
                0x00f9d3a4                SchM_Enter_Fls_FLS_EXCLUSIVE_AREA_12
 .text.SchM_Exit_Fls_FLS_EXCLUSIVE_AREA_10
                0x00f9d428       0x6c ./src/Rte_TS_T2D35M10I1R0/src/SchM_Fls.o
                0x00f9d428                SchM_Exit_Fls_FLS_EXCLUSIVE_AREA_10
 .text.SchM_Exit_Fls_FLS_EXCLUSIVE_AREA_11
                0x00f9d494       0x6c ./src/Rte_TS_T2D35M10I1R0/src/SchM_Fls.o
                0x00f9d494                SchM_Exit_Fls_FLS_EXCLUSIVE_AREA_11
 .text.SchM_Exit_Fls_FLS_EXCLUSIVE_AREA_12
                0x00f9d500       0x6c ./src/Rte_TS_T2D35M10I1R0/src/SchM_Fls.o
                0x00f9d500                SchM_Exit_Fls_FLS_EXCLUSIVE_AREA_12
 .text.memset   0x00f9d56c       0x1a C:/NXP/S32DS_Power_v2.1/S32DS/build_tools/e200_ewl2/lib/e200z4/fp\libc99.a(memset.o)
                0x00f9d56c                memset
 .text.__fill_mem
                0x00f9d586       0xa0 C:/NXP/S32DS_Power_v2.1/S32DS/build_tools/e200_ewl2/lib/e200z4/fp\libc99.a(__filll_mem.o)
                0x00f9d586                __fill_mem
 .text.ceil     0x00f9d626      0x13c C:/NXP/S32DS_Power_v2.1/S32DS/build_tools/e200_ewl2/lib/e200z4/fp\libm.a(s_ceil.o)
                0x00f9d626                ceil
 *(.init)
 *fill*         0x00f9d762        0x2 
 .init          0x00f9d764        0xc c:/nxp/s32ds_power_v2.1/s32ds/build_tools/powerpc-eabivle-4_9/bin/../lib/gcc/powerpc-eabivle/4.9.4/e200z4/fp/ecrti.o
                0x00f9d764                __init
 .init          0x00f9d770        0x4 c:/nxp/s32ds_power_v2.1/s32ds/build_tools/powerpc-eabivle-4_9/bin/../lib/gcc/powerpc-eabivle/4.9.4/e200z4/fp/crtbegin.o
 .init          0x00f9d774        0x4 c:/nxp/s32ds_power_v2.1/s32ds/build_tools/powerpc-eabivle-4_9/bin/../lib/gcc/powerpc-eabivle/4.9.4/e200z4/fp/crtend.o
 .init          0x00f9d778        0xa c:/nxp/s32ds_power_v2.1/s32ds/build_tools/powerpc-eabivle-4_9/bin/../lib/gcc/powerpc-eabivle/4.9.4/e200z4/fp/ecrtn.o
 *(.fini)
 *fill*         0x00f9d782        0x2 
 .fini          0x00f9d784        0xc c:/nxp/s32ds_power_v2.1/s32ds/build_tools/powerpc-eabivle-4_9/bin/../lib/gcc/powerpc-eabivle/4.9.4/e200z4/fp/ecrti.o
                0x00f9d784                __fini
 .fini          0x00f9d790        0x4 c:/nxp/s32ds_power_v2.1/s32ds/build_tools/powerpc-eabivle-4_9/bin/../lib/gcc/powerpc-eabivle/4.9.4/e200z4/fp/crtbegin.o
 .fini          0x00f9d794        0xa c:/nxp/s32ds_power_v2.1/s32ds/build_tools/powerpc-eabivle-4_9/bin/../lib/gcc/powerpc-eabivle/4.9.4/e200z4/fp/ecrtn.o
                0x00f9d7a0                . = ALIGN (0x10)
 *fill*         0x00f9d79e        0x2 

.glink          0x00f9d7a0        0x0
 .glink         0x00f9d7a0        0x0 c:/nxp/s32ds_power_v2.1/s32ds/build_tools/powerpc-eabivle-4_9/bin/../lib/gcc/powerpc-eabivle/4.9.4/e200z4/fp/crtbegin.o

.ctors          0x00f9d7a0        0x8
                0x00f9d7a0                __CTOR_LIST__ = .
 *crtbegin.o(.ctors)
 .ctors         0x00f9d7a0        0x4 c:/nxp/s32ds_power_v2.1/s32ds/build_tools/powerpc-eabivle-4_9/bin/../lib/gcc/powerpc-eabivle/4.9.4/e200z4/fp/crtbegin.o
 *crtbegin?.o(.ctors)
 *(EXCLUDE_FILE(*crtend.o *crtend?.o) .ctors)
 .ctors         0x00f9d7a4        0x0 c:/nxp/s32ds_power_v2.1/s32ds/build_tools/powerpc-eabivle-4_9/bin/../lib/gcc/powerpc-eabivle/4.9.4/e200z4/fp/ecrti.o
 .ctors         0x00f9d7a4        0x0 c:/nxp/s32ds_power_v2.1/s32ds/build_tools/powerpc-eabivle-4_9/bin/../lib/gcc/powerpc-eabivle/4.9.4/e200z4/fp/ecrtn.o
 *(SORT(.ctors.*))
 *(.ctors)
 .ctors         0x00f9d7a4        0x4 c:/nxp/s32ds_power_v2.1/s32ds/build_tools/powerpc-eabivle-4_9/bin/../lib/gcc/powerpc-eabivle/4.9.4/e200z4/fp/crtend.o
                0x00f9d7a8                __CTOR_END__ = .

.dtors          0x00f9d7a8        0x8
                0x00f9d7a8                __DTOR_LIST__ = .
 *crtbegin.o(.dtors)
 .dtors         0x00f9d7a8        0x4 c:/nxp/s32ds_power_v2.1/s32ds/build_tools/powerpc-eabivle-4_9/bin/../lib/gcc/powerpc-eabivle/4.9.4/e200z4/fp/crtbegin.o
 *crtbegin?.o(.dtors)
 *(EXCLUDE_FILE(*crtend.o *crtend?.o) .dtors)
 .dtors         0x00f9d7ac        0x0 c:/nxp/s32ds_power_v2.1/s32ds/build_tools/powerpc-eabivle-4_9/bin/../lib/gcc/powerpc-eabivle/4.9.4/e200z4/fp/ecrti.o
 .dtors         0x00f9d7ac        0x0 c:/nxp/s32ds_power_v2.1/s32ds/build_tools/powerpc-eabivle-4_9/bin/../lib/gcc/powerpc-eabivle/4.9.4/e200z4/fp/ecrtn.o
 *(SORT(.dtors.*))
 *(.dtors)
 .dtors         0x00f9d7ac        0x4 c:/nxp/s32ds_power_v2.1/s32ds/build_tools/powerpc-eabivle-4_9/bin/../lib/gcc/powerpc-eabivle/4.9.4/e200z4/fp/crtend.o
                0x00f9d7b0                __DTOR_END__ = .

.preinit_array  0x00f9d7b0        0x0
                [!provide]                PROVIDE (__preinit_array_start, .)
 *(.preinit_array*)
                [!provide]                PROVIDE (__preinit_array_end, .)

.init_array     0x00f9d7b0        0x0
                [!provide]                PROVIDE (__init_array_start, .)
 *(SORT(.init_array.*))
 *(.init_array*)
                [!provide]                PROVIDE (__init_array_end, .)

.fini_array     0x00f9d7b0        0x0
                [!provide]                PROVIDE (__fini_array_start, .)
 *(SORT(.fini_array.*))
 *(.fini_array*)
                [!provide]                PROVIDE (__fini_array_end, .)

.rodata         0x00f9d7b0     0x1484
 *(.rodata)
 .rodata        0x00f9d7b0       0x18 c:/nxp/s32ds_power_v2.1/s32ds/build_tools/powerpc-eabivle-4_9/bin/../lib/gcc/powerpc-eabivle/4.9.4/e200z4/fp\libgcc.a(_thenan_df.o)
                0x00f9d7b0                __thenan_df
 *(.rodata.*)
 .rodata.Fls_MainFunction
                0x00f9d7c8       0x10 ./src/Fls_TS_T2D35M10I1R0/src/Fls.o
 .rodata.Fls_Flash_ErasedValue
                0x00f9d7d8        0x4 ./src/Fls_TS_T2D35M10I1R0/src/Fls_Flash.o
 .rodata.Mcu_MC_ME_BlindEnabledClockUpdate
                0x00f9d7dc       0x80 ./src/Mcu_TS_T2D35M10I1R0/src/Mcu_MC_ME.o
 .rodata.Mcu_MC_ME_EnabledClkUpdate
                0x00f9d85c       0x80 ./src/Mcu_TS_T2D35M10I1R0/src/Mcu_MC_ME.o
 .rodata.Mcu_MC_ME_SystemClkUpdate
                0x00f9d8dc       0x80 ./src/Mcu_TS_T2D35M10I1R0/src/Mcu_MC_ME.o
 .rodata.FlsConfigSet_aFlsSectorFlags
                0x00f9d95c       0x11 ./src/output/generated/src/Fls_PBcfg.o
 *fill*         0x00f9d96d        0x3 
 .rodata.FlsConfigSet_aFlsSectorUnlock
                0x00f9d970       0x11 ./src/output/generated/src/Fls_PBcfg.o
 *fill*         0x00f9d981        0x3 
 .rodata.FlsConfigSet_aFlsSectorEndAddr
                0x00f9d984       0x44 ./src/output/generated/src/Fls_PBcfg.o
 .rodata.FlsConfigSet_aFlsProgSize
                0x00f9d9c8       0x44 ./src/output/generated/src/Fls_PBcfg.o
 .rodata.FlsConfigSet_aFlsSectorPageSize
                0x00f9da0c       0x44 ./src/output/generated/src/Fls_PBcfg.o
 .rodata.Fls_Flags_Sector_FlsConfigSet_sInternalSectorInfo
                0x00f9da50       0x1c ./src/output/generated/src/Fls_PBcfg.o
 .rodata.Fls_Flashbank_A_0_FlsConfigSet_sInternalSectorInfo
                0x00f9da6c       0x1c ./src/output/generated/src/Fls_PBcfg.o
 .rodata.Fls_Flashbank_A_1_FlsConfigSet_sInternalSectorInfo
                0x00f9da88       0x1c ./src/output/generated/src/Fls_PBcfg.o
 .rodata.Fls_Flashbank_A_2_FlsConfigSet_sInternalSectorInfo
                0x00f9daa4       0x1c ./src/output/generated/src/Fls_PBcfg.o
 .rodata.Fls_Flashbank_A_3_FlsConfigSet_sInternalSectorInfo
                0x00f9dac0       0x1c ./src/output/generated/src/Fls_PBcfg.o
 .rodata.Fls_Flashbank_A_4_FlsConfigSet_sInternalSectorInfo
                0x00f9dadc       0x1c ./src/output/generated/src/Fls_PBcfg.o
 .rodata.Fls_Flashbank_A_5_FlsConfigSet_sInternalSectorInfo
                0x00f9daf8       0x1c ./src/output/generated/src/Fls_PBcfg.o
 .rodata.Fls_Flashbank_A_6_FlsConfigSet_sInternalSectorInfo
                0x00f9db14       0x1c ./src/output/generated/src/Fls_PBcfg.o
 .rodata.Fls_Flashbank_A_7_FlsConfigSet_sInternalSectorInfo
                0x00f9db30       0x1c ./src/output/generated/src/Fls_PBcfg.o
 .rodata.Fls_Flashbank_B_0_FlsConfigSet_sInternalSectorInfo
                0x00f9db4c       0x1c ./src/output/generated/src/Fls_PBcfg.o
 .rodata.Fls_Flashbank_B_1_FlsConfigSet_sInternalSectorInfo
                0x00f9db68       0x1c ./src/output/generated/src/Fls_PBcfg.o
 .rodata.Fls_Flashbank_B_2_FlsConfigSet_sInternalSectorInfo
                0x00f9db84       0x1c ./src/output/generated/src/Fls_PBcfg.o
 .rodata.Fls_Flashbank_B_3_FlsConfigSet_sInternalSectorInfo
                0x00f9dba0       0x1c ./src/output/generated/src/Fls_PBcfg.o
 .rodata.Fls_Flashbank_B_4_FlsConfigSet_sInternalSectorInfo
                0x00f9dbbc       0x1c ./src/output/generated/src/Fls_PBcfg.o
 .rodata.Fls_Flashbank_B_5_FlsConfigSet_sInternalSectorInfo
                0x00f9dbd8       0x1c ./src/output/generated/src/Fls_PBcfg.o
 .rodata.Fls_Flashbank_B_6_FlsConfigSet_sInternalSectorInfo
                0x00f9dbf4       0x1c ./src/output/generated/src/Fls_PBcfg.o
 .rodata.Fls_Flashbank_B_7_FlsConfigSet_sInternalSectorInfo
                0x00f9dc10       0x1c ./src/output/generated/src/Fls_PBcfg.o
 .rodata.FlsConfigSet_aSectorList
                0x00f9dc2c       0x44 ./src/output/generated/src/Fls_PBcfg.o
 .rodata.FlsConfigSet_paHwCh
                0x00f9dc70       0x44 ./src/output/generated/src/Fls_PBcfg.o
 .rodata.FlsConfigSet_paSectorHwAddress
                0x00f9dcb4       0x44 ./src/output/generated/src/Fls_PBcfg.o
 .rodata.FlsConfigSet
                0x00f9dcf8       0x58 ./src/output/generated/src/Fls_PBcfg.o
                0x00f9dcf8                FlsConfigSet
 .rodata.Mcu_aModeConfigPB0
                0x00f9dd50        0xc ./src/output/generated/src/Mcu_PBcfg.o
 .rodata.MC_CGM_aPcsClockConfigPB0_0
                0x00f9dd5c       0x30 ./src/output/generated/src/Mcu_PBcfg.o
 .rodata.MC_CGM_aSystemClockConfigPB0_0
                0x00f9dd8c       0x20 ./src/output/generated/src/Mcu_PBcfg.o
 .rodata.MC_CGM_aAuxClockConfigPB0_0
                0x00f9ddac       0x58 ./src/output/generated/src/Mcu_PBcfg.o
 .rodata.MC_CGM_ClockConfigPB0_0
                0x00f9de04       0x24 ./src/output/generated/src/Mcu_PBcfg.o
 .rodata.Mcu_FIRC_ClockConfigPB0_0
                0x00f9de28        0x4 ./src/output/generated/src/Mcu_PBcfg.o
 .rodata.Mcu_PLLDIG_aRegistersConfigPB0_0
                0x00f9de2c       0x30 ./src/output/generated/src/Mcu_PBcfg.o
 .rodata.Mcu_PLLDIG_ClockConfigPB0_0
                0x00f9de5c        0x8 ./src/output/generated/src/Mcu_PBcfg.o
 .rodata.Mcu_CMU_ConfigPB0_0
                0x00f9de64        0xc ./src/output/generated/src/Mcu_PBcfg.o
 .rodata.SRAMC_ClockConfigPB0_0
                0x00f9de70        0xc ./src/output/generated/src/Mcu_PBcfg.o
 .rodata.Mcu_aClockConfigPB0
                0x00f9de7c       0x30 ./src/output/generated/src/Mcu_PBcfg.o
 .rodata.MC_RGM_ConfigPB0
                0x00f9deac       0x24 ./src/output/generated/src/Mcu_PBcfg.o
 .rodata.MC_ME_aCaddrConfigPB0
                0x00f9ded0       0x24 ./src/output/generated/src/Mcu_PBcfg.o
 .rodata.MC_ME_aCctlConfigPB0
                0x00f9def4       0x18 ./src/output/generated/src/Mcu_PBcfg.o
 .rodata.MC_ME_aPCTLConfigPB0
                0x00f9df0c      0x210 ./src/output/generated/src/Mcu_PBcfg.o
 .rodata.MC_ME_ConfigPB0
                0x00f9e11c       0x60 ./src/output/generated/src/Mcu_PBcfg.o
 .rodata.Mcu_HwIPsConfigPB0
                0x00f9e17c        0x8 ./src/output/generated/src/Mcu_PBcfg.o
 .rodata.McuModuleConfiguration
                0x00f9e184       0x18 ./src/output/generated/src/Mcu_PBcfg.o
                0x00f9e184                McuModuleConfiguration
 .rodata.Port_au16NoUnUsedPadsArrayDefault
                0x00f9e19c      0x208 ./src/output/generated/src/Port_PBcfg.o
 .rodata.Port_UnUsedPin
                0x00f9e3a4        0x8 ./src/output/generated/src/Port_PBcfg.o
 .rodata.Port_aPinConfigDefault
                0x00f9e3ac       0x80 ./src/output/generated/src/Port_PBcfg.o
 .rodata.Port_aPadSelConfigDefault
                0x00f9e42c      0x7f4 ./src/output/generated/src/Port_PBcfg.o
 .rodata.PortConfigSet
                0x00f9ec20       0x14 ./src/output/generated/src/Port_PBcfg.o
                0x00f9ec20                PortConfigSet
 *(.got1)

.eh_frame_hdr   0x00f9ec34       0x14
 *(.eh_frame_hdr)
 .eh_frame_hdr  0x00f9ec34       0x14 c:/nxp/s32ds_power_v2.1/s32ds/build_tools/powerpc-eabivle-4_9/bin/../lib/gcc/powerpc-eabivle/4.9.4/e200z4/fp\libgcc.a(e200crtresxgpr.o)
                0x00f9ec34                __GNU_EH_FRAME_HDR

.eh_frame       0x00f9ec48       0x84
 *(.eh_frame)
 .eh_frame      0x00f9ec48        0x0 c:/nxp/s32ds_power_v2.1/s32ds/build_tools/powerpc-eabivle-4_9/bin/../lib/gcc/powerpc-eabivle/4.9.4/e200z4/fp/ecrti.o
                0x00f9ec48                __EH_FRAME_BEGIN__
 .eh_frame      0x00f9ec48        0x0 c:/nxp/s32ds_power_v2.1/s32ds/build_tools/powerpc-eabivle-4_9/bin/../lib/gcc/powerpc-eabivle/4.9.4/e200z4/fp/crtbegin.o
 .eh_frame      0x00f9ec48        0x0 c:/nxp/s32ds_power_v2.1/s32ds/build_tools/powerpc-eabivle-4_9/bin/../lib/gcc/powerpc-eabivle/4.9.4/e200z4/fp/crtbegin.o
 .eh_frame      0x00f9ec48       0x7c c:/nxp/s32ds_power_v2.1/s32ds/build_tools/powerpc-eabivle-4_9/bin/../lib/gcc/powerpc-eabivle/4.9.4/e200z4/fp\libgcc.a(e200crtresxgpr.o)
 .eh_frame      0x00f9ecc4        0x4 c:/nxp/s32ds_power_v2.1/s32ds/build_tools/powerpc-eabivle-4_9/bin/../lib/gcc/powerpc-eabivle/4.9.4/e200z4/fp/crtend.o
 .eh_frame      0x00f9ecc8        0x4 c:/nxp/s32ds_power_v2.1/s32ds/build_tools/powerpc-eabivle-4_9/bin/../lib/gcc/powerpc-eabivle/4.9.4/e200z4/fp/ecrtn.o
                0x00f9ecc8                __EH_FRAME_END__

.data           0x40000000       0x24 load address 0x00f9eccc
 *(.data)
 .data          0x40000000        0x4 c:/nxp/s32ds_power_v2.1/s32ds/build_tools/powerpc-eabivle-4_9/bin/../lib/gcc/powerpc-eabivle/4.9.4/e200z4/fp\libgcc.a(eabivle.o)
 *(.data.*)
 .data.Mcu_eStatus
                0x40000004        0x4 ./src/Mcu_TS_T2D35M10I1R0/src/Mcu.o
 *(.got.plt)
 *(.got)
 *(.got2)
 .got2          0x40000008       0x1c c:/nxp/s32ds_power_v2.1/s32ds/build_tools/powerpc-eabivle-4_9/bin/../lib/gcc/powerpc-eabivle/4.9.4/e200z4/fp\libgcc.a(eabivle.o)
 *(.dynamic)
 *(.fixup)
                0x40000024                . = ALIGN (0x4)

.jcr            0x40000024        0x0 load address 0x00f9ecf0
 .jcr           0x40000024        0x0 c:/nxp/s32ds_power_v2.1/s32ds/build_tools/powerpc-eabivle-4_9/bin/../lib/gcc/powerpc-eabivle/4.9.4/e200z4/fp/crtbegin.o

.tm_clone_table
                0x40000024        0x0 load address 0x00f9ecf0
 .tm_clone_table
                0x40000024        0x0 c:/nxp/s32ds_power_v2.1/s32ds/build_tools/powerpc-eabivle-4_9/bin/../lib/gcc/powerpc-eabivle/4.9.4/e200z4/fp/crtbegin.o
 .tm_clone_table
                0x40000024        0x0 c:/nxp/s32ds_power_v2.1/s32ds/build_tools/powerpc-eabivle-4_9/bin/../lib/gcc/powerpc-eabivle/4.9.4/e200z4/fp/crtend.o

.sdata2         0x40000024        0x0 load address 0x00f9ecf0
 *(.sdata2)
 .sdata2        0x40000024        0x0 c:/nxp/s32ds_power_v2.1/s32ds/build_tools/powerpc-eabivle-4_9/bin/../lib/gcc/powerpc-eabivle/4.9.4/e200z4/fp/ecrti.o
 .sdata2        0x40000024        0x0 c:/nxp/s32ds_power_v2.1/s32ds/build_tools/powerpc-eabivle-4_9/bin/../lib/gcc/powerpc-eabivle/4.9.4/e200z4/fp/crtbegin.o
 *(.sdata2.*)

.sbss2          0x40000024        0x0 load address 0x00f9ecf0
 *(.sbss2)
 .sbss2         0x40000024        0x0 c:/nxp/s32ds_power_v2.1/s32ds/build_tools/powerpc-eabivle-4_9/bin/../lib/gcc/powerpc-eabivle/4.9.4/e200z4/fp/ecrtn.o
 *(.sbss2.*)

.rela.dyn       0x40000024        0x0 load address 0x00f9ecf0
 .rela.iplt     0x40000024        0x0 c:/nxp/s32ds_power_v2.1/s32ds/build_tools/powerpc-eabivle-4_9/bin/../lib/gcc/powerpc-eabivle/4.9.4/e200z4/fp/crtbegin.o
 .rela.text     0x40000024        0x0 c:/nxp/s32ds_power_v2.1/s32ds/build_tools/powerpc-eabivle-4_9/bin/../lib/gcc/powerpc-eabivle/4.9.4/e200z4/fp/crtbegin.o
 .rela.text.Det_ReportError
                0x40000024        0x0 c:/nxp/s32ds_power_v2.1/s32ds/build_tools/powerpc-eabivle-4_9/bin/../lib/gcc/powerpc-eabivle/4.9.4/e200z4/fp/crtbegin.o
 .rela.text.Det_ReportRuntimeError
                0x40000024        0x0 c:/nxp/s32ds_power_v2.1/s32ds/build_tools/powerpc-eabivle-4_9/bin/../lib/gcc/powerpc-eabivle/4.9.4/e200z4/fp/crtbegin.o
 .rela.text.Det_ReportTransientFault
                0x40000024        0x0 c:/nxp/s32ds_power_v2.1/s32ds/build_tools/powerpc-eabivle-4_9/bin/../lib/gcc/powerpc-eabivle/4.9.4/e200z4/fp/crtbegin.o
 .rela.text.Fls_Flash_Init
                0x40000024        0x0 c:/nxp/s32ds_power_v2.1/s32ds/build_tools/powerpc-eabivle-4_9/bin/../lib/gcc/powerpc-eabivle/4.9.4/e200z4/fp/crtbegin.o
 .rela.text.Fls_Flash_AbortSuspended
                0x40000024        0x0 c:/nxp/s32ds_power_v2.1/s32ds/build_tools/powerpc-eabivle-4_9/bin/../lib/gcc/powerpc-eabivle/4.9.4/e200z4/fp/crtbegin.o
 .rela.text.InitINTC
                0x40000024        0x0 c:/nxp/s32ds_power_v2.1/s32ds/build_tools/powerpc-eabivle-4_9/bin/../lib/gcc/powerpc-eabivle/4.9.4/e200z4/fp/crtbegin.o
 .rela.text.xcptn_xmpl
                0x40000024        0x0 c:/nxp/s32ds_power_v2.1/s32ds/build_tools/powerpc-eabivle-4_9/bin/../lib/gcc/powerpc-eabivle/4.9.4/e200z4/fp/crtbegin.o
 .rela.text.main
                0x40000024        0x0 c:/nxp/s32ds_power_v2.1/s32ds/build_tools/powerpc-eabivle-4_9/bin/../lib/gcc/powerpc-eabivle/4.9.4/e200z4/fp/crtbegin.o
 .rela.text.Port_Ipw_GetIndexForInoutEntry
                0x40000024        0x0 c:/nxp/s32ds_power_v2.1/s32ds/build_tools/powerpc-eabivle-4_9/bin/../lib/gcc/powerpc-eabivle/4.9.4/e200z4/fp/crtbegin.o
 .rela.text.Port_Ipw_SetPinMode
                0x40000024        0x0 c:/nxp/s32ds_power_v2.1/s32ds/build_tools/powerpc-eabivle-4_9/bin/../lib/gcc/powerpc-eabivle/4.9.4/e200z4/fp/crtbegin.o
 .rela.got2     0x40000024        0x0 c:/nxp/s32ds_power_v2.1/s32ds/build_tools/powerpc-eabivle-4_9/bin/../lib/gcc/powerpc-eabivle/4.9.4/e200z4/fp/crtbegin.o

.sdata          0x40000024        0xc load address 0x00f9ecf0
 *(.sdata)
 .sdata         0x40000024        0x0 c:/nxp/s32ds_power_v2.1/s32ds/build_tools/powerpc-eabivle-4_9/bin/../lib/gcc/powerpc-eabivle/4.9.4/e200z4/fp/ecrti.o
                0x40000024                __SDATA_START__
 .sdata         0x40000024        0x0 c:/nxp/s32ds_power_v2.1/s32ds/build_tools/powerpc-eabivle-4_9/bin/../lib/gcc/powerpc-eabivle/4.9.4/e200z4/fp/crtbegin.o
                0x40008024                _SDA_BASE_
 *(.sdata.*)
 .sdata.Fls_Flash_aArrayList0
                0x40000024        0x2 ./src/Fls_TS_T2D35M10I1R0/src/Fls_Flash_Const.o
                0x40000024                Fls_Flash_aArrayList0
 *fill*         0x40000026        0x2 
 .sdata.Mcu_CMU_au32BaseAddr
                0x40000028        0x8 ./src/Mcu_TS_T2D35M10I1R0/src/Mcu_CMU.o
                0x40000028                Mcu_CMU_au32BaseAddr

.bss            0x40000030      0x308 load address 0x00f9ecfc
                0x40000030                __BSS_START = .
 *(.sbss)
 .sbss          0x40000030        0x0 c:/nxp/s32ds_power_v2.1/s32ds/build_tools/powerpc-eabivle-4_9/bin/../lib/gcc/powerpc-eabivle/4.9.4/e200z4/fp/crtbegin.o
 .sbss          0x40000030       0x10 ./src/Det_TS_T2D35M10I1R0/src/Det.o
                0x40000030                Det_ErrorId
                0x40000031                Det_RuntimeErrorId
                0x40000032                Det_RuntimeModuleId
                0x40000034                Det_TransientFaultId
                0x40000035                Det_InstanceId
                0x40000036                Det_TransientApiId
                0x40000037                Det_ApiId
                0x40000038                Det_TransientModuleId
                0x4000003a                Det_RuntimeApiId
                0x4000003c                Det_ModuleId
                0x4000003e                Det_TransientInstanceId
                0x4000003f                Det_RuntimeInstanceId
 .sbss          0x40000040        0xc ./src/main.o
                0x40000040                ptr_to_bootloader
                0x40000044                ptr_to_flashbank_A
                0x40000048                ptr_to_flashbank_B
 .sbss          0x4000004c        0x0 c:/nxp/s32ds_power_v2.1/s32ds/build_tools/powerpc-eabivle-4_9/bin/../lib/gcc/powerpc-eabivle/4.9.4/e200z4/fp/ecrtn.o
                0x4000004c                __SBSS_END__
 *(.sbss.*)
 .sbss.Fls_u32JobAddrIt
                0x4000004c        0x4 ./src/Fls_TS_T2D35M10I1R0/src/Fls.o
                0x4000004c                Fls_u32JobAddrIt
 .sbss.Fls_u32JobSectorIt
                0x40000050        0x4 ./src/Fls_TS_T2D35M10I1R0/src/Fls.o
                0x40000050                Fls_u32JobSectorIt
 .sbss.Fls_eJob
                0x40000054        0x4 ./src/Fls_TS_T2D35M10I1R0/src/Fls.o
                0x40000054                Fls_eJob
 .sbss.Fls_u32JobSectorEnd
                0x40000058        0x4 ./src/Fls_TS_T2D35M10I1R0/src/Fls.o
                0x40000058                Fls_u32JobSectorEnd
 .sbss.Fls_eLLDJobResult
                0x4000005c        0x4 ./src/Fls_TS_T2D35M10I1R0/src/Fls.o
                0x4000005c                Fls_eLLDJobResult
 .sbss.Fls_eLLDJob
                0x40000060        0x4 ./src/Fls_TS_T2D35M10I1R0/src/Fls.o
                0x40000060                Fls_eLLDJob
 .sbss.Fls_eLLDIrqJob
                0x40000064        0x4 ./src/Fls_TS_T2D35M10I1R0/src/Fls.o
                0x40000064                Fls_eLLDIrqJob
 .sbss.Fls_pConfigPtr
                0x40000068        0x4 ./src/Fls_TS_T2D35M10I1R0/src/Fls.o
                0x40000068                Fls_pConfigPtr
 .sbss.Fls_u32LLDRemainingDataToWrite
                0x4000006c        0x4 ./src/Fls_TS_T2D35M10I1R0/src/Fls.o
                0x4000006c                Fls_u32LLDRemainingDataToWrite
 .sbss.Fls_u32LLDNumberOfStepBack
                0x40000070        0x4 ./src/Fls_TS_T2D35M10I1R0/src/Fls.o
                0x40000070                Fls_u32LLDNumberOfStepBack
 .sbss.Mcu_pConfigPtr
                0x40000074        0x4 ./src/Mcu_TS_T2D35M10I1R0/src/Mcu.o
                0x40000074                Mcu_pConfigPtr
 .sbss.Port_pConfig
                0x40000078        0x4 ./src/Port_TS_T2D35M10I1R0/src/Port.o
                0x40000078                Port_pConfig
 *(.bss)
 .bss           0x4000007c       0x20 c:/nxp/s32ds_power_v2.1/s32ds/build_tools/powerpc-eabivle-4_9/bin/../lib/gcc/powerpc-eabivle/4.9.4/e200z4/fp/crtbegin.o
 *(.bss.*)
 .bss.Fls_u32MaxRead
                0x4000009c        0x4 ./src/Fls_TS_T2D35M10I1R0/src/Fls.o
 .bss.Fls_u32MaxWrite
                0x400000a0        0x4 ./src/Fls_TS_T2D35M10I1R0/src/Fls.o
 .bss.Fls_u32JobAddrEnd
                0x400000a4        0x4 ./src/Fls_TS_T2D35M10I1R0/src/Fls.o
 .bss.Fls_eJobResult
                0x400000a8        0x4 ./src/Fls_TS_T2D35M10I1R0/src/Fls.o
 .bss.Fls_pJobDataSrcPtr
                0x400000ac        0x4 ./src/Fls_TS_T2D35M10I1R0/src/Fls.o
 .bss.Fls_pJobDataDestPtr
                0x400000b0        0x4 ./src/Fls_TS_T2D35M10I1R0/src/Fls.o
 .bss.Fls_u8JobStart
                0x400000b4        0x1 ./src/Fls_TS_T2D35M10I1R0/src/Fls.o
 *fill*         0x400000b5        0x3 
 .bss.Fls_u32AccCRCremainder
                0x400000b8        0x4 ./src/Fls_TS_T2D35M10I1R0/src/Fls.o
 .bss.Fls_Flash_pReadAddressPtr
                0x400000bc        0x4 ./src/Fls_TS_T2D35M10I1R0/src/Fls_Flash.o
 .bss.Fls_Flash_pCompareAddressPtr
                0x400000c0        0x4 ./src/Fls_TS_T2D35M10I1R0/src/Fls_Flash.o
 .bss.Fls_Flash_u32ProgramCycle
                0x400000c4        0x4 ./src/Fls_TS_T2D35M10I1R0/src/Fls_Flash.o
 .bss.Fls_Flash_u32DoubleWordToCopy
                0x400000c8        0x4 ./src/Fls_TS_T2D35M10I1R0/src/Fls_Flash.o
 .bss.Fls_Flash_u32DoubleWordCounter
                0x400000cc        0x4 ./src/Fls_TS_T2D35M10I1R0/src/Fls_Flash.o
 .bss.Fls_Flash_u8ReadAddress8
                0x400000d0        0x1 ./src/Fls_TS_T2D35M10I1R0/src/Fls_Flash.o
 *fill*         0x400000d1        0x3 
 .bss.Fls_Flash_u32ReadAddress32
                0x400000d4        0x4 ./src/Fls_TS_T2D35M10I1R0/src/Fls_Flash.o
 .bss.Fls_Flash_pTargetAddressPtr
                0x400000d8        0x4 ./src/Fls_TS_T2D35M10I1R0/src/Fls_Flash.o
 .bss.Fls_Flash_pSourceAddressPtr
                0x400000dc        0x4 ./src/Fls_TS_T2D35M10I1R0/src/Fls_Flash.o
 .bss.Fls_Flash_pEndAddressPtr
                0x400000e0        0x4 ./src/Fls_TS_T2D35M10I1R0/src/Fls_Flash.o
 .bss.crc_tabccitt_init
                0x400000e4        0x1 ./src/crc.o
 *fill*         0x400000e5        0x1 
 .bss.crc_tabccitt
                0x400000e6      0x200 ./src/crc.o
 *fill*         0x400002e6        0x2 
 .bss.Mcu_au8ClockConfigIds
                0x400002e8        0x1 ./src/Mcu_TS_T2D35M10I1R0/src/Mcu.o
 *fill*         0x400002e9        0x3 
 .bss.Mcu_au8ModeConfigIds
                0x400002ec        0x1 ./src/Mcu_TS_T2D35M10I1R0/src/Mcu.o
 *fill*         0x400002ed        0x3 
 .bss.Mcu_pClockConfig
                0x400002f0        0x4 ./src/Mcu_TS_T2D35M10I1R0/src/Mcu_IPW.o
 .bss.Port_Siul2_au16GPIODirChangeability
                0x400002f4       0x22 ./src/Port_TS_T2D35M10I1R0/src/Port_Siul2.o
 *fill*         0x40000316        0x2 
 .bss.msr_01    0x40000318        0x4 ./src/Rte_TS_T2D35M10I1R0/src/SchM_Dio.o
 .bss.reentry_guard_01
                0x4000031c        0x4 ./src/Rte_TS_T2D35M10I1R0/src/SchM_Dio.o
 .bss.msr_10    0x40000320        0x4 ./src/Rte_TS_T2D35M10I1R0/src/SchM_Fls.o
 .bss.msr_11    0x40000324        0x4 ./src/Rte_TS_T2D35M10I1R0/src/SchM_Fls.o
 .bss.msr_12    0x40000328        0x4 ./src/Rte_TS_T2D35M10I1R0/src/SchM_Fls.o
 .bss.reentry_guard_10
                0x4000032c        0x4 ./src/Rte_TS_T2D35M10I1R0/src/SchM_Fls.o
 .bss.reentry_guard_11
                0x40000330        0x4 ./src/Rte_TS_T2D35M10I1R0/src/SchM_Fls.o
 .bss.reentry_guard_12
                0x40000334        0x4 ./src/Rte_TS_T2D35M10I1R0/src/SchM_Fls.o
 *(COMMON)
                0x40000338                __BSS_END = .

.iplt           0x40000340        0x0 load address 0x00f9ecfc
 .iplt          0x40000340        0x0 c:/nxp/s32ds_power_v2.1/s32ds/build_tools/powerpc-eabivle-4_9/bin/../lib/gcc/powerpc-eabivle/4.9.4/e200z4/fp/crtbegin.o

.stack          0x40000340     0x1004 load address 0x00f9ed00
                0x40000340                __HEAP = .
                [!provide]                PROVIDE (_end, .)
                [!provide]                PROVIDE (end, .)
                0x40000340                . = (. + __HEAP_SIZE)
                0x40000340                __HEAP_END = .
                0x40000340                _stack_end = .
                0x40001340                . = (. + __STACK_SIZE)
 *fill*         0x40000340     0x1000 
                0x40001340                _stack_addr = .
                0x40001340                __SP_INIT = .
                0x40001344                . = (. + 0x4)
 *fill*         0x40001340        0x4 
                0x40000000                __DATA_SRAM_ADDR = ADDR (.data)
                0x40000024                __SDATA_SRAM_ADDR = ADDR (.sdata)
                0x00000024                __DATA_SIZE = SIZEOF (.data)
                0x0000000c                __SDATA_SIZE = SIZEOF (.sdata)
                0x00f9eccc                __DATA_ROM_ADDR = LOADADDR (.data)
                0x00f9ecf0                __SDATA_ROM_ADDR = LOADADDR (.sdata)
                0x00040000                __SRAM_SIZE = SRAM_SIZE
                0x40000000                __SRAM_BASE_ADDR = SRAM_BASE_ADDR
                0x00000308                __BSS_SIZE = (__BSS_END - __BSS_START)
OUTPUT(BootManager_Z4_0.elf elf32-powerpc)

.comment        0x00000000       0x9c
 .comment       0x00000000        0xd c:/nxp/s32ds_power_v2.1/s32ds/build_tools/powerpc-eabivle-4_9/bin/../lib/gcc/powerpc-eabivle/4.9.4/e200z4/fp/ecrti.o
                                  0xe (size before relaxing)
 .comment       0x0000000d       0x82 c:/nxp/s32ds_power_v2.1/s32ds/build_tools/powerpc-eabivle-4_9/bin/../lib/gcc/powerpc-eabivle/4.9.4/e200z4/fp/crtbegin.o
                                 0x83 (size before relaxing)
 .comment       0x0000008f       0x83 ./src/Det_TS_T2D35M10I1R0/src/Det.o
 .comment       0x0000008f       0x83 ./src/Dio_TS_T2D35M10I1R0/src/Dio.o
 .comment       0x0000008f       0x83 ./src/Dio_TS_T2D35M10I1R0/src/Dio_Siul2.o
 .comment       0x0000008f       0x83 ./src/Fls_TS_T2D35M10I1R0/src/Fls.o
 .comment       0x0000008f       0x83 ./src/Fls_TS_T2D35M10I1R0/src/Fls_Ac.o
 .comment       0x0000008f       0x83 ./src/Fls_TS_T2D35M10I1R0/src/Fls_Flash.o
 .comment       0x0000008f       0x83 ./src/Fls_TS_T2D35M10I1R0/src/Fls_Flash_Const.o
 .comment       0x0000008f       0x83 ./src/Fls_TS_T2D35M10I1R0/src/Fls_IPW.o
 .comment       0x0000008f       0x83 ./src/MPC57xx__Interrupt_Init.o
 .comment       0x0000008f       0x83 ./src/Vector.o
 .comment       0x0000008f       0x83 ./src/crc.o
 .comment       0x0000008f       0x83 ./src/flags.o
 .comment       0x0000008f       0x83 ./src/flashrchw.o
 .comment       0x0000008f       0x83 ./src/intc_SW_mode_isr_vectors_MPC5748G.o
 .comment       0x0000008f       0x83 ./src/main.o
 .comment       0x0000008f       0x83 ./src/Mcu_TS_T2D35M10I1R0/src/Mcu.o
 .comment       0x0000008f       0x83 ./src/Mcu_TS_T2D35M10I1R0/src/Mcu_CMU.o
 .comment       0x0000008f       0x83 ./src/Mcu_TS_T2D35M10I1R0/src/Mcu_CMU_Irq.o
 .comment       0x0000008f       0x83 ./src/Mcu_TS_T2D35M10I1R0/src/Mcu_FIRC.o
 .comment       0x0000008f       0x83 ./src/Mcu_TS_T2D35M10I1R0/src/Mcu_FXOSC.o
 .comment       0x0000008f       0x83 ./src/Mcu_TS_T2D35M10I1R0/src/Mcu_FXOSC_Irq.o
 .comment       0x0000008f       0x83 ./src/Mcu_TS_T2D35M10I1R0/src/Mcu_IPW.o
 .comment       0x0000008f       0x83 ./src/Mcu_TS_T2D35M10I1R0/src/Mcu_MC_CGM.o
 .comment       0x0000008f       0x83 ./src/Mcu_TS_T2D35M10I1R0/src/Mcu_MC_Irq.o
 .comment       0x0000008f       0x83 ./src/Mcu_TS_T2D35M10I1R0/src/Mcu_MC_ME.o
 .comment       0x0000008f       0x83 ./src/Mcu_TS_T2D35M10I1R0/src/Mcu_MC_RGM.o
 .comment       0x0000008f       0x83 ./src/Mcu_TS_T2D35M10I1R0/src/Mcu_PLLDIG.o
 .comment       0x0000008f       0x83 ./src/Mcu_TS_T2D35M10I1R0/src/Mcu_PLLDIG_Irq.o
 .comment       0x0000008f       0x83 ./src/Mcu_TS_T2D35M10I1R0/src/Mcu_PRAM.o
 .comment       0x0000008f       0x83 ./src/Mcu_TS_T2D35M10I1R0/src/Mcu_SSCM.o
 .comment       0x0000008f       0x83 ./src/Mcu_TS_T2D35M10I1R0/src/Mcu_SXOSC.o
 .comment       0x0000008f       0x83 ./src/Mcu_TS_T2D35M10I1R0/src/Mcu_SXOSC_Irq.o
 .comment       0x0000008f       0x83 ./src/Port_TS_T2D35M10I1R0/src/Port.o
 .comment       0x0000008f       0x83 ./src/Port_TS_T2D35M10I1R0/src/Port_Ipw.o
 .comment       0x0000008f       0x83 ./src/Port_TS_T2D35M10I1R0/src/Port_Siul2.o
 .comment       0x0000008f       0x83 ./src/Rte_TS_T2D35M10I1R0/src/SchM_Adc.o
 .comment       0x0000008f       0x83 ./src/Rte_TS_T2D35M10I1R0/src/SchM_Can.o
 .comment       0x0000008f       0x83 ./src/Rte_TS_T2D35M10I1R0/src/SchM_Crcu.o
 .comment       0x0000008f       0x83 ./src/Rte_TS_T2D35M10I1R0/src/SchM_Crypto.o
 .comment       0x0000008f       0x83 ./src/Rte_TS_T2D35M10I1R0/src/SchM_Dio.o
 .comment       0x0000008f       0x83 ./src/Rte_TS_T2D35M10I1R0/src/SchM_Eep.o
 .comment       0x0000008f       0x83 ./src/Rte_TS_T2D35M10I1R0/src/SchM_Eth.o
 .comment       0x0000008f       0x83 ./src/Rte_TS_T2D35M10I1R0/src/SchM_Fee.o
 .comment       0x0000008f       0x83 ./src/Rte_TS_T2D35M10I1R0/src/SchM_Fls.o
 .comment       0x0000008f       0x83 ./src/Rte_TS_T2D35M10I1R0/src/SchM_Fr.o
 .comment       0x0000008f       0x83 ./src/Rte_TS_T2D35M10I1R0/src/SchM_Gpt.o
 .comment       0x0000008f       0x83 ./src/Rte_TS_T2D35M10I1R0/src/SchM_I2c.o
 .comment       0x0000008f       0x83 ./src/Rte_TS_T2D35M10I1R0/src/SchM_Icu.o
 .comment       0x0000008f       0x83 ./src/Rte_TS_T2D35M10I1R0/src/SchM_Lin.o
 .comment       0x0000008f       0x83 ./src/Rte_TS_T2D35M10I1R0/src/SchM_Mcem.o
 .comment       0x0000008f       0x83 ./src/Rte_TS_T2D35M10I1R0/src/SchM_Mcl.o
 .comment       0x0000008f       0x83 ./src/Rte_TS_T2D35M10I1R0/src/SchM_Mcu.o
 .comment       0x0000008f       0x83 ./src/Rte_TS_T2D35M10I1R0/src/SchM_Ocu.o
 .comment       0x0000008f       0x83 ./src/Rte_TS_T2D35M10I1R0/src/SchM_Port.o
 .comment       0x0000008f       0x83 ./src/Rte_TS_T2D35M10I1R0/src/SchM_Pwm.o
 .comment       0x0000008f       0x83 ./src/Rte_TS_T2D35M10I1R0/src/SchM_RamTst.o
 .comment       0x0000008f       0x83 ./src/Rte_TS_T2D35M10I1R0/src/SchM_Spi.o
 .comment       0x0000008f       0x83 ./src/Rte_TS_T2D35M10I1R0/src/SchM_Wdg.o
 .comment       0x0000008f       0x83 ./src/output/generated/src/Fls_PBcfg.o
 .comment       0x0000008f       0x83 ./src/output/generated/src/Mcu_PBcfg.o
 .comment       0x0000008f       0x83 ./src/output/generated/src/Port_PBcfg.o
 .comment       0x0000008f       0x83 C:/NXP/S32DS_Power_v2.1/S32DS/build_tools/e200_ewl2/lib/e200z4/fp\libc99.a(memset.o)
 .comment       0x0000008f       0x83 C:/NXP/S32DS_Power_v2.1/S32DS/build_tools/e200_ewl2/lib/e200z4/fp\libc99.a(__filll_mem.o)
 .comment       0x0000008f       0x83 C:/NXP/S32DS_Power_v2.1/S32DS/build_tools/e200_ewl2/lib/e200z4/fp\libm.a(math_api.o)
 .comment       0x0000008f       0x83 C:/NXP/S32DS_Power_v2.1/S32DS/build_tools/e200_ewl2/lib/e200z4/fp\libm.a(s_ceil.o)
 .comment       0x0000008f       0x83 c:/nxp/s32ds_power_v2.1/s32ds/build_tools/powerpc-eabivle-4_9/bin/../lib/gcc/powerpc-eabivle/4.9.4/e200z4/fp/crtend.o
 .comment       0x0000008f        0xd c:/nxp/s32ds_power_v2.1/s32ds/build_tools/powerpc-eabivle-4_9/bin/../lib/gcc/powerpc-eabivle/4.9.4/e200z4/fp/ecrtn.o
                                  0xe (size before relaxing)

.PPC.EMB.apuinfo
                0x00000000       0x1c
 .PPC.EMB.apuinfo
                0x00000000       0x18 c:/nxp/s32ds_power_v2.1/s32ds/build_tools/powerpc-eabivle-4_9/bin/../lib/gcc/powerpc-eabivle/4.9.4/e200z4/fp/ecrti.o
 .PPC.EMB.apuinfo
                0x00000018       0x18 c:/nxp/s32ds_power_v2.1/s32ds/build_tools/powerpc-eabivle-4_9/bin/../lib/gcc/powerpc-eabivle/4.9.4/e200z4/fp/crtbegin.o
 .PPC.EMB.apuinfo
                0x00000030       0x18 ./Project_Settings/Startup_Code/startup.o
 .PPC.EMB.apuinfo
                0x00000048       0x18 ./src/Det_TS_T2D35M10I1R0/src/Det.o
 .PPC.EMB.apuinfo
                0x00000060       0x18 ./src/Dio_TS_T2D35M10I1R0/src/Dio.o
 .PPC.EMB.apuinfo
                0x00000078       0x18 ./src/Dio_TS_T2D35M10I1R0/src/Dio_Siul2.o
 .PPC.EMB.apuinfo
                0x00000090       0x18 ./src/Fls_TS_T2D35M10I1R0/src/Fls.o
 .PPC.EMB.apuinfo
                0x000000a8       0x18 ./src/Fls_TS_T2D35M10I1R0/src/Fls_Ac.o
 .PPC.EMB.apuinfo
                0x000000c0       0x18 ./src/Fls_TS_T2D35M10I1R0/src/Fls_Flash.o
 .PPC.EMB.apuinfo
                0x000000d8       0x18 ./src/Fls_TS_T2D35M10I1R0/src/Fls_IPW.o
 .PPC.EMB.apuinfo
                0x000000f0       0x18 ./src/MPC57xx__Interrupt_Init.o
 .PPC.EMB.apuinfo
                0x00000108       0x18 ./src/Vector.o
 .PPC.EMB.apuinfo
                0x00000120       0x18 ./src/crc.o
 .PPC.EMB.apuinfo
                0x00000138       0x18 ./src/intc_SW_mode_isr_vectors_MPC5748G.o
 .PPC.EMB.apuinfo
                0x00000150       0x18 ./src/intc_sw_handlers.o
 .PPC.EMB.apuinfo
                0x00000168       0x18 ./src/main.o
 .PPC.EMB.apuinfo
                0x00000180       0x18 ./src/Mcu_TS_T2D35M10I1R0/src/Mcu.o
 .PPC.EMB.apuinfo
                0x00000198       0x18 ./src/Mcu_TS_T2D35M10I1R0/src/Mcu_CMU.o
 .PPC.EMB.apuinfo
                0x000001b0       0x18 ./src/Mcu_TS_T2D35M10I1R0/src/Mcu_CMU_Irq.o
 .PPC.EMB.apuinfo
                0x000001c8       0x18 ./src/Mcu_TS_T2D35M10I1R0/src/Mcu_FIRC.o
 .PPC.EMB.apuinfo
                0x000001e0       0x18 ./src/Mcu_TS_T2D35M10I1R0/src/Mcu_FXOSC.o
 .PPC.EMB.apuinfo
                0x000001f8       0x18 ./src/Mcu_TS_T2D35M10I1R0/src/Mcu_FXOSC_Irq.o
 .PPC.EMB.apuinfo
                0x00000210       0x18 ./src/Mcu_TS_T2D35M10I1R0/src/Mcu_IPW.o
 .PPC.EMB.apuinfo
                0x00000228       0x18 ./src/Mcu_TS_T2D35M10I1R0/src/Mcu_MC_CGM.o
 .PPC.EMB.apuinfo
                0x00000240       0x18 ./src/Mcu_TS_T2D35M10I1R0/src/Mcu_MC_Irq.o
 .PPC.EMB.apuinfo
                0x00000258       0x18 ./src/Mcu_TS_T2D35M10I1R0/src/Mcu_MC_ME.o
 .PPC.EMB.apuinfo
                0x00000270       0x18 ./src/Mcu_TS_T2D35M10I1R0/src/Mcu_MC_RGM.o
 .PPC.EMB.apuinfo
                0x00000288       0x18 ./src/Mcu_TS_T2D35M10I1R0/src/Mcu_PLLDIG.o
 .PPC.EMB.apuinfo
                0x000002a0       0x18 ./src/Mcu_TS_T2D35M10I1R0/src/Mcu_PLLDIG_Irq.o
 .PPC.EMB.apuinfo
                0x000002b8       0x18 ./src/Mcu_TS_T2D35M10I1R0/src/Mcu_PRAM.o
 .PPC.EMB.apuinfo
                0x000002d0       0x18 ./src/Mcu_TS_T2D35M10I1R0/src/Mcu_SSCM.o
 .PPC.EMB.apuinfo
                0x000002e8       0x18 ./src/Mcu_TS_T2D35M10I1R0/src/Mcu_SXOSC.o
 .PPC.EMB.apuinfo
                0x00000300       0x18 ./src/Mcu_TS_T2D35M10I1R0/src/Mcu_SXOSC_Irq.o
 .PPC.EMB.apuinfo
                0x00000318       0x18 ./src/Port_TS_T2D35M10I1R0/src/Port.o
 .PPC.EMB.apuinfo
                0x00000330       0x18 ./src/Port_TS_T2D35M10I1R0/src/Port_Ipw.o
 .PPC.EMB.apuinfo
                0x00000348       0x18 ./src/Port_TS_T2D35M10I1R0/src/Port_Siul2.o
 .PPC.EMB.apuinfo
                0x00000360       0x18 ./src/Rte_TS_T2D35M10I1R0/src/SchM_Adc.o
 .PPC.EMB.apuinfo
                0x00000378       0x18 ./src/Rte_TS_T2D35M10I1R0/src/SchM_Can.o
 .PPC.EMB.apuinfo
                0x00000390       0x18 ./src/Rte_TS_T2D35M10I1R0/src/SchM_Crcu.o
 .PPC.EMB.apuinfo
                0x000003a8       0x18 ./src/Rte_TS_T2D35M10I1R0/src/SchM_Crypto.o
 .PPC.EMB.apuinfo
                0x000003c0       0x18 ./src/Rte_TS_T2D35M10I1R0/src/SchM_Dio.o
 .PPC.EMB.apuinfo
                0x000003d8       0x18 ./src/Rte_TS_T2D35M10I1R0/src/SchM_Eep.o
 .PPC.EMB.apuinfo
                0x000003f0       0x18 ./src/Rte_TS_T2D35M10I1R0/src/SchM_Eth.o
 .PPC.EMB.apuinfo
                0x00000408       0x18 ./src/Rte_TS_T2D35M10I1R0/src/SchM_Fee.o
 .PPC.EMB.apuinfo
                0x00000420       0x18 ./src/Rte_TS_T2D35M10I1R0/src/SchM_Fls.o
 .PPC.EMB.apuinfo
                0x00000438       0x18 ./src/Rte_TS_T2D35M10I1R0/src/SchM_Fr.o
 .PPC.EMB.apuinfo
                0x00000450       0x18 ./src/Rte_TS_T2D35M10I1R0/src/SchM_Gpt.o
 .PPC.EMB.apuinfo
                0x00000468       0x18 ./src/Rte_TS_T2D35M10I1R0/src/SchM_I2c.o
 .PPC.EMB.apuinfo
                0x00000480       0x18 ./src/Rte_TS_T2D35M10I1R0/src/SchM_Icu.o
 .PPC.EMB.apuinfo
                0x00000498       0x18 ./src/Rte_TS_T2D35M10I1R0/src/SchM_Lin.o
 .PPC.EMB.apuinfo
                0x000004b0       0x18 ./src/Rte_TS_T2D35M10I1R0/src/SchM_Mcem.o
 .PPC.EMB.apuinfo
                0x000004c8       0x18 ./src/Rte_TS_T2D35M10I1R0/src/SchM_Mcl.o
 .PPC.EMB.apuinfo
                0x000004e0       0x18 ./src/Rte_TS_T2D35M10I1R0/src/SchM_Mcu.o
 .PPC.EMB.apuinfo
                0x000004f8       0x18 ./src/Rte_TS_T2D35M10I1R0/src/SchM_Ocu.o
 .PPC.EMB.apuinfo
                0x00000510       0x18 ./src/Rte_TS_T2D35M10I1R0/src/SchM_Port.o
 .PPC.EMB.apuinfo
                0x00000528       0x18 ./src/Rte_TS_T2D35M10I1R0/src/SchM_Pwm.o
 .PPC.EMB.apuinfo
                0x00000540       0x18 ./src/Rte_TS_T2D35M10I1R0/src/SchM_RamTst.o
 .PPC.EMB.apuinfo
                0x00000558       0x18 ./src/Rte_TS_T2D35M10I1R0/src/SchM_Spi.o
 .PPC.EMB.apuinfo
                0x00000570       0x18 ./src/Rte_TS_T2D35M10I1R0/src/SchM_Wdg.o
 .PPC.EMB.apuinfo
                0x00000588       0x18 C:/NXP/S32DS_Power_v2.1/S32DS/build_tools/e200_ewl2/lib/e200z4/fp\libc99.a(memset.o)
 .PPC.EMB.apuinfo
                0x000005a0       0x18 C:/NXP/S32DS_Power_v2.1/S32DS/build_tools/e200_ewl2/lib/e200z4/fp\libc99.a(__filll_mem.o)
 .PPC.EMB.apuinfo
                0x000005b8       0x1c C:/NXP/S32DS_Power_v2.1/S32DS/build_tools/e200_ewl2/lib/e200z4/fp\libm.a(math_api.o)
 .PPC.EMB.apuinfo
                0x000005d4       0x1c C:/NXP/S32DS_Power_v2.1/S32DS/build_tools/e200_ewl2/lib/e200z4/fp\libm.a(s_ceil.o)
 .PPC.EMB.apuinfo
                0x000005f0       0x18 c:/nxp/s32ds_power_v2.1/s32ds/build_tools/powerpc-eabivle-4_9/bin/../lib/gcc/powerpc-eabivle/4.9.4/e200z4/fp\libgcc.a(_lshrdi3.o)
 .PPC.EMB.apuinfo
                0x00000608       0x18 c:/nxp/s32ds_power_v2.1/s32ds/build_tools/powerpc-eabivle-4_9/bin/../lib/gcc/powerpc-eabivle/4.9.4/e200z4/fp\libgcc.a(_ashldi3.o)
 .PPC.EMB.apuinfo
                0x00000620       0x18 c:/nxp/s32ds_power_v2.1/s32ds/build_tools/powerpc-eabivle-4_9/bin/../lib/gcc/powerpc-eabivle/4.9.4/e200z4/fp\libgcc.a(_fixunsdfsi.o)
 .PPC.EMB.apuinfo
                0x00000638       0x18 c:/nxp/s32ds_power_v2.1/s32ds/build_tools/powerpc-eabivle-4_9/bin/../lib/gcc/powerpc-eabivle/4.9.4/e200z4/fp\libgcc.a(_addsub_df.o)
 .PPC.EMB.apuinfo
                0x00000650       0x18 c:/nxp/s32ds_power_v2.1/s32ds/build_tools/powerpc-eabivle-4_9/bin/../lib/gcc/powerpc-eabivle/4.9.4/e200z4/fp\libgcc.a(_div_df.o)
 .PPC.EMB.apuinfo
                0x00000668       0x18 c:/nxp/s32ds_power_v2.1/s32ds/build_tools/powerpc-eabivle-4_9/bin/../lib/gcc/powerpc-eabivle/4.9.4/e200z4/fp\libgcc.a(_gt_df.o)
 .PPC.EMB.apuinfo
                0x00000680       0x18 c:/nxp/s32ds_power_v2.1/s32ds/build_tools/powerpc-eabivle-4_9/bin/../lib/gcc/powerpc-eabivle/4.9.4/e200z4/fp\libgcc.a(_ge_df.o)
 .PPC.EMB.apuinfo
                0x00000698       0x18 c:/nxp/s32ds_power_v2.1/s32ds/build_tools/powerpc-eabivle-4_9/bin/../lib/gcc/powerpc-eabivle/4.9.4/e200z4/fp\libgcc.a(_lt_df.o)
 .PPC.EMB.apuinfo
                0x000006b0       0x18 c:/nxp/s32ds_power_v2.1/s32ds/build_tools/powerpc-eabivle-4_9/bin/../lib/gcc/powerpc-eabivle/4.9.4/e200z4/fp\libgcc.a(_df_to_si.o)
 .PPC.EMB.apuinfo
                0x000006c8       0x18 c:/nxp/s32ds_power_v2.1/s32ds/build_tools/powerpc-eabivle-4_9/bin/../lib/gcc/powerpc-eabivle/4.9.4/e200z4/fp\libgcc.a(_usi_to_df.o)
 .PPC.EMB.apuinfo
                0x000006e0       0x18 c:/nxp/s32ds_power_v2.1/s32ds/build_tools/powerpc-eabivle-4_9/bin/../lib/gcc/powerpc-eabivle/4.9.4/e200z4/fp\libgcc.a(e200crtresxgpr.o)
 .PPC.EMB.apuinfo
                0x000006f8       0x18 c:/nxp/s32ds_power_v2.1/s32ds/build_tools/powerpc-eabivle-4_9/bin/../lib/gcc/powerpc-eabivle/4.9.4/e200z4/fp\libgcc.a(eabivle.o)
 .PPC.EMB.apuinfo
                0x00000710       0x18 c:/nxp/s32ds_power_v2.1/s32ds/build_tools/powerpc-eabivle-4_9/bin/../lib/gcc/powerpc-eabivle/4.9.4/e200z4/fp\libgcc.a(_pack_df.o)
 .PPC.EMB.apuinfo
                0x00000728       0x18 c:/nxp/s32ds_power_v2.1/s32ds/build_tools/powerpc-eabivle-4_9/bin/../lib/gcc/powerpc-eabivle/4.9.4/e200z4/fp\libgcc.a(_unpack_df.o)
 .PPC.EMB.apuinfo
                0x00000740       0x18 c:/nxp/s32ds_power_v2.1/s32ds/build_tools/powerpc-eabivle-4_9/bin/../lib/gcc/powerpc-eabivle/4.9.4/e200z4/fp\libgcc.a(_fpcmp_parts_df.o)
 .PPC.EMB.apuinfo
                0x00000758       0x18 c:/nxp/s32ds_power_v2.1/s32ds/build_tools/powerpc-eabivle-4_9/bin/../lib/gcc/powerpc-eabivle/4.9.4/e200z4/fp/crtend.o
 .PPC.EMB.apuinfo
                0x00000770       0x18 c:/nxp/s32ds_power_v2.1/s32ds/build_tools/powerpc-eabivle-4_9/bin/../lib/gcc/powerpc-eabivle/4.9.4/e200z4/fp/ecrtn.o

.gnu.attributes
                0x00000000       0x10
 .gnu.attributes
                0x00000000       0x10 ./src/crc.o
 .gnu.attributes
                0x00000010       0x10 C:/NXP/S32DS_Power_v2.1/S32DS/build_tools/e200_ewl2/lib/e200z4/fp\libm.a(math_api.o)
 .gnu.attributes
                0x00000020       0x10 C:/NXP/S32DS_Power_v2.1/S32DS/build_tools/e200_ewl2/lib/e200z4/fp\libm.a(s_ceil.o)
 .gnu.attributes
                0x00000030       0x10 c:/nxp/s32ds_power_v2.1/s32ds/build_tools/powerpc-eabivle-4_9/bin/../lib/gcc/powerpc-eabivle/4.9.4/e200z4/fp\libgcc.a(_fixunsdfsi.o)
 .gnu.attributes
                0x00000040       0x10 c:/nxp/s32ds_power_v2.1/s32ds/build_tools/powerpc-eabivle-4_9/bin/../lib/gcc/powerpc-eabivle/4.9.4/e200z4/fp\libgcc.a(_addsub_df.o)
 .gnu.attributes
                0x00000050       0x10 c:/nxp/s32ds_power_v2.1/s32ds/build_tools/powerpc-eabivle-4_9/bin/../lib/gcc/powerpc-eabivle/4.9.4/e200z4/fp\libgcc.a(_div_df.o)
 .gnu.attributes
                0x00000060       0x10 c:/nxp/s32ds_power_v2.1/s32ds/build_tools/powerpc-eabivle-4_9/bin/../lib/gcc/powerpc-eabivle/4.9.4/e200z4/fp\libgcc.a(_gt_df.o)
 .gnu.attributes
                0x00000070       0x10 c:/nxp/s32ds_power_v2.1/s32ds/build_tools/powerpc-eabivle-4_9/bin/../lib/gcc/powerpc-eabivle/4.9.4/e200z4/fp\libgcc.a(_ge_df.o)
 .gnu.attributes
                0x00000080       0x10 c:/nxp/s32ds_power_v2.1/s32ds/build_tools/powerpc-eabivle-4_9/bin/../lib/gcc/powerpc-eabivle/4.9.4/e200z4/fp\libgcc.a(_lt_df.o)
 .gnu.attributes
                0x00000090       0x10 c:/nxp/s32ds_power_v2.1/s32ds/build_tools/powerpc-eabivle-4_9/bin/../lib/gcc/powerpc-eabivle/4.9.4/e200z4/fp\libgcc.a(_df_to_si.o)
 .gnu.attributes
                0x000000a0       0x10 c:/nxp/s32ds_power_v2.1/s32ds/build_tools/powerpc-eabivle-4_9/bin/../lib/gcc/powerpc-eabivle/4.9.4/e200z4/fp\libgcc.a(_usi_to_df.o)
 .gnu.attributes
                0x000000b0       0x10 c:/nxp/s32ds_power_v2.1/s32ds/build_tools/powerpc-eabivle-4_9/bin/../lib/gcc/powerpc-eabivle/4.9.4/e200z4/fp\libgcc.a(_pack_df.o)

.debug_line     0x00000000    0x1b942
 .debug_line    0x00000000       0xda ./Project_Settings/Startup_Code/startup.o
 .debug_line    0x000000da      0x2bf ./src/Det_TS_T2D35M10I1R0/src/Det.o
 .debug_line    0x00000399      0x383 ./src/Dio_TS_T2D35M10I1R0/src/Dio.o
 .debug_line    0x0000071c      0x4a1 ./src/Dio_TS_T2D35M10I1R0/src/Dio_Siul2.o
 .debug_line    0x00000bbd      0x945 ./src/Fls_TS_T2D35M10I1R0/src/Fls.o
 .debug_line    0x00001502      0x3e8 ./src/Fls_TS_T2D35M10I1R0/src/Fls_Ac.o
 .debug_line    0x000018ea      0x914 ./src/Fls_TS_T2D35M10I1R0/src/Fls_Flash.o
 .debug_line    0x000021fe      0x3c6 ./src/Fls_TS_T2D35M10I1R0/src/Fls_Flash_Const.o
 .debug_line    0x000025c4      0x4df ./src/Fls_TS_T2D35M10I1R0/src/Fls_IPW.o
 .debug_line    0x00002aa3      0x26e ./src/MPC57xx__Interrupt_Init.o
 .debug_line    0x00002d11      0x108 ./src/Vector.o
 .debug_line    0x00002e19      0x75e ./src/crc.o
 .debug_line    0x00003577      0x17d ./src/flags.o
 .debug_line    0x000036f4      0x1dd ./src/flashrchw.o
 .debug_line    0x000038d1      0x20a ./src/intc_SW_mode_isr_vectors_MPC5748G.o
 .debug_line    0x00003adb       0x5d ./src/intc_sw_handlers.o
 .debug_line    0x00003b38      0xce9 ./src/main.o
 .debug_line    0x00004821      0x89d ./src/Mcu_TS_T2D35M10I1R0/src/Mcu.o
 .debug_line    0x000050be      0x876 ./src/Mcu_TS_T2D35M10I1R0/src/Mcu_CMU.o
 .debug_line    0x00005934      0x35c ./src/Mcu_TS_T2D35M10I1R0/src/Mcu_CMU_Irq.o
 .debug_line    0x00005c90      0x410 ./src/Mcu_TS_T2D35M10I1R0/src/Mcu_FIRC.o
 .debug_line    0x000060a0      0x416 ./src/Mcu_TS_T2D35M10I1R0/src/Mcu_FXOSC.o
 .debug_line    0x000064b6      0x366 ./src/Mcu_TS_T2D35M10I1R0/src/Mcu_FXOSC_Irq.o
 .debug_line    0x0000681c      0x988 ./src/Mcu_TS_T2D35M10I1R0/src/Mcu_IPW.o
 .debug_line    0x000071a4      0x4c0 ./src/Mcu_TS_T2D35M10I1R0/src/Mcu_MC_CGM.o
 .debug_line    0x00007664      0x45d ./src/Mcu_TS_T2D35M10I1R0/src/Mcu_MC_Irq.o
 .debug_line    0x00007ac1      0x9aa ./src/Mcu_TS_T2D35M10I1R0/src/Mcu_MC_ME.o
 .debug_line    0x0000846b      0x8de ./src/Mcu_TS_T2D35M10I1R0/src/Mcu_MC_RGM.o
 .debug_line    0x00008d49      0x7cc ./src/Mcu_TS_T2D35M10I1R0/src/Mcu_PLLDIG.o
 .debug_line    0x00009515      0x37e ./src/Mcu_TS_T2D35M10I1R0/src/Mcu_PLLDIG_Irq.o
 .debug_line    0x00009893      0x416 ./src/Mcu_TS_T2D35M10I1R0/src/Mcu_PRAM.o
 .debug_line    0x00009ca9      0x414 ./src/Mcu_TS_T2D35M10I1R0/src/Mcu_SSCM.o
 .debug_line    0x0000a0bd      0x3fd ./src/Mcu_TS_T2D35M10I1R0/src/Mcu_SXOSC.o
 .debug_line    0x0000a4ba      0x34d ./src/Mcu_TS_T2D35M10I1R0/src/Mcu_SXOSC_Irq.o
 .debug_line    0x0000a807      0x469 ./src/Port_TS_T2D35M10I1R0/src/Port.o
 .debug_line    0x0000ac70      0x3e8 ./src/Port_TS_T2D35M10I1R0/src/Port_Ipw.o
 .debug_line    0x0000b058      0x58b ./src/Port_TS_T2D35M10I1R0/src/Port_Siul2.o
 .debug_line    0x0000b5e3      0xf6f ./src/Rte_TS_T2D35M10I1R0/src/SchM_Adc.o
 .debug_line    0x0000c552      0x8bc ./src/Rte_TS_T2D35M10I1R0/src/SchM_Can.o
 .debug_line    0x0000ce0e      0x8ab ./src/Rte_TS_T2D35M10I1R0/src/SchM_Crcu.o
 .debug_line    0x0000d6b9      0x8af ./src/Rte_TS_T2D35M10I1R0/src/SchM_Crypto.o
 .debug_line    0x0000df68      0x8bc ./src/Rte_TS_T2D35M10I1R0/src/SchM_Dio.o
 .debug_line    0x0000e824      0x8a9 ./src/Rte_TS_T2D35M10I1R0/src/SchM_Eep.o
 .debug_line    0x0000f0cd      0x8a9 ./src/Rte_TS_T2D35M10I1R0/src/SchM_Eth.o
 .debug_line    0x0000f976      0x8a9 ./src/Rte_TS_T2D35M10I1R0/src/SchM_Fee.o
 .debug_line    0x0001021f      0x8bc ./src/Rte_TS_T2D35M10I1R0/src/SchM_Fls.o
 .debug_line    0x00010adb      0x8a7 ./src/Rte_TS_T2D35M10I1R0/src/SchM_Fr.o
 .debug_line    0x00011382      0xf6f ./src/Rte_TS_T2D35M10I1R0/src/SchM_Gpt.o
 .debug_line    0x000122f1      0x8a9 ./src/Rte_TS_T2D35M10I1R0/src/SchM_I2c.o
 .debug_line    0x00012b9a      0xf6f ./src/Rte_TS_T2D35M10I1R0/src/SchM_Icu.o
 .debug_line    0x00013b09      0xf6f ./src/Rte_TS_T2D35M10I1R0/src/SchM_Lin.o
 .debug_line    0x00014a78      0x8ab ./src/Rte_TS_T2D35M10I1R0/src/SchM_Mcem.o
 .debug_line    0x00015323      0xf6f ./src/Rte_TS_T2D35M10I1R0/src/SchM_Mcl.o
 .debug_line    0x00016292      0x8a9 ./src/Rte_TS_T2D35M10I1R0/src/SchM_Mcu.o
 .debug_line    0x00016b3b      0x8a9 ./src/Rte_TS_T2D35M10I1R0/src/SchM_Ocu.o
 .debug_line    0x000173e4      0x8ab ./src/Rte_TS_T2D35M10I1R0/src/SchM_Port.o
 .debug_line    0x00017c8f      0xf6f ./src/Rte_TS_T2D35M10I1R0/src/SchM_Pwm.o
 .debug_line    0x00018bfe      0x8af ./src/Rte_TS_T2D35M10I1R0/src/SchM_RamTst.o
 .debug_line    0x000194ad      0x8a9 ./src/Rte_TS_T2D35M10I1R0/src/SchM_Spi.o
 .debug_line    0x00019d56      0x8a9 ./src/Rte_TS_T2D35M10I1R0/src/SchM_Wdg.o
 .debug_line    0x0001a5ff      0x3a0 ./src/output/generated/src/Fls_PBcfg.o
 .debug_line    0x0001a99f      0x66f ./src/output/generated/src/Mcu_PBcfg.o
 .debug_line    0x0001b00e      0x32c ./src/output/generated/src/Port_PBcfg.o
 .debug_line    0x0001b33a       0x9e C:/NXP/S32DS_Power_v2.1/S32DS/build_tools/e200_ewl2/lib/e200z4/fp\libc99.a(memset.o)
 .debug_line    0x0001b3d8       0xe4 C:/NXP/S32DS_Power_v2.1/S32DS/build_tools/e200_ewl2/lib/e200z4/fp\libc99.a(__filll_mem.o)
 .debug_line    0x0001b4bc      0x2a3 C:/NXP/S32DS_Power_v2.1/S32DS/build_tools/e200_ewl2/lib/e200z4/fp\libm.a(math_api.o)
 .debug_line    0x0001b75f      0x1e3 C:/NXP/S32DS_Power_v2.1/S32DS/build_tools/e200_ewl2/lib/e200z4/fp\libm.a(s_ceil.o)

.debug_info     0x00000000    0x1c790
 .debug_info    0x00000000       0x92 ./Project_Settings/Startup_Code/startup.o
 .debug_info    0x00000092      0x27e ./src/Det_TS_T2D35M10I1R0/src/Det.o
 .debug_info    0x00000310      0x256 ./src/Dio_TS_T2D35M10I1R0/src/Dio.o
 .debug_info    0x00000566      0x2c8 ./src/Dio_TS_T2D35M10I1R0/src/Dio_Siul2.o
 .debug_info    0x0000082e      0xf2b ./src/Fls_TS_T2D35M10I1R0/src/Fls.o
 .debug_info    0x00001759       0xb2 ./src/Fls_TS_T2D35M10I1R0/src/Fls_Ac.o
 .debug_info    0x0000180b      0xa24 ./src/Fls_TS_T2D35M10I1R0/src/Fls_Flash.o
 .debug_info    0x0000222f       0xfb ./src/Fls_TS_T2D35M10I1R0/src/Fls_Flash_Const.o
 .debug_info    0x0000232a      0x3af ./src/Fls_TS_T2D35M10I1R0/src/Fls_IPW.o
 .debug_info    0x000026d9      0x600 ./src/MPC57xx__Interrupt_Init.o
 .debug_info    0x00002cd9       0x21 ./src/Vector.o
 .debug_info    0x00002cfa      0x525 ./src/crc.o
 .debug_info    0x0000321f       0xcb ./src/flags.o
 .debug_info    0x000032ea       0x93 ./src/flashrchw.o
 .debug_info    0x0000337d       0xb4 ./src/intc_SW_mode_isr_vectors_MPC5748G.o
 .debug_info    0x00003431       0x81 ./src/intc_sw_handlers.o
 .debug_info    0x000034b2     0x11c8 ./src/main.o
 .debug_info    0x0000467a      0xcd5 ./src/Mcu_TS_T2D35M10I1R0/src/Mcu.o
 .debug_info    0x0000534f      0xa5c ./src/Mcu_TS_T2D35M10I1R0/src/Mcu_CMU.o
 .debug_info    0x00005dab       0x84 ./src/Mcu_TS_T2D35M10I1R0/src/Mcu_CMU_Irq.o
 .debug_info    0x00005e2f       0xce ./src/Mcu_TS_T2D35M10I1R0/src/Mcu_FIRC.o
 .debug_info    0x00005efd       0x9f ./src/Mcu_TS_T2D35M10I1R0/src/Mcu_FXOSC.o
 .debug_info    0x00005f9c       0x84 ./src/Mcu_TS_T2D35M10I1R0/src/Mcu_FXOSC_Irq.o
 .debug_info    0x00006020      0xb26 ./src/Mcu_TS_T2D35M10I1R0/src/Mcu_IPW.o
 .debug_info    0x00006b46      0x20c ./src/Mcu_TS_T2D35M10I1R0/src/Mcu_MC_CGM.o
 .debug_info    0x00006d52       0xcd ./src/Mcu_TS_T2D35M10I1R0/src/Mcu_MC_Irq.o
 .debug_info    0x00006e1f      0xb8a ./src/Mcu_TS_T2D35M10I1R0/src/Mcu_MC_ME.o
 .debug_info    0x000079a9      0xb80 ./src/Mcu_TS_T2D35M10I1R0/src/Mcu_MC_RGM.o
 .debug_info    0x00008529      0x9a7 ./src/Mcu_TS_T2D35M10I1R0/src/Mcu_PLLDIG.o
 .debug_info    0x00008ed0       0x97 ./src/Mcu_TS_T2D35M10I1R0/src/Mcu_PLLDIG_Irq.o
 .debug_info    0x00008f67       0xeb ./src/Mcu_TS_T2D35M10I1R0/src/Mcu_PRAM.o
 .debug_info    0x00009052       0xe8 ./src/Mcu_TS_T2D35M10I1R0/src/Mcu_SSCM.o
 .debug_info    0x0000913a       0x9f ./src/Mcu_TS_T2D35M10I1R0/src/Mcu_SXOSC.o
 .debug_info    0x000091d9       0x84 ./src/Mcu_TS_T2D35M10I1R0/src/Mcu_SXOSC_Irq.o
 .debug_info    0x0000925d      0x375 ./src/Port_TS_T2D35M10I1R0/src/Port.o
 .debug_info    0x000095d2      0x491 ./src/Port_TS_T2D35M10I1R0/src/Port_Ipw.o
 .debug_info    0x00009a63      0x57b ./src/Port_TS_T2D35M10I1R0/src/Port_Siul2.o
 .debug_info    0x00009fde     0x1243 ./src/Rte_TS_T2D35M10I1R0/src/SchM_Adc.o
 .debug_info    0x0000b221      0x921 ./src/Rte_TS_T2D35M10I1R0/src/SchM_Can.o
 .debug_info    0x0000bb42      0x8f7 ./src/Rte_TS_T2D35M10I1R0/src/SchM_Crcu.o
 .debug_info    0x0000c439      0x8f7 ./src/Rte_TS_T2D35M10I1R0/src/SchM_Crypto.o
 .debug_info    0x0000cd30      0x921 ./src/Rte_TS_T2D35M10I1R0/src/SchM_Dio.o
 .debug_info    0x0000d651      0x8f7 ./src/Rte_TS_T2D35M10I1R0/src/SchM_Eep.o
 .debug_info    0x0000df48      0x8f7 ./src/Rte_TS_T2D35M10I1R0/src/SchM_Eth.o
 .debug_info    0x0000e83f      0x8f7 ./src/Rte_TS_T2D35M10I1R0/src/SchM_Fee.o
 .debug_info    0x0000f136      0x921 ./src/Rte_TS_T2D35M10I1R0/src/SchM_Fls.o
 .debug_info    0x0000fa57      0x8f7 ./src/Rte_TS_T2D35M10I1R0/src/SchM_Fr.o
 .debug_info    0x0001034e     0x1243 ./src/Rte_TS_T2D35M10I1R0/src/SchM_Gpt.o
 .debug_info    0x00011591      0x8f7 ./src/Rte_TS_T2D35M10I1R0/src/SchM_I2c.o
 .debug_info    0x00011e88     0x1243 ./src/Rte_TS_T2D35M10I1R0/src/SchM_Icu.o
 .debug_info    0x000130cb     0x1243 ./src/Rte_TS_T2D35M10I1R0/src/SchM_Lin.o
 .debug_info    0x0001430e      0x8f7 ./src/Rte_TS_T2D35M10I1R0/src/SchM_Mcem.o
 .debug_info    0x00014c05     0x1243 ./src/Rte_TS_T2D35M10I1R0/src/SchM_Mcl.o
 .debug_info    0x00015e48      0x8f7 ./src/Rte_TS_T2D35M10I1R0/src/SchM_Mcu.o
 .debug_info    0x0001673f      0x8f7 ./src/Rte_TS_T2D35M10I1R0/src/SchM_Ocu.o
 .debug_info    0x00017036      0x8f7 ./src/Rte_TS_T2D35M10I1R0/src/SchM_Port.o
 .debug_info    0x0001792d     0x1243 ./src/Rte_TS_T2D35M10I1R0/src/SchM_Pwm.o
 .debug_info    0x00018b70      0x8f7 ./src/Rte_TS_T2D35M10I1R0/src/SchM_RamTst.o
 .debug_info    0x00019467      0x8f7 ./src/Rte_TS_T2D35M10I1R0/src/SchM_Spi.o
 .debug_info    0x00019d5e      0x8f7 ./src/Rte_TS_T2D35M10I1R0/src/SchM_Wdg.o
 .debug_info    0x0001a655      0x631 ./src/output/generated/src/Fls_PBcfg.o
 .debug_info    0x0001ac86      0xa4f ./src/output/generated/src/Mcu_PBcfg.o
 .debug_info    0x0001b6d5      0x274 ./src/output/generated/src/Port_PBcfg.o
 .debug_info    0x0001b949      0x125 C:/NXP/S32DS_Power_v2.1/S32DS/build_tools/e200_ewl2/lib/e200z4/fp\libc99.a(memset.o)
 .debug_info    0x0001ba6e      0x13b C:/NXP/S32DS_Power_v2.1/S32DS/build_tools/e200_ewl2/lib/e200z4/fp\libc99.a(__filll_mem.o)
 .debug_info    0x0001bba9      0x6dd C:/NXP/S32DS_Power_v2.1/S32DS/build_tools/e200_ewl2/lib/e200z4/fp\libm.a(math_api.o)
 .debug_info    0x0001c286      0x50a C:/NXP/S32DS_Power_v2.1/S32DS/build_tools/e200_ewl2/lib/e200z4/fp\libm.a(s_ceil.o)

.debug_abbrev   0x00000000     0x2df1
 .debug_abbrev  0x00000000       0x14 ./Project_Settings/Startup_Code/startup.o
 .debug_abbrev  0x00000014       0x8e ./src/Det_TS_T2D35M10I1R0/src/Det.o
 .debug_abbrev  0x000000a2       0xc5 ./src/Dio_TS_T2D35M10I1R0/src/Dio.o
 .debug_abbrev  0x00000167       0xfb ./src/Dio_TS_T2D35M10I1R0/src/Dio_Siul2.o
 .debug_abbrev  0x00000262      0x217 ./src/Fls_TS_T2D35M10I1R0/src/Fls.o
 .debug_abbrev  0x00000479       0x6b ./src/Fls_TS_T2D35M10I1R0/src/Fls_Ac.o
 .debug_abbrev  0x000004e4      0x1b4 ./src/Fls_TS_T2D35M10I1R0/src/Fls_Flash.o
 .debug_abbrev  0x00000698       0x7c ./src/Fls_TS_T2D35M10I1R0/src/Fls_Flash_Const.o
 .debug_abbrev  0x00000714       0xe2 ./src/Fls_TS_T2D35M10I1R0/src/Fls_IPW.o
 .debug_abbrev  0x000007f6      0x15f ./src/MPC57xx__Interrupt_Init.o
 .debug_abbrev  0x00000955       0x13 ./src/Vector.o
 .debug_abbrev  0x00000968       0xfe ./src/crc.o
 .debug_abbrev  0x00000a66       0x69 ./src/flags.o
 .debug_abbrev  0x00000acf       0x4e ./src/flashrchw.o
 .debug_abbrev  0x00000b1d       0x7c ./src/intc_SW_mode_isr_vectors_MPC5748G.o
 .debug_abbrev  0x00000b99       0x14 ./src/intc_sw_handlers.o
 .debug_abbrev  0x00000bad      0x1a5 ./src/main.o
 .debug_abbrev  0x00000d52      0x17a ./src/Mcu_TS_T2D35M10I1R0/src/Mcu.o
 .debug_abbrev  0x00000ecc      0x13f ./src/Mcu_TS_T2D35M10I1R0/src/Mcu_CMU.o
 .debug_abbrev  0x0000100b       0x38 ./src/Mcu_TS_T2D35M10I1R0/src/Mcu_CMU_Irq.o
 .debug_abbrev  0x00001043       0x8f ./src/Mcu_TS_T2D35M10I1R0/src/Mcu_FIRC.o
 .debug_abbrev  0x000010d2       0x54 ./src/Mcu_TS_T2D35M10I1R0/src/Mcu_FXOSC.o
 .debug_abbrev  0x00001126       0x38 ./src/Mcu_TS_T2D35M10I1R0/src/Mcu_FXOSC_Irq.o
 .debug_abbrev  0x0000115e      0x135 ./src/Mcu_TS_T2D35M10I1R0/src/Mcu_IPW.o
 .debug_abbrev  0x00001293       0xb7 ./src/Mcu_TS_T2D35M10I1R0/src/Mcu_MC_CGM.o
 .debug_abbrev  0x0000134a       0x38 ./src/Mcu_TS_T2D35M10I1R0/src/Mcu_MC_Irq.o
 .debug_abbrev  0x00001382      0x160 ./src/Mcu_TS_T2D35M10I1R0/src/Mcu_MC_ME.o
 .debug_abbrev  0x000014e2      0x146 ./src/Mcu_TS_T2D35M10I1R0/src/Mcu_MC_RGM.o
 .debug_abbrev  0x00001628      0x12e ./src/Mcu_TS_T2D35M10I1R0/src/Mcu_PLLDIG.o
 .debug_abbrev  0x00001756       0x38 ./src/Mcu_TS_T2D35M10I1R0/src/Mcu_PLLDIG_Irq.o
 .debug_abbrev  0x0000178e       0x82 ./src/Mcu_TS_T2D35M10I1R0/src/Mcu_PRAM.o
 .debug_abbrev  0x00001810       0x9e ./src/Mcu_TS_T2D35M10I1R0/src/Mcu_SSCM.o
 .debug_abbrev  0x000018ae       0x54 ./src/Mcu_TS_T2D35M10I1R0/src/Mcu_SXOSC.o
 .debug_abbrev  0x00001902       0x38 ./src/Mcu_TS_T2D35M10I1R0/src/Mcu_SXOSC_Irq.o
 .debug_abbrev  0x0000193a      0x117 ./src/Port_TS_T2D35M10I1R0/src/Port.o
 .debug_abbrev  0x00001a51      0x145 ./src/Port_TS_T2D35M10I1R0/src/Port_Ipw.o
 .debug_abbrev  0x00001b96      0x13f ./src/Port_TS_T2D35M10I1R0/src/Port_Siul2.o
 .debug_abbrev  0x00001cd5       0x73 ./src/Rte_TS_T2D35M10I1R0/src/SchM_Adc.o
 .debug_abbrev  0x00001d48       0x9e ./src/Rte_TS_T2D35M10I1R0/src/SchM_Can.o
 .debug_abbrev  0x00001de6       0x73 ./src/Rte_TS_T2D35M10I1R0/src/SchM_Crcu.o
 .debug_abbrev  0x00001e59       0x73 ./src/Rte_TS_T2D35M10I1R0/src/SchM_Crypto.o
 .debug_abbrev  0x00001ecc       0x9e ./src/Rte_TS_T2D35M10I1R0/src/SchM_Dio.o
 .debug_abbrev  0x00001f6a       0x73 ./src/Rte_TS_T2D35M10I1R0/src/SchM_Eep.o
 .debug_abbrev  0x00001fdd       0x73 ./src/Rte_TS_T2D35M10I1R0/src/SchM_Eth.o
 .debug_abbrev  0x00002050       0x73 ./src/Rte_TS_T2D35M10I1R0/src/SchM_Fee.o
 .debug_abbrev  0x000020c3       0x9e ./src/Rte_TS_T2D35M10I1R0/src/SchM_Fls.o
 .debug_abbrev  0x00002161       0x73 ./src/Rte_TS_T2D35M10I1R0/src/SchM_Fr.o
 .debug_abbrev  0x000021d4       0x73 ./src/Rte_TS_T2D35M10I1R0/src/SchM_Gpt.o
 .debug_abbrev  0x00002247       0x73 ./src/Rte_TS_T2D35M10I1R0/src/SchM_I2c.o
 .debug_abbrev  0x000022ba       0x73 ./src/Rte_TS_T2D35M10I1R0/src/SchM_Icu.o
 .debug_abbrev  0x0000232d       0x73 ./src/Rte_TS_T2D35M10I1R0/src/SchM_Lin.o
 .debug_abbrev  0x000023a0       0x73 ./src/Rte_TS_T2D35M10I1R0/src/SchM_Mcem.o
 .debug_abbrev  0x00002413       0x73 ./src/Rte_TS_T2D35M10I1R0/src/SchM_Mcl.o
 .debug_abbrev  0x00002486       0x73 ./src/Rte_TS_T2D35M10I1R0/src/SchM_Mcu.o
 .debug_abbrev  0x000024f9       0x73 ./src/Rte_TS_T2D35M10I1R0/src/SchM_Ocu.o
 .debug_abbrev  0x0000256c       0x73 ./src/Rte_TS_T2D35M10I1R0/src/SchM_Port.o
 .debug_abbrev  0x000025df       0x73 ./src/Rte_TS_T2D35M10I1R0/src/SchM_Pwm.o
 .debug_abbrev  0x00002652       0x73 ./src/Rte_TS_T2D35M10I1R0/src/SchM_RamTst.o
 .debug_abbrev  0x000026c5       0x73 ./src/Rte_TS_T2D35M10I1R0/src/SchM_Spi.o
 .debug_abbrev  0x00002738       0x73 ./src/Rte_TS_T2D35M10I1R0/src/SchM_Wdg.o
 .debug_abbrev  0x000027ab       0xf8 ./src/output/generated/src/Fls_PBcfg.o
 .debug_abbrev  0x000028a3       0xcb ./src/output/generated/src/Mcu_PBcfg.o
 .debug_abbrev  0x0000296e       0xd7 ./src/output/generated/src/Port_PBcfg.o
 .debug_abbrev  0x00002a45       0x98 C:/NXP/S32DS_Power_v2.1/S32DS/build_tools/e200_ewl2/lib/e200z4/fp\libc99.a(memset.o)
 .debug_abbrev  0x00002add       0x7f C:/NXP/S32DS_Power_v2.1/S32DS/build_tools/e200_ewl2/lib/e200z4/fp\libc99.a(__filll_mem.o)
 .debug_abbrev  0x00002b5c      0x140 C:/NXP/S32DS_Power_v2.1/S32DS/build_tools/e200_ewl2/lib/e200z4/fp\libm.a(math_api.o)
 .debug_abbrev  0x00002c9c      0x155 C:/NXP/S32DS_Power_v2.1/S32DS/build_tools/e200_ewl2/lib/e200z4/fp\libm.a(s_ceil.o)

.debug_aranges  0x00000000     0x4760
 .debug_aranges
                0x00000000       0x20 ./Project_Settings/Startup_Code/startup.o
 .debug_aranges
                0x00000020       0x40 ./src/Det_TS_T2D35M10I1R0/src/Det.o
 .debug_aranges
                0x00000060       0x48 ./src/Dio_TS_T2D35M10I1R0/src/Dio.o
 .debug_aranges
                0x000000a8       0x50 ./src/Dio_TS_T2D35M10I1R0/src/Dio_Siul2.o
 .debug_aranges
                0x000000f8      0x120 ./src/Fls_TS_T2D35M10I1R0/src/Fls.o
 .debug_aranges
                0x00000218       0x20 ./src/Fls_TS_T2D35M10I1R0/src/Fls_Ac.o
 .debug_aranges
                0x00000238       0x88 ./src/Fls_TS_T2D35M10I1R0/src/Fls_Flash.o
 .debug_aranges
                0x000002c0       0x18 ./src/Fls_TS_T2D35M10I1R0/src/Fls_Flash_Const.o
 .debug_aranges
                0x000002d8       0x58 ./src/Fls_TS_T2D35M10I1R0/src/Fls_IPW.o
 .debug_aranges
                0x00000330       0x38 ./src/MPC57xx__Interrupt_Init.o
 .debug_aranges
                0x00000368       0x18 ./src/Vector.o
 .debug_aranges
                0x00000380       0xa8 ./src/crc.o
 .debug_aranges
                0x00000428       0x18 ./src/flags.o
 .debug_aranges
                0x00000440       0x18 ./src/flashrchw.o
 .debug_aranges
                0x00000458       0x20 ./src/intc_SW_mode_isr_vectors_MPC5748G.o
 .debug_aranges
                0x00000478       0x20 ./src/intc_sw_handlers.o
 .debug_aranges
                0x00000498       0x98 ./src/main.o
 .debug_aranges
                0x00000530       0x90 ./src/Mcu_TS_T2D35M10I1R0/src/Mcu.o
 .debug_aranges
                0x000005c0       0x50 ./src/Mcu_TS_T2D35M10I1R0/src/Mcu_CMU.o
 .debug_aranges
                0x00000610       0x20 ./src/Mcu_TS_T2D35M10I1R0/src/Mcu_CMU_Irq.o
 .debug_aranges
                0x00000630       0x20 ./src/Mcu_TS_T2D35M10I1R0/src/Mcu_FIRC.o
 .debug_aranges
                0x00000650       0x20 ./src/Mcu_TS_T2D35M10I1R0/src/Mcu_FXOSC.o
 .debug_aranges
                0x00000670       0x20 ./src/Mcu_TS_T2D35M10I1R0/src/Mcu_FXOSC_Irq.o
 .debug_aranges
                0x00000690       0x70 ./src/Mcu_TS_T2D35M10I1R0/src/Mcu_IPW.o
 .debug_aranges
                0x00000700       0x30 ./src/Mcu_TS_T2D35M10I1R0/src/Mcu_MC_CGM.o
 .debug_aranges
                0x00000730       0x40 ./src/Mcu_TS_T2D35M10I1R0/src/Mcu_MC_Irq.o
 .debug_aranges
                0x00000770       0x88 ./src/Mcu_TS_T2D35M10I1R0/src/Mcu_MC_ME.o
 .debug_aranges
                0x000007f8       0x50 ./src/Mcu_TS_T2D35M10I1R0/src/Mcu_MC_RGM.o
 .debug_aranges
                0x00000848       0x38 ./src/Mcu_TS_T2D35M10I1R0/src/Mcu_PLLDIG.o
 .debug_aranges
                0x00000880       0x28 ./src/Mcu_TS_T2D35M10I1R0/src/Mcu_PLLDIG_Irq.o
 .debug_aranges
                0x000008a8       0x20 ./src/Mcu_TS_T2D35M10I1R0/src/Mcu_PRAM.o
 .debug_aranges
                0x000008c8       0x20 ./src/Mcu_TS_T2D35M10I1R0/src/Mcu_SSCM.o
 .debug_aranges
                0x000008e8       0x20 ./src/Mcu_TS_T2D35M10I1R0/src/Mcu_SXOSC.o
 .debug_aranges
                0x00000908       0x20 ./src/Mcu_TS_T2D35M10I1R0/src/Mcu_SXOSC_Irq.o
 .debug_aranges
                0x00000928       0x40 ./src/Port_TS_T2D35M10I1R0/src/Port.o
 .debug_aranges
                0x00000968       0x28 ./src/Port_TS_T2D35M10I1R0/src/Port_Ipw.o
 .debug_aranges
                0x00000990       0x58 ./src/Port_TS_T2D35M10I1R0/src/Port_Siul2.o
 .debug_aranges
                0x000009e8      0x428 ./src/Rte_TS_T2D35M10I1R0/src/SchM_Adc.o
 .debug_aranges
                0x00000e10      0x210 ./src/Rte_TS_T2D35M10I1R0/src/SchM_Can.o
 .debug_aranges
                0x00001020      0x208 ./src/Rte_TS_T2D35M10I1R0/src/SchM_Crcu.o
 .debug_aranges
                0x00001228      0x208 ./src/Rte_TS_T2D35M10I1R0/src/SchM_Crypto.o
 .debug_aranges
                0x00001430      0x210 ./src/Rte_TS_T2D35M10I1R0/src/SchM_Dio.o
 .debug_aranges
                0x00001640      0x208 ./src/Rte_TS_T2D35M10I1R0/src/SchM_Eep.o
 .debug_aranges
                0x00001848      0x208 ./src/Rte_TS_T2D35M10I1R0/src/SchM_Eth.o
 .debug_aranges
                0x00001a50      0x208 ./src/Rte_TS_T2D35M10I1R0/src/SchM_Fee.o
 .debug_aranges
                0x00001c58      0x210 ./src/Rte_TS_T2D35M10I1R0/src/SchM_Fls.o
 .debug_aranges
                0x00001e68      0x208 ./src/Rte_TS_T2D35M10I1R0/src/SchM_Fr.o
 .debug_aranges
                0x00002070      0x428 ./src/Rte_TS_T2D35M10I1R0/src/SchM_Gpt.o
 .debug_aranges
                0x00002498      0x208 ./src/Rte_TS_T2D35M10I1R0/src/SchM_I2c.o
 .debug_aranges
                0x000026a0      0x428 ./src/Rte_TS_T2D35M10I1R0/src/SchM_Icu.o
 .debug_aranges
                0x00002ac8      0x428 ./src/Rte_TS_T2D35M10I1R0/src/SchM_Lin.o
 .debug_aranges
                0x00002ef0      0x208 ./src/Rte_TS_T2D35M10I1R0/src/SchM_Mcem.o
 .debug_aranges
                0x000030f8      0x428 ./src/Rte_TS_T2D35M10I1R0/src/SchM_Mcl.o
 .debug_aranges
                0x00003520      0x208 ./src/Rte_TS_T2D35M10I1R0/src/SchM_Mcu.o
 .debug_aranges
                0x00003728      0x208 ./src/Rte_TS_T2D35M10I1R0/src/SchM_Ocu.o
 .debug_aranges