Archive member included to satisfy reference by file (symbol)

c:/nxp/s32ds_power_v2.1/s32ds/build_tools/powerpc-eabivle-4_9/bin/../lib/gcc/powerpc-eabivle/4.9.4/e200z4/fp\libgcc.a(eabivle.o)
                              ./src/main.o (__eabi)

Allocating common symbols
Common symbol       size              file

Det_ErrorId         0x1               ./src/Det_TS_T2D35M10I1R0/src/Det.o
Det_RuntimeErrorId  0x1               ./src/Det_TS_T2D35M10I1R0/src/Det.o
Det_RuntimeModuleId
                    0x2               ./src/Det_TS_T2D35M10I1R0/src/Det.o
Det_TransientFaultId
                    0x1               ./src/Det_TS_T2D35M10I1R0/src/Det.o
Det_InstanceId      0x1               ./src/Det_TS_T2D35M10I1R0/src/Det.o
Det_TransientApiId  0x1               ./src/Det_TS_T2D35M10I1R0/src/Det.o
Det_ApiId           0x1               ./src/Det_TS_T2D35M10I1R0/src/Det.o
Det_TransientModuleId
                    0x2               ./src/Det_TS_T2D35M10I1R0/src/Det.o
Det_RuntimeApiId    0x1               ./src/Det_TS_T2D35M10I1R0/src/Det.o
Det_ModuleId        0x2               ./src/Det_TS_T2D35M10I1R0/src/Det.o
Det_TransientInstanceId
                    0x1               ./src/Det_TS_T2D35M10I1R0/src/Det.o
Det_RuntimeInstanceId
                    0x1               ./src/Det_TS_T2D35M10I1R0/src/Det.o

Discarded input sections

 .text          0x00000000        0x0 c:/nxp/s32ds_power_v2.1/s32ds/build_tools/powerpc-eabivle-4_9/bin/../lib/gcc/powerpc-eabivle/4.9.4/e200z4/fp/ecrti.o
 .data          0x00000000        0x0 c:/nxp/s32ds_power_v2.1/s32ds/build_tools/powerpc-eabivle-4_9/bin/../lib/gcc/powerpc-eabivle/4.9.4/e200z4/fp/ecrti.o
 .bss           0x00000000        0x0 c:/nxp/s32ds_power_v2.1/s32ds/build_tools/powerpc-eabivle-4_9/bin/../lib/gcc/powerpc-eabivle/4.9.4/e200z4/fp/ecrti.o
 .fixup         0x00000000        0x0 c:/nxp/s32ds_power_v2.1/s32ds/build_tools/powerpc-eabivle-4_9/bin/../lib/gcc/powerpc-eabivle/4.9.4/e200z4/fp/ecrti.o
 .sbss          0x00000000        0x0 c:/nxp/s32ds_power_v2.1/s32ds/build_tools/powerpc-eabivle-4_9/bin/../lib/gcc/powerpc-eabivle/4.9.4/e200z4/fp/ecrti.o
 .sbss2         0x00000000        0x0 c:/nxp/s32ds_power_v2.1/s32ds/build_tools/powerpc-eabivle-4_9/bin/../lib/gcc/powerpc-eabivle/4.9.4/e200z4/fp/ecrti.o
 .gcc_except_table
                0x00000000        0x0 c:/nxp/s32ds_power_v2.1/s32ds/build_tools/powerpc-eabivle-4_9/bin/../lib/gcc/powerpc-eabivle/4.9.4/e200z4/fp/ecrti.o
 .data          0x00000000        0x4 c:/nxp/s32ds_power_v2.1/s32ds/build_tools/powerpc-eabivle-4_9/bin/../lib/gcc/powerpc-eabivle/4.9.4/e200z4/fp/crtbegin.o
 .text          0x00000000        0x0 ./Project_Settings/Startup_Code/startup.o
 .data          0x00000000        0x0 ./Project_Settings/Startup_Code/startup.o
 .bss           0x00000000        0x0 ./Project_Settings/Startup_Code/startup.o
 .group         0x00000000        0x8 ./src/Det_TS_T2D35M10I1R0/src/Det.o
 .group         0x00000000        0x8 ./src/Det_TS_T2D35M10I1R0/src/Det.o
 .group         0x00000000        0x8 ./src/Det_TS_T2D35M10I1R0/src/Det.o
 .group         0x00000000        0x8 ./src/Det_TS_T2D35M10I1R0/src/Det.o
 .group         0x00000000        0x8 ./src/Det_TS_T2D35M10I1R0/src/Det.o
 .group         0x00000000        0x8 ./src/Det_TS_T2D35M10I1R0/src/Det.o
 .group         0x00000000        0x8 ./src/Det_TS_T2D35M10I1R0/src/Det.o
 .group         0x00000000        0x8 ./src/Det_TS_T2D35M10I1R0/src/Det.o
 .group         0x00000000        0x8 ./src/Det_TS_T2D35M10I1R0/src/Det.o
 .group         0x00000000        0x8 ./src/Det_TS_T2D35M10I1R0/src/Det.o
 .text          0x00000000        0x0 ./src/Det_TS_T2D35M10I1R0/src/Det.o
 .data          0x00000000        0x0 ./src/Det_TS_T2D35M10I1R0/src/Det.o
 .bss           0x00000000        0x0 ./src/Det_TS_T2D35M10I1R0/src/Det.o
 .text.Det_Init
                0x00000000       0x14 ./src/Det_TS_T2D35M10I1R0/src/Det.o
 .text.Det_ReportRuntimeError
                0x00000000       0x4a ./src/Det_TS_T2D35M10I1R0/src/Det.o
 .text.Det_ReportTransientFault
                0x00000000       0x4a ./src/Det_TS_T2D35M10I1R0/src/Det.o
 .text.Det_Start
                0x00000000       0x14 ./src/Det_TS_T2D35M10I1R0/src/Det.o
 .group         0x00000000        0x8 ./src/Dio_TS_T2D35M10I1R0/src/Dio.o
 .group         0x00000000        0x8 ./src/Dio_TS_T2D35M10I1R0/src/Dio.o
 .group         0x00000000        0x8 ./src/Dio_TS_T2D35M10I1R0/src/Dio.o
 .group         0x00000000        0x8 ./src/Dio_TS_T2D35M10I1R0/src/Dio.o
 .group         0x00000000        0x8 ./src/Dio_TS_T2D35M10I1R0/src/Dio.o
 .group         0x00000000        0x8 ./src/Dio_TS_T2D35M10I1R0/src/Dio.o
 .group         0x00000000        0x8 ./src/Dio_TS_T2D35M10I1R0/src/Dio.o
 .group         0x00000000        0x8 ./src/Dio_TS_T2D35M10I1R0/src/Dio.o
 .group         0x00000000        0x8 ./src/Dio_TS_T2D35M10I1R0/src/Dio.o
 .group         0x00000000        0x8 ./src/Dio_TS_T2D35M10I1R0/src/Dio.o
[...]
Memory Configuration

Name             Origin             Length             Attributes
m_text           0x01000000         0x001d0000
m_data           0x40000000         0x00040000
*default*        0x00000000         0xffffffff

Linker script and memory map

LOAD c:/nxp/s32ds_power_v2.1/s32ds/build_tools/powerpc-eabivle-4_9/bin/../lib/gcc/powerpc-eabivle/4.9.4/e200z4/fp/ecrti.o
LOAD c:/nxp/s32ds_power_v2.1/s32ds/build_tools/powerpc-eabivle-4_9/bin/../lib/gcc/powerpc-eabivle/4.9.4/e200z4/fp/crtbegin.o
LOAD ./Project_Settings/Startup_Code/startup.o
LOAD ./src/Det_TS_T2D35M10I1R0/src/Det.o
LOAD ./src/Dio_TS_T2D35M10I1R0/src/Dio.o
LOAD ./src/Dio_TS_T2D35M10I1R0/src/Dio_Siul2.o
LOAD ./src/Fls_TS_T2D35M10I1R0/src/Fls.o
LOAD ./src/Fls_TS_T2D35M10I1R0/src/Fls_Ac.o
LOAD ./src/Fls_TS_T2D35M10I1R0/src/Fls_Flash.o
LOAD ./src/Fls_TS_T2D35M10I1R0/src/Fls_Flash_Const.o
LOAD ./src/Fls_TS_T2D35M10I1R0/src/Fls_IPW.o
LOAD ./src/MPC57xx__Interrupt_Init.o
LOAD ./src/Vector.o
LOAD ./src/intc_SW_mode_isr_vectors_MPC5748G.o
LOAD ./src/intc_sw_handlers.o
LOAD ./src/main.o
LOAD ./src/Mcu_TS_T2D35M10I1R0/src/Mcu.o
LOAD ./src/Mcu_TS_T2D35M10I1R0/src/Mcu_CMU.o
LOAD ./src/Mcu_TS_T2D35M10I1R0/src/Mcu_CMU_Irq.o
LOAD ./src/Mcu_TS_T2D35M10I1R0/src/Mcu_FIRC.o
LOAD ./src/Mcu_TS_T2D35M10I1R0/src/Mcu_FLASH.o
LOAD ./src/Mcu_TS_T2D35M10I1R0/src/Mcu_FXOSC.o
LOAD ./src/Mcu_TS_T2D35M10I1R0/src/Mcu_FXOSC_Irq.o
LOAD ./src/Mcu_TS_T2D35M10I1R0/src/Mcu_IPW.o
LOAD ./src/Mcu_TS_T2D35M10I1R0/src/Mcu_LPU.o
LOAD ./src/Mcu_TS_T2D35M10I1R0/src/Mcu_LPU_Irq.o
LOAD ./src/Mcu_TS_T2D35M10I1R0/src/Mcu_MC_CGM.o
LOAD ./src/Mcu_TS_T2D35M10I1R0/src/Mcu_MC_Irq.o
LOAD ./src/Mcu_TS_T2D35M10I1R0/src/Mcu_MC_ME.o
LOAD ./src/Mcu_TS_T2D35M10I1R0/src/Mcu_MC_PCU.o
LOAD ./src/Mcu_TS_T2D35M10I1R0/src/Mcu_MC_RGM.o
LOAD ./src/Mcu_TS_T2D35M10I1R0/src/Mcu_PLLDIG.o
LOAD ./src/Mcu_TS_T2D35M10I1R0/src/Mcu_PLLDIG_Irq.o
LOAD ./src/Mcu_TS_T2D35M10I1R0/src/Mcu_PMCDIG.o
LOAD ./src/Mcu_TS_T2D35M10I1R0/src/Mcu_PRAM.o
LOAD ./src/Mcu_TS_T2D35M10I1R0/src/Mcu_SIRC.o
LOAD ./src/Mcu_TS_T2D35M10I1R0/src/Mcu_SIUL2.o
LOAD ./src/Mcu_TS_T2D35M10I1R0/src/Mcu_SSCM.o
LOAD ./src/Mcu_TS_T2D35M10I1R0/src/Mcu_STCU.o
LOAD ./src/Mcu_TS_T2D35M10I1R0/src/Mcu_SXOSC.o
LOAD ./src/Mcu_TS_T2D35M10I1R0/src/Mcu_SXOSC_Irq.o
LOAD ./src/Mcu_TS_T2D35M10I1R0/src/Mcu_eMios.o
LOAD ./src/Port_TS_T2D35M10I1R0/src/Port.o
LOAD ./src/Port_TS_T2D35M10I1R0/src/Port_Ipw.o
LOAD ./src/Port_TS_T2D35M10I1R0/src/Port_Siul2.o
LOAD ./src/Rte_TS_T2D35M10I1R0/src/SchM_Adc.o
LOAD ./src/Rte_TS_T2D35M10I1R0/src/SchM_Can.o
LOAD ./src/Rte_TS_T2D35M10I1R0/src/SchM_Crcu.o
LOAD ./src/Rte_TS_T2D35M10I1R0/src/SchM_Crypto.o
LOAD ./src/Rte_TS_T2D35M10I1R0/src/SchM_Dio.o
LOAD ./src/Rte_TS_T2D35M10I1R0/src/SchM_Eep.o
LOAD ./src/Rte_TS_T2D35M10I1R0/src/SchM_Eth.o
LOAD ./src/Rte_TS_T2D35M10I1R0/src/SchM_Fee.o
LOAD ./src/Rte_TS_T2D35M10I1R0/src/SchM_Fls.o
LOAD ./src/Rte_TS_T2D35M10I1R0/src/SchM_Fr.o
LOAD ./src/Rte_TS_T2D35M10I1R0/src/SchM_Gpt.o
LOAD ./src/Rte_TS_T2D35M10I1R0/src/SchM_I2c.o
LOAD ./src/Rte_TS_T2D35M10I1R0/src/SchM_Icu.o
LOAD ./src/Rte_TS_T2D35M10I1R0/src/SchM_Lin.o
LOAD ./src/Rte_TS_T2D35M10I1R0/src/SchM_Mcem.o
LOAD ./src/Rte_TS_T2D35M10I1R0/src/SchM_Mcl.o
LOAD ./src/Rte_TS_T2D35M10I1R0/src/SchM_Mcu.o
LOAD ./src/Rte_TS_T2D35M10I1R0/src/SchM_Ocu.o
LOAD ./src/Rte_TS_T2D35M10I1R0/src/SchM_Port.o
LOAD ./src/Rte_TS_T2D35M10I1R0/src/SchM_Pwm.o
LOAD ./src/Rte_TS_T2D35M10I1R0/src/SchM_RamTst.o
LOAD ./src/Rte_TS_T2D35M10I1R0/src/SchM_Spi.o
LOAD ./src/Rte_TS_T2D35M10I1R0/src/SchM_Wdg.o
LOAD ./src/generated/src/Dio_Cfg.o
LOAD ./src/generated/src/Mcu_Cfg.o
LOAD ./src/generated/src/Mcu_PBcfg.o
LOAD ./src/generated/src/Port_Cfg.o
LOAD ./src/generated/src/Port_PBcfg.o
START GROUP
LOAD C:/NXP/S32DS_Power_v2.1/S32DS/build_tools/e200_ewl2/lib/e200z4/fp\libc99.a
LOAD C:/NXP/S32DS_Power_v2.1/S32DS/build_tools/e200_ewl2/lib/e200z4/fp\libm.a
LOAD c:/nxp/s32ds_power_v2.1/s32ds/build_tools/powerpc-eabivle-4_9/bin/../lib/gcc/powerpc-eabivle/4.9.4/e200z4/fp\libgcc.a
LOAD C:/NXP/S32DS_Power_v2.1/S32DS/build_tools/e200_ewl2/lib/e200z4/fp\librt.a
END GROUP
LOAD c:/nxp/s32ds_power_v2.1/s32ds/build_tools/powerpc-eabivle-4_9/bin/../lib/gcc/powerpc-eabivle/4.9.4/e200z4/fp/crtend.o
LOAD c:/nxp/s32ds_power_v2.1/s32ds/build_tools/powerpc-eabivle-4_9/bin/../lib/gcc/powerpc-eabivle/4.9.4/e200z4/fp/ecrtn.o
                0x00000000                __HEAP_SIZE = 0x0
                0x00001000                __STACK_SIZE = 0x1000
                0x00040000                SRAM_SIZE = 0x40000
                0x40000000                SRAM_BASE_ADDR = 0x40000000

.startup        0x01000000      0x1ee
                0x01000000                __start = .
 *(.startup)
 .startup       0x01000000      0x1ee ./Project_Settings/Startup_Code/startup.o
                0x01000000                _start
                0x010001ea                _fini

.core_exceptions_table
                0x01001000       0xf4
                0x01001000                __IVPR_VALUE = .
 *(.core_exceptions_table)
 .core_exceptions_table
                0x01001000       0xf4 ./src/Vector.o
                0x01001000                VTABLE
                0x01001000                IVOR0_Vector
                0x01001010                IVOR1_Vector
                0x01001020                IVOR2_Vector
                0x01001030                IVOR3_Vector
                0x01001040                IVOR4_Vector
                0x01001050                IVOR5_Vector
                0x01001060                IVOR6_Vector
                0x01001070                IVOR7_Vector
                0x01001080                IVOR8_Vector
                0x01001090                IVOR9_Vector
                0x010010a0                IVOR10_Vector
                0x010010b0                IVOR11_Vector
                0x010010c0                IVOR12_Vector
                0x010010d0                IVOR13_Vector
                0x010010e0                IVOR14_Vector
                0x010010f0                IVOR15_Vector

.intc_vector_table
                0x01002000      0xbc8
 *(.intc_vector_table)
 .intc_vector_table
                0x01002000      0xbc8 ./src/intc_SW_mode_isr_vectors_MPC5748G.o
                0x01002000                IntcIsrVectorTable

.text           0x01002bd0     0x1c50
 *(.text.startup)
 *(.text)
 .text          0x01002bd0      0x16c c:/nxp/s32ds_power_v2.1/s32ds/build_tools/powerpc-eabivle-4_9/bin/../lib/gcc/powerpc-eabivle/4.9.4/e200z4/fp/crtbegin.o
 *fill*         0x01002d3c        0x4 
 .text          0x01002d40       0x48 ./src/intc_sw_handlers.o
                0x01002d40                IVOR4_Handler
 .text          0x01002d88       0x4a c:/nxp/s32ds_power_v2.1/s32ds/build_tools/powerpc-eabivle-4_9/bin/../lib/gcc/powerpc-eabivle/4.9.4/e200z4/fp\libgcc.a(eabivle.o)
                0x01002d88                __eabi
 *fill*         0x01002dd2        0x2 
 .text          0x01002dd4       0x48 c:/nxp/s32ds_power_v2.1/s32ds/build_tools/powerpc-eabivle-4_9/bin/../lib/gcc/powerpc-eabivle/4.9.4/e200z4/fp/crtend.o
 *(.text.*)
 .text.Det_ReportError
                0x01002e1c       0x4a ./src/Det_TS_T2D35M10I1R0/src/Det.o
                0x01002e1c                Det_ReportError
 *fill*         0x01002e66        0x2 
 .text.Dio_WriteChannel
                0x01002e68       0x38 ./src/Dio_TS_T2D35M10I1R0/src/Dio.o
                0x01002e68                Dio_WriteChannel
 .text.Dio_Siul2_WriteChannel
                0x01002ea0       0x40 ./src/Dio_TS_T2D35M10I1R0/src/Dio_Siul2.o
                0x01002ea0                Dio_Siul2_WriteChannel
 .text.dummy    0x01002ee0        0xc ./src/intc_SW_mode_isr_vectors_MPC5748G.o
                0x01002ee0                dummy
 .text.main     0x01002eec       0x96 ./src/main.o
                0x01002eec                main
 *fill*         0x01002f82        0x2 
 .text.Mcu_CheckInit
                0x01002f84       0x52 ./src/Mcu_TS_T2D35M10I1R0/src/Mcu.o
 *fill*         0x01002fd6        0x2 
 .text.Mcu_CheckInitClock
                0x01002fd8       0x5a ./src/Mcu_TS_T2D35M10I1R0/src/Mcu.o
 *fill*         0x01003032        0x2 
 .text.Mcu_HLDChecksEntry
                0x01003034       0xb6 ./src/Mcu_TS_T2D35M10I1R0/src/Mcu.o
 *fill*         0x010030ea        0x2 
 .text.Mcu_HLDChecksExit
                0x010030ec       0x76 ./src/Mcu_TS_T2D35M10I1R0/src/Mcu.o
 *fill*         0x01003162        0x2 
 .text.Mcu_Init
                0x01003164      0x168 ./src/Mcu_TS_T2D35M10I1R0/src/Mcu.o
                0x01003164                Mcu_Init
 .text.Mcu_InitClock
                0x010032cc       0xa6 ./src/Mcu_TS_T2D35M10I1R0/src/Mcu.o
                0x010032cc                Mcu_InitClock
 *fill*         0x01003372        0x2 
 .text.Mcu_CMU_DeInit
                0x01003374       0xcc ./src/Mcu_TS_T2D35M10I1R0/src/Mcu_CMU.o
                0x01003374                Mcu_CMU_DeInit
 .text.Mcu_CMU_CSR_RCDIV_Config
                0x01003440       0x6c ./src/Mcu_TS_T2D35M10I1R0/src/Mcu_CMU.o
                0x01003440                Mcu_CMU_CSR_RCDIV_Config
 .text.Mcu_CMU_Init
                0x010034ac       0xba ./src/Mcu_TS_T2D35M10I1R0/src/Mcu_CMU.o
                0x010034ac                Mcu_CMU_Init
 *fill*         0x01003566        0x2 
 .text.Mcu_FIRC_Config
                0x01003568       0x2c ./src/Mcu_TS_T2D35M10I1R0/src/Mcu_FIRC.o
                0x01003568                Mcu_FIRC_Config
 .text.Mcu_Ipw_PrepareClkSourcesToBeConfigured
                0x01003594      0x102 ./src/Mcu_TS_T2D35M10I1R0/src/Mcu_IPW.o
 *fill*         0x01003696        0x2 
 .text.Mcu_Ipw_Init
                0x01003698       0x34 ./src/Mcu_TS_T2D35M10I1R0/src/Mcu_IPW.o
                0x01003698                Mcu_Ipw_Init
 .text.Mcu_Ipw_InitClock
                0x010036cc      0x22e ./src/Mcu_TS_T2D35M10I1R0/src/Mcu_IPW.o
                0x010036cc                Mcu_Ipw_InitClock
 *fill*         0x010038fa        0x2 
 .text.Mcu_MC_CGM_ProgClockSwitchConfig
                0x010038fc       0x6e ./src/Mcu_TS_T2D35M10I1R0/src/Mcu_MC_CGM.o
                0x010038fc                Mcu_MC_CGM_ProgClockSwitchConfig
 *fill*         0x0100396a        0x2 
 .text.Mcu_MC_CGM_SystemClockConfig
                0x0100396c       0x64 ./src/Mcu_TS_T2D35M10I1R0/src/Mcu_MC_CGM.o
                0x0100396c                Mcu_MC_CGM_SystemClockConfig
 .text.Mcu_MC_CGM_AuxClockConfig
                0x010039d0       0x88 ./src/Mcu_TS_T2D35M10I1R0/src/Mcu_MC_CGM.o
                0x010039d0                Mcu_MC_CGM_AuxClockConfig
 .text.Mcu_MC_ME_InitCCTL
                0x01003a58      0x124 ./src/Mcu_TS_T2D35M10I1R0/src/Mcu_MC_ME.o
                0x01003a58                Mcu_MC_ME_InitCCTL
 .text.Mcu_MC_ME_ModesPeriphInit
                0x01003b7c      0x140 ./src/Mcu_TS_T2D35M10I1R0/src/Mcu_MC_ME.o
                0x01003b7c                Mcu_MC_ME_ModesPeriphInit
 .text.Mcu_MC_ME_BlindEnabledClockUpdate
                0x01003cbc      0x194 ./src/Mcu_TS_T2D35M10I1R0/src/Mcu_MC_ME.o
                0x01003cbc                Mcu_MC_ME_BlindEnabledClockUpdate
 .text.Mcu_MC_ME_EnabledClkUpdate
                0x01003e50      0x194 ./src/Mcu_TS_T2D35M10I1R0/src/Mcu_MC_ME.o
                0x01003e50                Mcu_MC_ME_EnabledClkUpdate
 .text.Mcu_MC_ME_SystemClkUpdate
                0x01003fe4      0x1f8 ./src/Mcu_TS_T2D35M10I1R0/src/Mcu_MC_ME.o
                0x01003fe4                Mcu_MC_ME_SystemClkUpdate
 .text.Mcu_MC_ME_BlindApplyMode
                0x010041dc       0x8c ./src/Mcu_TS_T2D35M10I1R0/src/Mcu_MC_ME.o
 .text.Mcu_MC_ME_ApplyMode
                0x01004268       0xaa ./src/Mcu_TS_T2D35M10I1R0/src/Mcu_MC_ME.o
                0x01004268                Mcu_MC_ME_ApplyMode
 *fill*         0x01004312        0x2 
 .text.Mcu_MC_ME_GetCurrentModeClockSettings
                0x01004314       0x28 ./src/Mcu_TS_T2D35M10I1R0/src/Mcu_MC_ME.o
                0x01004314                Mcu_MC_ME_GetCurrentModeClockSettings
 .text.Mcu_PLLDIG_PllConfig
                0x0100433c       0x62 ./src/Mcu_TS_T2D35M10I1R0/src/Mcu_PLLDIG.o
                0x0100433c                Mcu_PLLDIG_PllConfig
 *fill*         0x0100439e        0x2 
 .text.Mcu_PRAM_SetRamWS
                0x010043a0       0x3a ./src/Mcu_TS_T2D35M10I1R0/src/Mcu_PRAM.o
                0x010043a0                Mcu_PRAM_SetRamWS
 *fill*         0x010043da        0x2 
 .text.Port_Init
                0x010043dc       0x58 ./src/Port_TS_T2D35M10I1R0/src/Port.o
                0x010043dc                Port_Init
 .text.Port_Siul2_Init_UnusedPins
                0x01004434       0x92 ./src/Port_TS_T2D35M10I1R0/src/Port_Siul2.o
 *fill*         0x010044c6        0x2 
 .text.Port_Siul2_Init_ConfiguredPins
                0x010044c8      0x11c ./src/Port_TS_T2D35M10I1R0/src/Port_Siul2.o
 .text.Port_Siul2_Init
                0x010045e4       0xf0 ./src/Port_TS_T2D35M10I1R0/src/Port_Siul2.o
                0x010045e4                Port_Siul2_Init
 .text.Dio_schm_read_msr
                0x010046d4       0x1e ./src/Rte_TS_T2D35M10I1R0/src/SchM_Dio.o
                0x010046d4                Dio_schm_read_msr
 *fill*         0x010046f2        0x2 
 .text.SchM_Enter_Dio_DIO_EXCLUSIVE_AREA_01
                0x010046f4       0x84 ./src/Rte_TS_T2D35M10I1R0/src/SchM_Dio.o
                0x010046f4                SchM_Enter_Dio_DIO_EXCLUSIVE_AREA_01
 .text.SchM_Exit_Dio_DIO_EXCLUSIVE_AREA_01
                0x01004778       0x6c ./src/Rte_TS_T2D35M10I1R0/src/SchM_Dio.o
                0x01004778                SchM_Exit_Dio_DIO_EXCLUSIVE_AREA_01
 *(.init)
 .init          0x010047e4        0xc c:/nxp/s32ds_power_v2.1/s32ds/build_tools/powerpc-eabivle-4_9/bin/../lib/gcc/powerpc-eabivle/4.9.4/e200z4/fp/ecrti.o
                0x010047e4                __init
 .init          0x010047f0        0x4 c:/nxp/s32ds_power_v2.1/s32ds/build_tools/powerpc-eabivle-4_9/bin/../lib/gcc/powerpc-eabivle/4.9.4/e200z4/fp/crtbegin.o
 .init          0x010047f4        0x4 c:/nxp/s32ds_power_v2.1/s32ds/build_tools/powerpc-eabivle-4_9/bin/../lib/gcc/powerpc-eabivle/4.9.4/e200z4/fp/crtend.o
 .init          0x010047f8        0xa c:/nxp/s32ds_power_v2.1/s32ds/build_tools/powerpc-eabivle-4_9/bin/../lib/gcc/powerpc-eabivle/4.9.4/e200z4/fp/ecrtn.o
 *(.fini)
 *fill*         0x01004802        0x2 
 .fini          0x01004804        0xc c:/nxp/s32ds_power_v2.1/s32ds/build_tools/powerpc-eabivle-4_9/bin/../lib/gcc/powerpc-eabivle/4.9.4/e200z4/fp/ecrti.o
                0x01004804                __fini
 .fini          0x01004810        0x4 c:/nxp/s32ds_power_v2.1/s32ds/build_tools/powerpc-eabivle-4_9/bin/../lib/gcc/powerpc-eabivle/4.9.4/e200z4/fp/crtbegin.o
 .fini          0x01004814        0xa c:/nxp/s32ds_power_v2.1/s32ds/build_tools/powerpc-eabivle-4_9/bin/../lib/gcc/powerpc-eabivle/4.9.4/e200z4/fp/ecrtn.o
                0x01004820                . = ALIGN (0x10)
 *fill*         0x0100481e        0x2 

.glink          0x01004820        0x0
 .glink         0x01004820        0x0 c:/nxp/s32ds_power_v2.1/s32ds/build_tools/powerpc-eabivle-4_9/bin/../lib/gcc/powerpc-eabivle/4.9.4/e200z4/fp/crtbegin.o

.ctors          0x01004820        0x8
                0x01004820                __CTOR_LIST__ = .
 *crtbegin.o(.ctors)
 .ctors         0x01004820        0x4 c:/nxp/s32ds_power_v2.1/s32ds/build_tools/powerpc-eabivle-4_9/bin/../lib/gcc/powerpc-eabivle/4.9.4/e200z4/fp/crtbegin.o
 *crtbegin?.o(.ctors)
 *(EXCLUDE_FILE(*crtend.o *crtend?.o) .ctors)
 .ctors         0x01004824        0x0 c:/nxp/s32ds_power_v2.1/s32ds/build_tools/powerpc-eabivle-4_9/bin/../lib/gcc/powerpc-eabivle/4.9.4/e200z4/fp/ecrti.o
 .ctors         0x01004824        0x0 c:/nxp/s32ds_power_v2.1/s32ds/build_tools/powerpc-eabivle-4_9/bin/../lib/gcc/powerpc-eabivle/4.9.4/e200z4/fp/ecrtn.o
 *(SORT(.ctors.*))
 *(.ctors)
 .ctors         0x01004824        0x4 c:/nxp/s32ds_power_v2.1/s32ds/build_tools/powerpc-eabivle-4_9/bin/../lib/gcc/powerpc-eabivle/4.9.4/e200z4/fp/crtend.o
                0x01004828                __CTOR_END__ = .

.dtors          0x01004828        0x8
                0x01004828                __DTOR_LIST__ = .
 *crtbegin.o(.dtors)
 .dtors         0x01004828        0x4 c:/nxp/s32ds_power_v2.1/s32ds/build_tools/powerpc-eabivle-4_9/bin/../lib/gcc/powerpc-eabivle/4.9.4/e200z4/fp/crtbegin.o
 *crtbegin?.o(.dtors)
 *(EXCLUDE_FILE(*crtend.o *crtend?.o) .dtors)
 .dtors         0x0100482c        0x0 c:/nxp/s32ds_power_v2.1/s32ds/build_tools/powerpc-eabivle-4_9/bin/../lib/gcc/powerpc-eabivle/4.9.4/e200z4/fp/ecrti.o
 .dtors         0x0100482c        0x0 c:/nxp/s32ds_power_v2.1/s32ds/build_tools/powerpc-eabivle-4_9/bin/../lib/gcc/powerpc-eabivle/4.9.4/e200z4/fp/ecrtn.o
 *(SORT(.dtors.*))
 *(.dtors)
 .dtors         0x0100482c        0x4 c:/nxp/s32ds_power_v2.1/s32ds/build_tools/powerpc-eabivle-4_9/bin/../lib/gcc/powerpc-eabivle/4.9.4/e200z4/fp/crtend.o
                0x01004830                __DTOR_END__ = .

.preinit_array  0x01004830        0x0
                [!provide]                PROVIDE (__preinit_array_start, .)
 *(.preinit_array*)
                [!provide]                PROVIDE (__preinit_array_end, .)

.init_array     0x01004830        0x0
                [!provide]                PROVIDE (__init_array_start, .)
 *(SORT(.init_array.*))
 *(.init_array*)
                [!provide]                PROVIDE (__init_array_end, .)

.fini_array     0x01004830        0x0
                [!provide]                PROVIDE (__fini_array_start, .)
 *(SORT(.fini_array.*))
 *(.fini_array*)
                [!provide]                PROVIDE (__fini_array_end, .)

.rodata         0x01004830     0x1064
 *(.rodata)
 *(.rodata.*)
 .rodata.Mcu_MC_ME_BlindEnabledClockUpdate
                0x01004830       0x80 ./src/Mcu_TS_T2D35M10I1R0/src/Mcu_MC_ME.o
 .rodata.Mcu_MC_ME_EnabledClkUpdate
                0x010048b0       0x80 ./src/Mcu_TS_T2D35M10I1R0/src/Mcu_MC_ME.o
 .rodata.Mcu_MC_ME_SystemClkUpdate
                0x01004930       0x80 ./src/Mcu_TS_T2D35M10I1R0/src/Mcu_MC_ME.o
 .rodata.Mcu_aModeConfigPB0
                0x010049b0        0xc ./src/generated/src/Mcu_PBcfg.o
 .rodata.MC_CGM_aPcsClockConfigPB0_0
                0x010049bc       0x30 ./src/generated/src/Mcu_PBcfg.o
 .rodata.MC_CGM_aSystemClockConfigPB0_0
                0x010049ec       0x20 ./src/generated/src/Mcu_PBcfg.o
 .rodata.MC_CGM_aAuxClockConfigPB0_0
                0x01004a0c       0x58 ./src/generated/src/Mcu_PBcfg.o
 .rodata.MC_CGM_ClockConfigPB0_0
                0x01004a64       0x24 ./src/generated/src/Mcu_PBcfg.o
 .rodata.Mcu_FIRC_ClockConfigPB0_0
                0x01004a88        0x4 ./src/generated/src/Mcu_PBcfg.o
 .rodata.Mcu_PLLDIG_aRegistersConfigPB0_0
                0x01004a8c       0x30 ./src/generated/src/Mcu_PBcfg.o
 .rodata.Mcu_PLLDIG_ClockConfigPB0_0
                0x01004abc        0x8 ./src/generated/src/Mcu_PBcfg.o
 .rodata.Mcu_CMU_ConfigPB0_0
                0x01004ac4        0xc ./src/generated/src/Mcu_PBcfg.o
 .rodata.SRAMC_ClockConfigPB0_0
                0x01004ad0        0xc ./src/generated/src/Mcu_PBcfg.o
 .rodata.Mcu_aClockConfigPB0
                0x01004adc       0x30 ./src/generated/src/Mcu_PBcfg.o
 .rodata.MC_RGM_ConfigPB0
                0x01004b0c       0x24 ./src/generated/src/Mcu_PBcfg.o
 .rodata.MC_ME_aCaddrConfigPB0
                0x01004b30       0x24 ./src/generated/src/Mcu_PBcfg.o
 .rodata.MC_ME_aCctlConfigPB0
                0x01004b54       0x18 ./src/generated/src/Mcu_PBcfg.o
 .rodata.MC_ME_aPCTLConfigPB0
                0x01004b6c      0x210 ./src/generated/src/Mcu_PBcfg.o
 .rodata.MC_ME_ConfigPB0
                0x01004d7c       0x60 ./src/generated/src/Mcu_PBcfg.o
 .rodata.Mcu_HwIPsConfigPB0
                0x01004ddc        0x8 ./src/generated/src/Mcu_PBcfg.o
 .rodata.McuModuleConfiguration
                0x01004de4       0x18 ./src/generated/src/Mcu_PBcfg.o
                0x01004de4                McuModuleConfiguration
 .rodata.Port_au16NoUnUsedPadsArrayDefault
                0x01004dfc      0x208 ./src/generated/src/Port_PBcfg.o
 .rodata.Port_UnUsedPin
                0x01005004        0x8 ./src/generated/src/Port_PBcfg.o
 .rodata.Port_aPinConfigDefault
                0x0100500c       0x80 ./src/generated/src/Port_PBcfg.o
 .rodata.Port_aPadSelConfigDefault
                0x0100508c      0x7f4 ./src/generated/src/Port_PBcfg.o
 .rodata.PortConfigSet
                0x01005880       0x14 ./src/generated/src/Port_PBcfg.o
                0x01005880                PortConfigSet
 *(.got1)

.eh_frame_hdr
 *(.eh_frame_hdr)

.eh_frame       0x01005894        0x8
 *(.eh_frame)
 .eh_frame      0x01005894        0x0 c:/nxp/s32ds_power_v2.1/s32ds/build_tools/powerpc-eabivle-4_9/bin/../lib/gcc/powerpc-eabivle/4.9.4/e200z4/fp/ecrti.o
                0x01005894                __EH_FRAME_BEGIN__
 .eh_frame      0x01005894        0x0 c:/nxp/s32ds_power_v2.1/s32ds/build_tools/powerpc-eabivle-4_9/bin/../lib/gcc/powerpc-eabivle/4.9.4/e200z4/fp/crtbegin.o
 .eh_frame      0x01005894        0x0 c:/nxp/s32ds_power_v2.1/s32ds/build_tools/powerpc-eabivle-4_9/bin/../lib/gcc/powerpc-eabivle/4.9.4/e200z4/fp/crtbegin.o
 .eh_frame      0x01005894        0x4 c:/nxp/s32ds_power_v2.1/s32ds/build_tools/powerpc-eabivle-4_9/bin/../lib/gcc/powerpc-eabivle/4.9.4/e200z4/fp/crtend.o
 .eh_frame      0x01005898        0x4 c:/nxp/s32ds_power_v2.1/s32ds/build_tools/powerpc-eabivle-4_9/bin/../lib/gcc/powerpc-eabivle/4.9.4/e200z4/fp/ecrtn.o
                0x01005898                __EH_FRAME_END__

.data           0x40000000       0x24 load address 0x0100589c
 *(.data)
 .data          0x40000000        0x4 c:/nxp/s32ds_power_v2.1/s32ds/build_tools/powerpc-eabivle-4_9/bin/../lib/gcc/powerpc-eabivle/4.9.4/e200z4/fp\libgcc.a(eabivle.o)
 *(.data.*)
 .data.Mcu_eStatus
                0x40000004        0x4 ./src/Mcu_TS_T2D35M10I1R0/src/Mcu.o
 *(.got.plt)
 *(.got)
 *(.got2)
 .got2          0x40000008       0x1c c:/nxp/s32ds_power_v2.1/s32ds/build_tools/powerpc-eabivle-4_9/bin/../lib/gcc/powerpc-eabivle/4.9.4/e200z4/fp\libgcc.a(eabivle.o)
 *(.dynamic)
 *(.fixup)
                0x40000024                . = ALIGN (0x4)

.jcr            0x40000024        0x0 load address 0x010058c0
 .jcr           0x40000024        0x0 c:/nxp/s32ds_power_v2.1/s32ds/build_tools/powerpc-eabivle-4_9/bin/../lib/gcc/powerpc-eabivle/4.9.4/e200z4/fp/crtbegin.o

.tm_clone_table
                0x40000024        0x0 load address 0x010058c0
 .tm_clone_table
                0x40000024        0x0 c:/nxp/s32ds_power_v2.1/s32ds/build_tools/powerpc-eabivle-4_9/bin/../lib/gcc/powerpc-eabivle/4.9.4/e200z4/fp/crtbegin.o
 .tm_clone_table
                0x40000024        0x0 c:/nxp/s32ds_power_v2.1/s32ds/build_tools/powerpc-eabivle-4_9/bin/../lib/gcc/powerpc-eabivle/4.9.4/e200z4/fp/crtend.o

.sdata2         0x40000024        0x0 load address 0x010058c0
 *(.sdata2)
 .sdata2        0x40000024        0x0 c:/nxp/s32ds_power_v2.1/s32ds/build_tools/powerpc-eabivle-4_9/bin/../lib/gcc/powerpc-eabivle/4.9.4/e200z4/fp/ecrti.o
 .sdata2        0x40000024        0x0 c:/nxp/s32ds_power_v2.1/s32ds/build_tools/powerpc-eabivle-4_9/bin/../lib/gcc/powerpc-eabivle/4.9.4/e200z4/fp/crtbegin.o
 *(.sdata2.*)

.sbss2          0x40000024        0x0 load address 0x010058c0
 *(.sbss2)
 .sbss2         0x40000024        0x0 c:/nxp/s32ds_power_v2.1/s32ds/build_tools/powerpc-eabivle-4_9/bin/../lib/gcc/powerpc-eabivle/4.9.4/e200z4/fp/ecrtn.o
 *(.sbss2.*)

.rela.dyn       0x40000024        0x0 load address 0x010058c0
 .rela.iplt     0x40000024        0x0 c:/nxp/s32ds_power_v2.1/s32ds/build_tools/powerpc-eabivle-4_9/bin/../lib/gcc/powerpc-eabivle/4.9.4/e200z4/fp/crtbegin.o
 .rela.text     0x40000024        0x0 c:/nxp/s32ds_power_v2.1/s32ds/build_tools/powerpc-eabivle-4_9/bin/../lib/gcc/powerpc-eabivle/4.9.4/e200z4/fp/crtbegin.o
 .rela.text.Det_ReportError
                0x40000024        0x0 c:/nxp/s32ds_power_v2.1/s32ds/build_tools/powerpc-eabivle-4_9/bin/../lib/gcc/powerpc-eabivle/4.9.4/e200z4/fp/crtbegin.o
 .rela.text.Det_ReportRuntimeError
                0x40000024        0x0 c:/nxp/s32ds_power_v2.1/s32ds/build_tools/powerpc-eabivle-4_9/bin/../lib/gcc/powerpc-eabivle/4.9.4/e200z4/fp/crtbegin.o
 .rela.text.Det_ReportTransientFault
                0x40000024        0x0 c:/nxp/s32ds_power_v2.1/s32ds/build_tools/powerpc-eabivle-4_9/bin/../lib/gcc/powerpc-eabivle/4.9.4/e200z4/fp/crtbegin.o
 .rela.text.Fls_Flash_Init
                0x40000024        0x0 c:/nxp/s32ds_power_v2.1/s32ds/build_tools/powerpc-eabivle-4_9/bin/../lib/gcc/powerpc-eabivle/4.9.4/e200z4/fp/crtbegin.o
 .rela.text.Fls_Flash_AbortSuspended
                0x40000024        0x0 c:/nxp/s32ds_power_v2.1/s32ds/build_tools/powerpc-eabivle-4_9/bin/../lib/gcc/powerpc-eabivle/4.9.4/e200z4/fp/crtbegin.o
 .rela.text.InitINTC
                0x40000024        0x0 c:/nxp/s32ds_power_v2.1/s32ds/build_tools/powerpc-eabivle-4_9/bin/../lib/gcc/powerpc-eabivle/4.9.4/e200z4/fp/crtbegin.o
 .rela.text.xcptn_xmpl
                0x40000024        0x0 c:/nxp/s32ds_power_v2.1/s32ds/build_tools/powerpc-eabivle-4_9/bin/../lib/gcc/powerpc-eabivle/4.9.4/e200z4/fp/crtbegin.o
 .rela.text.main
                0x40000024        0x0 c:/nxp/s32ds_power_v2.1/s32ds/build_tools/powerpc-eabivle-4_9/bin/../lib/gcc/powerpc-eabivle/4.9.4/e200z4/fp/crtbegin.o
 .rela.text.Port_Ipw_GetIndexForInoutEntry
                0x40000024        0x0 c:/nxp/s32ds_power_v2.1/s32ds/build_tools/powerpc-eabivle-4_9/bin/../lib/gcc/powerpc-eabivle/4.9.4/e200z4/fp/crtbegin.o
 .rela.text.Port_Ipw_SetPinMode
                0x40000024        0x0 c:/nxp/s32ds_power_v2.1/s32ds/build_tools/powerpc-eabivle-4_9/bin/../lib/gcc/powerpc-eabivle/4.9.4/e200z4/fp/crtbegin.o
 .rela.got2     0x40000024        0x0 c:/nxp/s32ds_power_v2.1/s32ds/build_tools/powerpc-eabivle-4_9/bin/../lib/gcc/powerpc-eabivle/4.9.4/e200z4/fp/crtbegin.o

.sdata          0x40000024        0x8 load address 0x010058c0
 *(.sdata)
 .sdata         0x40000024        0x0 c:/nxp/s32ds_power_v2.1/s32ds/build_tools/powerpc-eabivle-4_9/bin/../lib/gcc/powerpc-eabivle/4.9.4/e200z4/fp/ecrti.o
                0x40000024                __SDATA_START__
 .sdata         0x40000024        0x0 c:/nxp/s32ds_power_v2.1/s32ds/build_tools/powerpc-eabivle-4_9/bin/../lib/gcc/powerpc-eabivle/4.9.4/e200z4/fp/crtbegin.o
                0x40008024                _SDA_BASE_
 *(.sdata.*)
 .sdata.Mcu_CMU_au32BaseAddr
                0x40000024        0x8 ./src/Mcu_TS_T2D35M10I1R0/src/Mcu_CMU.o
                0x40000024                Mcu_CMU_au32BaseAddr

.bss            0x4000002c       0x70 load address 0x010058c8
                0x4000002c                __BSS_START = .
 *(.sbss)
 .sbss          0x4000002c        0x0 c:/nxp/s32ds_power_v2.1/s32ds/build_tools/powerpc-eabivle-4_9/bin/../lib/gcc/powerpc-eabivle/4.9.4/e200z4/fp/crtbegin.o
 .sbss          0x4000002c       0x10 ./src/Det_TS_T2D35M10I1R0/src/Det.o
                0x4000002c                Det_ErrorId
                0x4000002d                Det_RuntimeErrorId
                0x4000002e                Det_RuntimeModuleId
                0x40000030                Det_TransientFaultId
                0x40000031                Det_InstanceId
                0x40000032                Det_TransientApiId
                0x40000033                Det_ApiId
                0x40000034                Det_TransientModuleId
                0x40000036                Det_RuntimeApiId
                0x40000038                Det_ModuleId
                0x4000003a                Det_TransientInstanceId
                0x4000003b                Det_RuntimeInstanceId
 .sbss          0x4000003c        0x0 c:/nxp/s32ds_power_v2.1/s32ds/build_tools/powerpc-eabivle-4_9/bin/../lib/gcc/powerpc-eabivle/4.9.4/e200z4/fp/ecrtn.o
                0x4000003c                __SBSS_END__
 *(.sbss.*)
 .sbss.Mcu_pConfigPtr
                0x4000003c        0x4 ./src/Mcu_TS_T2D35M10I1R0/src/Mcu.o
                0x4000003c                Mcu_pConfigPtr
 .sbss.Port_pConfig
                0x40000040        0x4 ./src/Port_TS_T2D35M10I1R0/src/Port.o
                0x40000040                Port_pConfig
 *(.bss)
 .bss           0x40000044       0x20 c:/nxp/s32ds_power_v2.1/s32ds/build_tools/powerpc-eabivle-4_9/bin/../lib/gcc/powerpc-eabivle/4.9.4/e200z4/fp/crtbegin.o
 *(.bss.*)
 .bss.Mcu_au8ClockConfigIds
                0x40000064        0x1 ./src/Mcu_TS_T2D35M10I1R0/src/Mcu.o
 *fill*         0x40000065        0x3 
 .bss.Mcu_au8ModeConfigIds
                0x40000068        0x1 ./src/Mcu_TS_T2D35M10I1R0/src/Mcu.o
 *fill*         0x40000069        0x3 
 .bss.Mcu_pClockConfig
                0x4000006c        0x4 ./src/Mcu_TS_T2D35M10I1R0/src/Mcu_IPW.o
 .bss.Port_Siul2_au16GPIODirChangeability
                0x40000070       0x22 ./src/Port_TS_T2D35M10I1R0/src/Port_Siul2.o
 *fill*         0x40000092        0x2 
 .bss.msr_01    0x40000094        0x4 ./src/Rte_TS_T2D35M10I1R0/src/SchM_Dio.o
 .bss.reentry_guard_01
                0x40000098        0x4 ./src/Rte_TS_T2D35M10I1R0/src/SchM_Dio.o
 *(COMMON)
                0x4000009c                __BSS_END = .

.iplt           0x400000a0        0x0 load address 0x010058c8
 .iplt          0x400000a0        0x0 c:/nxp/s32ds_power_v2.1/s32ds/build_tools/powerpc-eabivle-4_9/bin/../lib/gcc/powerpc-eabivle/4.9.4/e200z4/fp/crtbegin.o

.stack          0x400000a0     0x1004 load address 0x010058d0
                0x400000a0                __HEAP = .
                [!provide]                PROVIDE (_end, .)
                [!provide]                PROVIDE (end, .)
                0x400000a0                . = (. + __HEAP_SIZE)
                0x400000a0                __HEAP_END = .
                0x400000a0                _stack_end = .
                0x400010a0                . = (. + __STACK_SIZE)
 *fill*         0x400000a0     0x1000 
                0x400010a0                _stack_addr = .
                0x400010a0                __SP_INIT = .
                0x400010a4                . = (. + 0x4)
 *fill*         0x400010a0        0x4 
                0x40000000                __DATA_SRAM_ADDR = ADDR (.data)
                0x40000024                __SDATA_SRAM_ADDR = ADDR (.sdata)
                0x00000024                __DATA_SIZE = SIZEOF (.data)
                0x00000008                __SDATA_SIZE = SIZEOF (.sdata)
                0x0100589c                __DATA_ROM_ADDR = LOADADDR (.data)
                0x010058c0                __SDATA_ROM_ADDR = LOADADDR (.sdata)
                0x00040000                __SRAM_SIZE = SRAM_SIZE
                0x40000000                __SRAM_BASE_ADDR = SRAM_BASE_ADDR
                0x00000070                __BSS_SIZE = (__BSS_END - __BSS_START)
OUTPUT(appA2_Z4_0.elf elf32-powerpc)

.comment        0x00000000       0x9c
 .comment       0x00000000        0xd c:/nxp/s32ds_power_v2.1/s32ds/build_tools/powerpc-eabivle-4_9/bin/../lib/gcc/powerpc-eabivle/4.9.4/e200z4/fp/ecrti.o
                                  0xe (size before relaxing)
 .comment       0x0000000d       0x82 c:/nxp/s32ds_power_v2.1/s32ds/build_tools/powerpc-eabivle-4_9/bin/../lib/gcc/powerpc-eabivle/4.9.4/e200z4/fp/crtbegin.o
                                 0x83 (size before relaxing)
 .comment       0x0000008f       0x83 ./src/Det_TS_T2D35M10I1R0/src/Det.o
 .comment       0x0000008f       0x83 ./src/Dio_TS_T2D35M10I1R0/src/Dio.o
 .comment       0x0000008f       0x83 ./src/Dio_TS_T2D35M10I1R0/src/Dio_Siul2.o
 .comment       0x0000008f       0x83 ./src/Fls_TS_T2D35M10I1R0/src/Fls.o
 .comment       0x0000008f       0x83 ./src/Fls_TS_T2D35M10I1R0/src/Fls_Ac.o
 .comment       0x0000008f       0x83 ./src/Fls_TS_T2D35M10I1R0/src/Fls_Flash.o
 .comment       0x0000008f       0x83 ./src/Fls_TS_T2D35M10I1R0/src/Fls_IPW.o
 .comment       0x0000008f       0x83 ./src/MPC57xx__Interrupt_Init.o
 .comment       0x0000008f       0x83 ./src/Vector.o
 .comment       0x0000008f       0x83 ./src/intc_SW_mode_isr_vectors_MPC5748G.o
 .comment       0x0000008f       0x83 ./src/main.o
 .comment       0x0000008f       0x83 ./src/Mcu_TS_T2D35M10I1R0/src/Mcu.o
 .comment       0x0000008f       0x83 ./src/Mcu_TS_T2D35M10I1R0/src/Mcu_CMU.o
 .comment       0x0000008f       0x83 ./src/Mcu_TS_T2D35M10I1R0/src/Mcu_CMU_Irq.o
 .comment       0x0000008f       0x83 ./src/Mcu_TS_T2D35M10I1R0/src/Mcu_FIRC.o
 .comment       0x0000008f       0x83 ./src/Mcu_TS_T2D35M10I1R0/src/Mcu_FXOSC.o
 .comment       0x0000008f       0x83 ./src/Mcu_TS_T2D35M10I1R0/src/Mcu_FXOSC_Irq.o
 .comment       0x0000008f       0x83 ./src/Mcu_TS_T2D35M10I1R0/src/Mcu_IPW.o
 .comment       0x0000008f       0x83 ./src/Mcu_TS_T2D35M10I1R0/src/Mcu_MC_CGM.o
 .comment       0x0000008f       0x83 ./src/Mcu_TS_T2D35M10I1R0/src/Mcu_MC_Irq.o
 .comment       0x0000008f       0x83 ./src/Mcu_TS_T2D35M10I1R0/src/Mcu_MC_ME.o
 .comment       0x0000008f       0x83 ./src/Mcu_TS_T2D35M10I1R0/src/Mcu_MC_RGM.o
 .comment       0x0000008f       0x83 ./src/Mcu_TS_T2D35M10I1R0/src/Mcu_PLLDIG.o
 .comment       0x0000008f       0x83 ./src/Mcu_TS_T2D35M10I1R0/src/Mcu_PLLDIG_Irq.o
 .comment       0x0000008f       0x83 ./src/Mcu_TS_T2D35M10I1R0/src/Mcu_PRAM.o
 .comment       0x0000008f       0x83 ./src/Mcu_TS_T2D35M10I1R0/src/Mcu_SSCM.o
 .comment       0x0000008f       0x83 ./src/Mcu_TS_T2D35M10I1R0/src/Mcu_SXOSC.o
 .comment       0x0000008f       0x83 ./src/Mcu_TS_T2D35M10I1R0/src/Mcu_SXOSC_Irq.o
 .comment       0x0000008f       0x83 ./src/Port_TS_T2D35M10I1R0/src/Port.o
 .comment       0x0000008f       0x83 ./src/Port_TS_T2D35M10I1R0/src/Port_Ipw.o
 .comment       0x0000008f       0x83 ./src/Port_TS_T2D35M10I1R0/src/Port_Siul2.o
 .comment       0x0000008f       0x83 ./src/Rte_TS_T2D35M10I1R0/src/SchM_Adc.o
 .comment       0x0000008f       0x83 ./src/Rte_TS_T2D35M10I1R0/src/SchM_Can.o
 .comment       0x0000008f       0x83 ./src/Rte_TS_T2D35M10I1R0/src/SchM_Crcu.o
 .comment       0x0000008f       0x83 ./src/Rte_TS_T2D35M10I1R0/src/SchM_Crypto.o
 .comment       0x0000008f       0x83 ./src/Rte_TS_T2D35M10I1R0/src/SchM_Dio.o
 .comment       0x0000008f       0x83 ./src/Rte_TS_T2D35M10I1R0/src/SchM_Eep.o
 .comment       0x0000008f       0x83 ./src/Rte_TS_T2D35M10I1R0/src/SchM_Eth.o
 .comment       0x0000008f       0x83 ./src/Rte_TS_T2D35M10I1R0/src/SchM_Fee.o
 .comment       0x0000008f       0x83 ./src/Rte_TS_T2D35M10I1R0/src/SchM_Fls.o
 .comment       0x0000008f       0x83 ./src/Rte_TS_T2D35M10I1R0/src/SchM_Fr.o
 .comment       0x0000008f       0x83 ./src/Rte_TS_T2D35M10I1R0/src/SchM_Gpt.o
 .comment       0x0000008f       0x83 ./src/Rte_TS_T2D35M10I1R0/src/SchM_I2c.o
 .comment       0x0000008f       0x83 ./src/Rte_TS_T2D35M10I1R0/src/SchM_Icu.o
 .comment       0x0000008f       0x83 ./src/Rte_TS_T2D35M10I1R0/src/SchM_Lin.o
 .comment       0x0000008f       0x83 ./src/Rte_TS_T2D35M10I1R0/src/SchM_Mcem.o
 .comment       0x0000008f       0x83 ./src/Rte_TS_T2D35M10I1R0/src/SchM_Mcl.o
 .comment       0x0000008f       0x83 ./src/Rte_TS_T2D35M10I1R0/src/SchM_Mcu.o
 .comment       0x0000008f       0x83 ./src/Rte_TS_T2D35M10I1R0/src/SchM_Ocu.o
 .comment       0x0000008f       0x83 ./src/Rte_TS_T2D35M10I1R0/src/SchM_Port.o
 .comment       0x0000008f       0x83 ./src/Rte_TS_T2D35M10I1R0/src/SchM_Pwm.o
 .comment       0x0000008f       0x83 ./src/Rte_TS_T2D35M10I1R0/src/SchM_RamTst.o
 .comment       0x0000008f       0x83 ./src/Rte_TS_T2D35M10I1R0/src/SchM_Spi.o
 .comment       0x0000008f       0x83 ./src/Rte_TS_T2D35M10I1R0/src/SchM_Wdg.o
 .comment       0x0000008f       0x83 ./src/generated/src/Mcu_PBcfg.o
 .comment       0x0000008f       0x83 ./src/generated/src/Port_PBcfg.o
 .comment       0x0000008f       0x83 c:/nxp/s32ds_power_v2.1/s32ds/build_tools/powerpc-eabivle-4_9/bin/../lib/gcc/powerpc-eabivle/4.9.4/e200z4/fp/crtend.o
 .comment       0x0000008f        0xd c:/nxp/s32ds_power_v2.1/s32ds/build_tools/powerpc-eabivle-4_9/bin/../lib/gcc/powerpc-eabivle/4.9.4/e200z4/fp/ecrtn.o
                                  0xe (size before relaxing)

.PPC.EMB.apuinfo
                0x00000000       0x18
 .PPC.EMB.apuinfo
                0x00000000       0x18 c:/nxp/s32ds_power_v2.1/s32ds/build_tools/powerpc-eabivle-4_9/bin/../lib/gcc/powerpc-eabivle/4.9.4/e200z4/fp/ecrti.o
 .PPC.EMB.apuinfo
                0x00000018       0x18 c:/nxp/s32ds_power_v2.1/s32ds/build_tools/powerpc-eabivle-4_9/bin/../lib/gcc/powerpc-eabivle/4.9.4/e200z4/fp/crtbegin.o
 .PPC.EMB.apuinfo
                0x00000030       0x18 ./Project_Settings/Startup_Code/startup.o
 .PPC.EMB.apuinfo
                0x00000048       0x18 ./src/Det_TS_T2D35M10I1R0/src/Det.o
 .PPC.EMB.apuinfo
                0x00000060       0x18 ./src/Dio_TS_T2D35M10I1R0/src/Dio.o
 .PPC.EMB.apuinfo
                0x00000078       0x18 ./src/Dio_TS_T2D35M10I1R0/src/Dio_Siul2.o
 .PPC.EMB.apuinfo
                0x00000090       0x18 ./src/Fls_TS_T2D35M10I1R0/src/Fls.o
 .PPC.EMB.apuinfo
                0x000000a8       0x18 ./src/Fls_TS_T2D35M10I1R0/src/Fls_Ac.o
 .PPC.EMB.apuinfo
                0x000000c0       0x18 ./src/Fls_TS_T2D35M10I1R0/src/Fls_Flash.o
 .PPC.EMB.apuinfo
                0x000000d8       0x18 ./src/Fls_TS_T2D35M10I1R0/src/Fls_IPW.o
 .PPC.EMB.apuinfo
                0x000000f0       0x18 ./src/MPC57xx__Interrupt_Init.o
 .PPC.EMB.apuinfo
                0x00000108       0x18 ./src/Vector.o
 .PPC.EMB.apuinfo
                0x00000120       0x18 ./src/intc_SW_mode_isr_vectors_MPC5748G.o
 .PPC.EMB.apuinfo
                0x00000138       0x18 ./src/intc_sw_handlers.o
 .PPC.EMB.apuinfo
                0x00000150       0x18 ./src/main.o
 .PPC.EMB.apuinfo
                0x00000168       0x18 ./src/Mcu_TS_T2D35M10I1R0/src/Mcu.o
 .PPC.EMB.apuinfo
                0x00000180       0x18 ./src/Mcu_TS_T2D35M10I1R0/src/Mcu_CMU.o
 .PPC.EMB.apuinfo
                0x00000198       0x18 ./src/Mcu_TS_T2D35M10I1R0/src/Mcu_CMU_Irq.o
 .PPC.EMB.apuinfo
                0x000001b0       0x18 ./src/Mcu_TS_T2D35M10I1R0/src/Mcu_FIRC.o
 .PPC.EMB.apuinfo
                0x000001c8       0x18 ./src/Mcu_TS_T2D35M10I1R0/src/Mcu_FXOSC.o
 .PPC.EMB.apuinfo
                0x000001e0       0x18 ./src/Mcu_TS_T2D35M10I1R0/src/Mcu_FXOSC_Irq.o
 .PPC.EMB.apuinfo
                0x000001f8       0x18 ./src/Mcu_TS_T2D35M10I1R0/src/Mcu_IPW.o
 .PPC.EMB.apuinfo
                0x00000210       0x18 ./src/Mcu_TS_T2D35M10I1R0/src/Mcu_MC_CGM.o
 .PPC.EMB.apuinfo
                0x00000228       0x18 ./src/Mcu_TS_T2D35M10I1R0/src/Mcu_MC_Irq.o
 .PPC.EMB.apuinfo
                0x00000240       0x18 ./src/Mcu_TS_T2D35M10I1R0/src/Mcu_MC_ME.o
 .PPC.EMB.apuinfo
                0x00000258       0x18 ./src/Mcu_TS_T2D35M10I1R0/src/Mcu_MC_RGM.o
 .PPC.EMB.apuinfo
                0x00000270       0x18 ./src/Mcu_TS_T2D35M10I1R0/src/Mcu_PLLDIG.o
 .PPC.EMB.apuinfo
                0x00000288       0x18 ./src/Mcu_TS_T2D35M10I1R0/src/Mcu_PLLDIG_Irq.o
 .PPC.EMB.apuinfo
                0x000002a0       0x18 ./src/Mcu_TS_T2D35M10I1R0/src/Mcu_PRAM.o
 .PPC.EMB.apuinfo
                0x000002b8       0x18 ./src/Mcu_TS_T2D35M10I1R0/src/Mcu_SSCM.o
 .PPC.EMB.apuinfo
                0x000002d0       0x18 ./src/Mcu_TS_T2D35M10I1R0/src/Mcu_SXOSC.o
 .PPC.EMB.apuinfo
                0x000002e8       0x18 ./src/Mcu_TS_T2D35M10I1R0/src/Mcu_SXOSC_Irq.o
 .PPC.EMB.apuinfo
                0x00000300       0x18 ./src/Port_TS_T2D35M10I1R0/src/Port.o
 .PPC.EMB.apuinfo
                0x00000318       0x18 ./src/Port_TS_T2D35M10I1R0/src/Port_Ipw.o
 .PPC.EMB.apuinfo
                0x00000330       0x18 ./src/Port_TS_T2D35M10I1R0/src/Port_Siul2.o
 .PPC.EMB.apuinfo
                0x00000348       0x18 ./src/Rte_TS_T2D35M10I1R0/src/SchM_Adc.o
 .PPC.EMB.apuinfo
                0x00000360       0x18 ./src/Rte_TS_T2D35M10I1R0/src/SchM_Can.o
 .PPC.EMB.apuinfo
                0x00000378       0x18 ./src/Rte_TS_T2D35M10I1R0/src/SchM_Crcu.o
 .PPC.EMB.apuinfo
                0x00000390       0x18 ./src/Rte_TS_T2D35M10I1R0/src/SchM_Crypto.o
 .PPC.EMB.apuinfo
                0x000003a8       0x18 ./src/Rte_TS_T2D35M10I1R0/src/SchM_Dio.o
 .PPC.EMB.apuinfo
                0x000003c0       0x18 ./src/Rte_TS_T2D35M10I1R0/src/SchM_Eep.o
 .PPC.EMB.apuinfo
                0x000003d8       0x18 ./src/Rte_TS_T2D35M10I1R0/src/SchM_Eth.o
 .PPC.EMB.apuinfo
                0x000003f0       0x18 ./src/Rte_TS_T2D35M10I1R0/src/SchM_Fee.o
 .PPC.EMB.apuinfo
                0x00000408       0x18 ./src/Rte_TS_T2D35M10I1R0/src/SchM_Fls.o
 .PPC.EMB.apuinfo
                0x00000420       0x18 ./src/Rte_TS_T2D35M10I1R0/src/SchM_Fr.o
 .PPC.EMB.apuinfo
                0x00000438       0x18 ./src/Rte_TS_T2D35M10I1R0/src/SchM_Gpt.o
 .PPC.EMB.apuinfo
                0x00000450       0x18 ./src/Rte_TS_T2D35M10I1R0/src/SchM_I2c.o
 .PPC.EMB.apuinfo
                0x00000468       0x18 ./src/Rte_TS_T2D35M10I1R0/src/SchM_Icu.o
 .PPC.EMB.apuinfo
                0x00000480       0x18 ./src/Rte_TS_T2D35M10I1R0/src/SchM_Lin.o
 .PPC.EMB.apuinfo
                0x00000498       0x18 ./src/Rte_TS_T2D35M10I1R0/src/SchM_Mcem.o
 .PPC.EMB.apuinfo
                0x000004b0       0x18 ./src/Rte_TS_T2D35M10I1R0/src/SchM_Mcl.o
 .PPC.EMB.apuinfo
                0x000004c8       0x18 ./src/Rte_TS_T2D35M10I1R0/src/SchM_Mcu.o
 .PPC.EMB.apuinfo
                0x000004e0       0x18 ./src/Rte_TS_T2D35M10I1R0/src/SchM_Ocu.o
 .PPC.EMB.apuinfo
                0x000004f8       0x18 ./src/Rte_TS_T2D35M10I1R0/src/SchM_Port.o
 .PPC.EMB.apuinfo
                0x00000510       0x18 ./src/Rte_TS_T2D35M10I1R0/src/SchM_Pwm.o
 .PPC.EMB.apuinfo
                0x00000528       0x18 ./src/Rte_TS_T2D35M10I1R0/src/SchM_RamTst.o
 .PPC.EMB.apuinfo
                0x00000540       0x18 ./src/Rte_TS_T2D35M10I1R0/src/SchM_Spi.o
 .PPC.EMB.apuinfo
                0x00000558       0x18 ./src/Rte_TS_T2D35M10I1R0/src/SchM_Wdg.o
 .PPC.EMB.apuinfo
                0x00000570       0x18 c:/nxp/s32ds_power_v2.1/s32ds/build_tools/powerpc-eabivle-4_9/bin/../lib/gcc/powerpc-eabivle/4.9.4/e200z4/fp\libgcc.a(eabivle.o)
 .PPC.EMB.apuinfo
                0x00000588       0x18 c:/nxp/s32ds_power_v2.1/s32ds/build_tools/powerpc-eabivle-4_9/bin/../lib/gcc/powerpc-eabivle/4.9.4/e200z4/fp/crtend.o
 .PPC.EMB.apuinfo
                0x000005a0       0x18 c:/nxp/s32ds_power_v2.1/s32ds/build_tools/powerpc-eabivle-4_9/bin/../lib/gcc/powerpc-eabivle/4.9.4/e200z4/fp/ecrtn.o

.debug_line     0x00000000    0x19bed
 .debug_line    0x00000000       0xda ./Project_Settings/Startup_Code/startup.o
 .debug_line    0x000000da      0x2bf ./src/Det_TS_T2D35M10I1R0/src/Det.o
 .debug_line    0x00000399      0x37c ./src/Dio_TS_T2D35M10I1R0/src/Dio.o
 .debug_line    0x00000715      0x49a ./src/Dio_TS_T2D35M10I1R0/src/Dio_Siul2.o
 .debug_line    0x00000baf      0x93e ./src/Fls_TS_T2D35M10I1R0/src/Fls.o
 .debug_line    0x000014ed      0x3e1 ./src/Fls_TS_T2D35M10I1R0/src/Fls_Ac.o
 .debug_line    0x000018ce      0x90d ./src/Fls_TS_T2D35M10I1R0/src/Fls_Flash.o
 .debug_line    0x000021db      0x4d8 ./src/Fls_TS_T2D35M10I1R0/src/Fls_IPW.o
 .debug_line    0x000026b3      0x262 ./src/MPC57xx__Interrupt_Init.o
 .debug_line    0x00002915       0xfc ./src/Vector.o
 .debug_line    0x00002a11      0x1fe ./src/intc_SW_mode_isr_vectors_MPC5748G.o
 .debug_line    0x00002c0f       0x5d ./src/intc_sw_handlers.o
 .debug_line    0x00002c6c      0x8b0 ./src/main.o
 .debug_line    0x0000351c      0x896 ./src/Mcu_TS_T2D35M10I1R0/src/Mcu.o
 .debug_line    0x00003db2      0x86f ./src/Mcu_TS_T2D35M10I1R0/src/Mcu_CMU.o
 .debug_line    0x00004621      0x355 ./src/Mcu_TS_T2D35M10I1R0/src/Mcu_CMU_Irq.o
 .debug_line    0x00004976      0x409 ./src/Mcu_TS_T2D35M10I1R0/src/Mcu_FIRC.o
 .debug_line    0x00004d7f      0x40f ./src/Mcu_TS_T2D35M10I1R0/src/Mcu_FXOSC.o
 .debug_line    0x0000518e      0x35f ./src/Mcu_TS_T2D35M10I1R0/src/Mcu_FXOSC_Irq.o
 .debug_line    0x000054ed      0x981 ./src/Mcu_TS_T2D35M10I1R0/src/Mcu_IPW.o
 .debug_line    0x00005e6e      0x4b9 ./src/Mcu_TS_T2D35M10I1R0/src/Mcu_MC_CGM.o
 .debug_line    0x00006327      0x456 ./src/Mcu_TS_T2D35M10I1R0/src/Mcu_MC_Irq.o
 .debug_line    0x0000677d      0x9a3 ./src/Mcu_TS_T2D35M10I1R0/src/Mcu_MC_ME.o
 .debug_line    0x00007120      0x8d7 ./src/Mcu_TS_T2D35M10I1R0/src/Mcu_MC_RGM.o
 .debug_line    0x000079f7      0x7c5 ./src/Mcu_TS_T2D35M10I1R0/src/Mcu_PLLDIG.o
 .debug_line    0x000081bc      0x377 ./src/Mcu_TS_T2D35M10I1R0/src/Mcu_PLLDIG_Irq.o
 .debug_line    0x00008533      0x40f ./src/Mcu_TS_T2D35M10I1R0/src/Mcu_PRAM.o
 .debug_line    0x00008942      0x40d ./src/Mcu_TS_T2D35M10I1R0/src/Mcu_SSCM.o
 .debug_line    0x00008d4f      0x3f6 ./src/Mcu_TS_T2D35M10I1R0/src/Mcu_SXOSC.o
 .debug_line    0x00009145      0x346 ./src/Mcu_TS_T2D35M10I1R0/src/Mcu_SXOSC_Irq.o
 .debug_line    0x0000948b      0x462 ./src/Port_TS_T2D35M10I1R0/src/Port.o
 .debug_line    0x000098ed      0x3e1 ./src/Port_TS_T2D35M10I1R0/src/Port_Ipw.o
 .debug_line    0x00009cce      0x584 ./src/Port_TS_T2D35M10I1R0/src/Port_Siul2.o
 .debug_line    0x0000a252      0xf6f ./src/Rte_TS_T2D35M10I1R0/src/SchM_Adc.o
 .debug_line    0x0000b1c1      0x8bc ./src/Rte_TS_T2D35M10I1R0/src/SchM_Can.o
 .debug_line    0x0000ba7d      0x8ab ./src/Rte_TS_T2D35M10I1R0/src/SchM_Crcu.o
 .debug_line    0x0000c328      0x8af ./src/Rte_TS_T2D35M10I1R0/src/SchM_Crypto.o
 .debug_line    0x0000cbd7      0x8bc ./src/Rte_TS_T2D35M10I1R0/src/SchM_Dio.o
 .debug_line    0x0000d493      0x8a9 ./src/Rte_TS_T2D35M10I1R0/src/SchM_Eep.o
 .debug_line    0x0000dd3c      0x8a9 ./src/Rte_TS_T2D35M10I1R0/src/SchM_Eth.o
 .debug_line    0x0000e5e5      0x8a9 ./src/Rte_TS_T2D35M10I1R0/src/SchM_Fee.o
 .debug_line    0x0000ee8e      0x8bc ./src/Rte_TS_T2D35M10I1R0/src/SchM_Fls.o
 .debug_line    0x0000f74a      0x8a7 ./src/Rte_TS_T2D35M10I1R0/src/SchM_Fr.o
 .debug_line    0x0000fff1      0xf6f ./src/Rte_TS_T2D35M10I1R0/src/SchM_Gpt.o
 .debug_line    0x00010f60      0x8a9 ./src/Rte_TS_T2D35M10I1R0/src/SchM_I2c.o
 .debug_line    0x00011809      0xf6f ./src/Rte_TS_T2D35M10I1R0/src/SchM_Icu.o
 .debug_line    0x00012778      0xf6f ./src/Rte_TS_T2D35M10I1R0/src/SchM_Lin.o
 .debug_line    0x000136e7      0x8ab ./src/Rte_TS_T2D35M10I1R0/src/SchM_Mcem.o
 .debug_line    0x00013f92      0xf6f ./src/Rte_TS_T2D35M10I1R0/src/SchM_Mcl.o
 .debug_line    0x00014f01      0x8a9 ./src/Rte_TS_T2D35M10I1R0/src/SchM_Mcu.o
 .debug_line    0x000157aa      0x8a9 ./src/Rte_TS_T2D35M10I1R0/src/SchM_Ocu.o
 .debug_line    0x00016053      0x8ab ./src/Rte_TS_T2D35M10I1R0/src/SchM_Port.o
 .debug_line    0x000168fe      0xf6f ./src/Rte_TS_T2D35M10I1R0/src/SchM_Pwm.o
 .debug_line    0x0001786d      0x8af ./src/Rte_TS_T2D35M10I1R0/src/SchM_RamTst.o
 .debug_line    0x0001811c      0x8a9 ./src/Rte_TS_T2D35M10I1R0/src/SchM_Spi.o
 .debug_line    0x000189c5      0x8a9 ./src/Rte_TS_T2D35M10I1R0/src/SchM_Wdg.o
 .debug_line    0x0001926e      0x661 ./src/generated/src/Mcu_PBcfg.o
 .debug_line    0x000198cf      0x31e ./src/generated/src/Port_PBcfg.o

.debug_info     0x00000000    0x1a3ec
 .debug_info    0x00000000       0x91 ./Project_Settings/Startup_Code/startup.o
 .debug_info    0x00000091      0x27e ./src/Det_TS_T2D35M10I1R0/src/Det.o
 .debug_info    0x0000030f      0x256 ./src/Dio_TS_T2D35M10I1R0/src/Dio.o
 .debug_info    0x00000565      0x2c8 ./src/Dio_TS_T2D35M10I1R0/src/Dio_Siul2.o
 .debug_info    0x0000082d      0xf2b ./src/Fls_TS_T2D35M10I1R0/src/Fls.o
 .debug_info    0x00001758       0xb2 ./src/Fls_TS_T2D35M10I1R0/src/Fls_Ac.o
 .debug_info    0x0000180a      0xa24 ./src/Fls_TS_T2D35M10I1R0/src/Fls_Flash.o
 .debug_info    0x0000222e      0x3af ./src/Fls_TS_T2D35M10I1R0/src/Fls_IPW.o
 .debug_info    0x000025dd      0x600 ./src/MPC57xx__Interrupt_Init.o
 .debug_info    0x00002bdd       0x21 ./src/Vector.o
 .debug_info    0x00002bfe       0xb4 ./src/intc_SW_mode_isr_vectors_MPC5748G.o
 .debug_info    0x00002cb2       0x80 ./src/intc_sw_handlers.o
 .debug_info    0x00002d32      0xa1c ./src/main.o
 .debug_info    0x0000374e      0xcd5 ./src/Mcu_TS_T2D35M10I1R0/src/Mcu.o
 .debug_info    0x00004423      0xa5c ./src/Mcu_TS_T2D35M10I1R0/src/Mcu_CMU.o
 .debug_info    0x00004e7f       0x84 ./src/Mcu_TS_T2D35M10I1R0/src/Mcu_CMU_Irq.o
 .debug_info    0x00004f03       0xce ./src/Mcu_TS_T2D35M10I1R0/src/Mcu_FIRC.o
 .debug_info    0x00004fd1       0x9f ./src/Mcu_TS_T2D35M10I1R0/src/Mcu_FXOSC.o
 .debug_info    0x00005070       0x84 ./src/Mcu_TS_T2D35M10I1R0/src/Mcu_FXOSC_Irq.o
 .debug_info    0x000050f4      0xb26 ./src/Mcu_TS_T2D35M10I1R0/src/Mcu_IPW.o
 .debug_info    0x00005c1a      0x20c ./src/Mcu_TS_T2D35M10I1R0/src/Mcu_MC_CGM.o
 .debug_info    0x00005e26       0xcd ./src/Mcu_TS_T2D35M10I1R0/src/Mcu_MC_Irq.o
 .debug_info    0x00005ef3      0xb8a ./src/Mcu_TS_T2D35M10I1R0/src/Mcu_MC_ME.o
 .debug_info    0x00006a7d      0xb80 ./src/Mcu_TS_T2D35M10I1R0/src/Mcu_MC_RGM.o
 .debug_info    0x000075fd      0x9a7 ./src/Mcu_TS_T2D35M10I1R0/src/Mcu_PLLDIG.o
 .debug_info    0x00007fa4       0x97 ./src/Mcu_TS_T2D35M10I1R0/src/Mcu_PLLDIG_Irq.o
 .debug_info    0x0000803b       0xeb ./src/Mcu_TS_T2D35M10I1R0/src/Mcu_PRAM.o
 .debug_info    0x00008126       0xe8 ./src/Mcu_TS_T2D35M10I1R0/src/Mcu_SSCM.o
 .debug_info    0x0000820e       0x9f ./src/Mcu_TS_T2D35M10I1R0/src/Mcu_SXOSC.o
 .debug_info    0x000082ad       0x84 ./src/Mcu_TS_T2D35M10I1R0/src/Mcu_SXOSC_Irq.o
 .debug_info    0x00008331      0x375 ./src/Port_TS_T2D35M10I1R0/src/Port.o
 .debug_info    0x000086a6      0x491 ./src/Port_TS_T2D35M10I1R0/src/Port_Ipw.o
 .debug_info    0x00008b37      0x57b ./src/Port_TS_T2D35M10I1R0/src/Port_Siul2.o
 .debug_info    0x000090b2     0x1243 ./src/Rte_TS_T2D35M10I1R0/src/SchM_Adc.o
 .debug_info    0x0000a2f5      0x921 ./src/Rte_TS_T2D35M10I1R0/src/SchM_Can.o
 .debug_info    0x0000ac16      0x8f7 ./src/Rte_TS_T2D35M10I1R0/src/SchM_Crcu.o
 .debug_info    0x0000b50d      0x8f7 ./src/Rte_TS_T2D35M10I1R0/src/SchM_Crypto.o
 .debug_info    0x0000be04      0x921 ./src/Rte_TS_T2D35M10I1R0/src/SchM_Dio.o
 .debug_info    0x0000c725      0x8f7 ./src/Rte_TS_T2D35M10I1R0/src/SchM_Eep.o
 .debug_info    0x0000d01c      0x8f7 ./src/Rte_TS_T2D35M10I1R0/src/SchM_Eth.o
 .debug_info    0x0000d913      0x8f7 ./src/Rte_TS_T2D35M10I1R0/src/SchM_Fee.o
 .debug_info    0x0000e20a      0x921 ./src/Rte_TS_T2D35M10I1R0/src/SchM_Fls.o
 .debug_info    0x0000eb2b      0x8f7 ./src/Rte_TS_T2D35M10I1R0/src/SchM_Fr.o
 .debug_info    0x0000f422     0x1243 ./src/Rte_TS_T2D35M10I1R0/src/SchM_Gpt.o
 .debug_info    0x00010665      0x8f7 ./src/Rte_TS_T2D35M10I1R0/src/SchM_I2c.o
 .debug_info    0x00010f5c     0x1243 ./src/Rte_TS_T2D35M10I1R0/src/SchM_Icu.o
 .debug_info    0x0001219f     0x1243 ./src/Rte_TS_T2D35M10I1R0/src/SchM_Lin.o
 .debug_info    0x000133e2      0x8f7 ./src/Rte_TS_T2D35M10I1R0/src/SchM_Mcem.o
 .debug_info    0x00013cd9     0x1243 ./src/Rte_TS_T2D35M10I1R0/src/SchM_Mcl.o
 .debug_info    0x00014f1c      0x8f7 ./src/Rte_TS_T2D35M10I1R0/src/SchM_Mcu.o
 .debug_info    0x00015813      0x8f7 ./src/Rte_TS_T2D35M10I1R0/src/SchM_Ocu.o
 .debug_info    0x0001610a      0x8f7 ./src/Rte_TS_T2D35M10I1R0/src/SchM_Port.o
 .debug_info    0x00016a01     0x1243 ./src/Rte_TS_T2D35M10I1R0/src/SchM_Pwm.o
 .debug_info    0x00017c44      0x8f7 ./src/Rte_TS_T2D35M10I1R0/src/SchM_RamTst.o
 .debug_info    0x0001853b      0x8f7 ./src/Rte_TS_T2D35M10I1R0/src/SchM_Spi.o
 .debug_info    0x00018e32      0x8f7 ./src/Rte_TS_T2D35M10I1R0/src/SchM_Wdg.o
 .debug_info    0x00019729      0xa4f ./src/generated/src/Mcu_PBcfg.o
 .debug_info    0x0001a178      0x274 ./src/generated/src/Port_PBcfg.o

.debug_abbrev   0x00000000     0x2685
 .debug_abbrev  0x00000000       0x14 ./Project_Settings/Startup_Code/startup.o
 .debug_abbrev  0x00000014       0x8e ./src/Det_TS_T2D35M10I1R0/src/Det.o
 .debug_abbrev  0x000000a2       0xc5 ./src/Dio_TS_T2D35M10I1R0/src/Dio.o
 .debug_abbrev  0x00000167       0xfb ./src/Dio_TS_T2D35M10I1R0/src/Dio_Siul2.o
 .debug_abbrev  0x00000262      0x217 ./src/Fls_TS_T2D35M10I1R0/src/Fls.o
 .debug_abbrev  0x00000479       0x6b ./src/Fls_TS_T2D35M10I1R0/src/Fls_Ac.o
 .debug_abbrev  0x000004e4      0x1b4 ./src/Fls_TS_T2D35M10I1R0/src/Fls_Flash.o
 .debug_abbrev  0x00000698       0xe2 ./src/Fls_TS_T2D35M10I1R0/src/Fls_IPW.o
 .debug_abbrev  0x0000077a      0x15f ./src/MPC57xx__Interrupt_Init.o
 .debug_abbrev  0x000008d9       0x13 ./src/Vector.o
 .debug_abbrev  0x000008ec       0x7c ./src/intc_SW_mode_isr_vectors_MPC5748G.o
 .debug_abbrev  0x00000968       0x14 ./src/intc_sw_handlers.o
 .debug_abbrev  0x0000097c      0x10e ./src/main.o
 .debug_abbrev  0x00000a8a      0x17a ./src/Mcu_TS_T2D35M10I1R0/src/Mcu.o
 .debug_abbrev  0x00000c04      0x13f ./src/Mcu_TS_T2D35M10I1R0/src/Mcu_CMU.o
 .debug_abbrev  0x00000d43       0x38 ./src/Mcu_TS_T2D35M10I1R0/src/Mcu_CMU_Irq.o
 .debug_abbrev  0x00000d7b       0x8f ./src/Mcu_TS_T2D35M10I1R0/src/Mcu_FIRC.o
 .debug_abbrev  0x00000e0a       0x54 ./src/Mcu_TS_T2D35M10I1R0/src/Mcu_FXOSC.o
 .debug_abbrev  0x00000e5e       0x38 ./src/Mcu_TS_T2D35M10I1R0/src/Mcu_FXOSC_Irq.o
 .debug_abbrev  0x00000e96      0x135 ./src/Mcu_TS_T2D35M10I1R0/src/Mcu_IPW.o
 .debug_abbrev  0x00000fcb       0xb7 ./src/Mcu_TS_T2D35M10I1R0/src/Mcu_MC_CGM.o
 .debug_abbrev  0x00001082       0x38 ./src/Mcu_TS_T2D35M10I1R0/src/Mcu_MC_Irq.o
 .debug_abbrev  0x000010ba      0x160 ./src/Mcu_TS_T2D35M10I1R0/src/Mcu_MC_ME.o
 .debug_abbrev  0x0000121a      0x146 ./src/Mcu_TS_T2D35M10I1R0/src/Mcu_MC_RGM.o
 .debug_abbrev  0x00001360      0x12e ./src/Mcu_TS_T2D35M10I1R0/src/Mcu_PLLDIG.o
 .debug_abbrev  0x0000148e       0x38 ./src/Mcu_TS_T2D35M10I1R0/src/Mcu_PLLDIG_Irq.o
 .debug_abbrev  0x000014c6       0x82 ./src/Mcu_TS_T2D35M10I1R0/src/Mcu_PRAM.o
 .debug_abbrev  0x00001548       0x9e ./src/Mcu_TS_T2D35M10I1R0/src/Mcu_SSCM.o
 .debug_abbrev  0x000015e6       0x54 ./src/Mcu_TS_T2D35M10I1R0/src/Mcu_SXOSC.o
 .debug_abbrev  0x0000163a       0x38 ./src/Mcu_TS_T2D35M10I1R0/src/Mcu_SXOSC_Irq.o
 .debug_abbrev  0x00001672      0x117 ./src/Port_TS_T2D35M10I1R0/src/Port.o
 .debug_abbrev  0x00001789      0x145 ./src/Port_TS_T2D35M10I1R0/src/Port_Ipw.o
 .debug_abbrev  0x000018ce      0x13f ./src/Port_TS_T2D35M10I1R0/src/Port_Siul2.o
 .debug_abbrev  0x00001a0d       0x73 ./src/Rte_TS_T2D35M10I1R0/src/SchM_Adc.o
 .debug_abbrev  0x00001a80       0x9e ./src/Rte_TS_T2D35M10I1R0/src/SchM_Can.o
 .debug_abbrev  0x00001b1e       0x73 ./src/Rte_TS_T2D35M10I1R0/src/SchM_Crcu.o
 .debug_abbrev  0x00001b91       0x73 ./src/Rte_TS_T2D35M10I1R0/src/SchM_Crypto.o
 .debug_abbrev  0x00001c04       0x9e ./src/Rte_TS_T2D35M10I1R0/src/SchM_Dio.o
 .debug_abbrev  0x00001ca2       0x73 ./src/Rte_TS_T2D35M10I1R0/src/SchM_Eep.o
 .debug_abbrev  0x00001d15       0x73 ./src/Rte_TS_T2D35M10I1R0/src/SchM_Eth.o
 .debug_abbrev  0x00001d88       0x73 ./src/Rte_TS_T2D35M10I1R0/src/SchM_Fee.o
 .debug_abbrev  0x00001dfb       0x9e ./src/Rte_TS_T2D35M10I1R0/src/SchM_Fls.o
 .debug_abbrev  0x00001e99       0x73 ./src/Rte_TS_T2D35M10I1R0/src/SchM_Fr.o
 .debug_abbrev  0x00001f0c       0x73 ./src/Rte_TS_T2D35M10I1R0/src/SchM_Gpt.o
 .debug_abbrev  0x00001f7f       0x73 ./src/Rte_TS_T2D35M10I1R0/src/SchM_I2c.o
 .debug_abbrev  0x00001ff2       0x73 ./src/Rte_TS_T2D35M10I1R0/src/SchM_Icu.o
 .debug_abbrev  0x00002065       0x73 ./src/Rte_TS_T2D35M10I1R0/src/SchM_Lin.o
 .debug_abbrev  0x000020d8       0x73 ./src/Rte_TS_T2D35M10I1R0/src/SchM_Mcem.o
 .debug_abbrev  0x0000214b       0x73 ./src/Rte_TS_T2D35M10I1R0/src/SchM_Mcl.o
 .debug_abbrev  0x000021be       0x73 ./src/Rte_TS_T2D35M10I1R0/src/SchM_Mcu.o
 .debug_abbrev  0x00002231       0x73 ./src/Rte_TS_T2D35M10I1R0/src/SchM_Ocu.o
 .debug_abbrev  0x000022a4       0x73 ./src/Rte_TS_T2D35M10I1R0/src/SchM_Port.o
 .debug_abbrev  0x00002317       0x73 ./src/Rte_TS_T2D35M10I1R0/src/SchM_Pwm.o
 .debug_abbrev  0x0000238a       0x73 ./src/Rte_TS_T2D35M10I1R0/src/SchM_RamTst.o
 .debug_abbrev  0x000023fd       0x73 ./src/Rte_TS_T2D35M10I1R0/src/SchM_Spi.o
 .debug_abbrev  0x00002470       0x73 ./src/Rte_TS_T2D35M10I1R0/src/SchM_Wdg.o
 .debug_abbrev  0x000024e3       0xcb ./src/generated/src/Mcu_PBcfg.o
 .debug_abbrev  0x000025ae       0xd7 ./src/generated/src/Port_PBcfg.o

.debug_aranges  0x00000000     0x4440
 .debug_aranges
                0x00000000       0x20 ./Project_Settings/Startup_Code/startup.o
 .debug_aranges
                0x00000020       0x40 ./src/Det_TS_T2D35M10I1R0/src/Det.o
 .debug_aranges
                0x00000060       0x48 ./src/Dio_TS_T2D35M10I1R0/src/Dio.o
 .debug_aranges
                0x000000a8       0x50 ./src/Dio_TS_T2D35M10I1R0/src/Dio_Siul2.o
 .debug_aranges
                0x000000f8      0x120 ./src/Fls_TS_T2D35M10I1R0/src/Fls.o
 .debug_aranges
                0x00000218       0x20 ./src/Fls_TS_T2D35M10I1R0/src/Fls_Ac.o
 .debug_aranges
                0x00000238       0x88 ./src/Fls_TS_T2D35M10I1R0/src/Fls_Flash.o
 .debug_aranges
                0x000002c0       0x58 ./src/Fls_TS_T2D35M10I1R0/src/Fls_IPW.o
 .debug_aranges
                0x00000318       0x38 ./src/MPC57xx__Interrupt_Init.o
 .debug_aranges
                0x00000350       0x18 ./src/Vector.o
 .debug_aranges
                0x00000368       0x20 ./src/intc_SW_mode_isr_vectors_MPC5748G.o
 .debug_aranges
                0x00000388       0x20 ./src/intc_sw_handlers.o
 .debug_aranges
                0x000003a8       0x20 ./src/main.o
 .debug_aranges
                0x000003c8       0x90 ./src/Mcu_TS_T2D35M10I1R0/src/Mcu.o
 .debug_aranges
                0x00000458       0x50 ./src/Mcu_TS_T2D35M10I1R0/src/Mcu_CMU.o
 .debug_aranges
                0x000004a8       0x20 ./src/Mcu_TS_T2D35M10I1R0/src/Mcu_CMU_Irq.o
 .debug_aranges
                0x000004c8       0x20 ./src/Mcu_TS_T2D35M10I1R0/src/Mcu_FIRC.o
 .debug_aranges
                0x000004e8       0x20 ./src/Mcu_TS_T2D35M10I1R0/src/Mcu_FXOSC.o
 .debug_aranges
                0x00000508       0x20 ./src/Mcu_TS_T2D35M10I1R0/src/Mcu_FXOSC_Irq.o
 .debug_aranges
                0x00000528       0x70 ./src/Mcu_TS_T2D35M10I1R0/src/Mcu_IPW.o
 .debug_aranges
                0x00000598       0x30 ./src/Mcu_TS_T2D35M10I1R0/src/Mcu_MC_CGM.o
 .debug_aranges
                0x000005c8       0x40 ./src/Mcu_TS_T2D35M10I1R0/src/Mcu_MC_Irq.o
 .debug_aranges
                0x00000608       0x88 ./src/Mcu_TS_T2D35M10I1R0/src/Mcu_MC_ME.o
 .debug_aranges
                0x00000690       0x50 ./src/Mcu_TS_T2D35M10I1R0/src/Mcu_MC_RGM.o
 .debug_aranges
                0x000006e0       0x38 ./src/Mcu_TS_T2D35M10I1R0/src/Mcu_PLLDIG.o
 .debug_aranges
                0x00000718       0x28 ./src/Mcu_TS_T2D35M10I1R0/src/Mcu_PLLDIG_Irq.o
 .debug_aranges
                0x00000740       0x20 ./src/Mcu_TS_T2D35M10I1R0/src/Mcu_PRAM.o
 .debug_aranges
                0x00000760       0x20 ./src/Mcu_TS_T2D35M10I1R0/src/Mcu_SSCM.o
 .debug_aranges
                0x00000780       0x20 ./src/Mcu_TS_T2D35M10I1R0/src/Mcu_SXOSC.o
 .debug_aranges
                0x000007a0       0x20 ./src/Mcu_TS_T2D35M10I1R0/src/Mcu_SXOSC_Irq.o
 .debug_aranges
                0x000007c0       0x40 ./src/Port_TS_T2D35M10I1R0/src/Port.o
 .debug_aranges
                0x00000800       0x28 ./src/Port_TS_T2D35M10I1R0/src/Port_Ipw.o
 .debug_aranges
                0x00000828       0x58 ./src/Port_TS_T2D35M10I1R0/src/Port_Siul2.o
 .debug_aranges
                0x00000880      0x428 ./src/Rte_TS_T2D35M10I1R0/src/SchM_Adc.o
 .debug_aranges
                0x00000ca8      0x210 ./src/Rte_TS_T2D35M10I1R0/src/SchM_Can.o
 .debug_aranges
                0x00000eb8      0x208 ./src/Rte_TS_T2D35M10I1R0/src/SchM_Crcu.o
 .debug_aranges
                0x000010c0      0x208 ./src/Rte_TS_T2D35M10I1R0/src/SchM_Crypto.o
 .debug_aranges
                0x000012c8      0x210 ./src/Rte_TS_T2D35M10I1R0/src/SchM_Dio.o
 .debug_aranges
                0x000014d8      0x208 ./src/Rte_TS_T2D35M10I1R0/src/SchM_Eep.o
 .debug_aranges
                0x000016e0      0x208 ./src/Rte_TS_T2D35M10I1R0/src/SchM_Eth.o
 .debug_aranges
                0x000018e8      0x208 ./src/Rte_TS_T2D35M10I1R0/src/SchM_Fee.o
 .debug_aranges
                0x00001af0      0x210 ./src/Rte_TS_T2D35M10I1R0/src/SchM_Fls.o
 .debug_aranges
                0x00001d00      0x208 ./src/Rte_TS_T2D35M10I1R0/src/SchM_Fr.o
 .debug_aranges
                0x00001f08      0x428 ./src/Rte_TS_T2D35M10I1R0/src/SchM_Gpt.o
 .debug_aranges
                0x00002330      0x208 ./src/Rte_TS_T2D35M10I1R0/src/SchM_I2c.o
 .debug_aranges
                0x00002538      0x428 ./src/Rte_TS_T2D35M10I1R0/src/SchM_Icu.o
 .debug_aranges
                0x00002960      0x428 ./src/Rte_TS_T2D35M10I1R0/src/SchM_Lin.o
 .debug_aranges
                0x00002d88      0x208 ./src/Rte_TS_T2D35M10I1R0/src/SchM_Mcem.o
 .debug_aranges
                0x00002f90      0x428 ./src/Rte_TS_T2D35M10I1R0/src/SchM_Mcl.o
 .debug_aranges
                0x000033b8      0x208 ./src/Rte_TS_T2D35M10I1R0/src/SchM_Mcu.o
 .debug_aranges
                0x000035c0      0x208 ./src/Rte_TS_T2D35M10I1R0/src/SchM_Ocu.o
 .debug_aranges
                0x000037c8      0x208 ./src/Rte_TS_T2D35M10I1R0/src/SchM_Port.o
 .debug_aranges
                0x000039d0      0x428 ./src/Rte_TS_T2D35M10I1R0/src/SchM_Pwm.o
 .debug_aranges
                0x00003df8      0x208 ./src/Rte_TS_T2D35M10I1R0/src/SchM_RamTst.o
 .debug_aranges
                0x00004000      0x208 ./src/Rte_TS_T2D35M10I1R0/src/SchM_Spi.o
 .debug_aranges
                0x00004208      0x208 ./src/Rte_TS_T2D35M10I1R0/src/SchM_Wdg.o
 .debug_aranges
                0x00004410       0x18 ./src/generated/src/Mcu_PBcfg.o
 .debug_aranges
                0x00004428       0x18 ./src/generated/src/Port_PBcfg.o

.debug_ranges   0x00000000     0x4080
 .debug_ranges  0x00000000       0x30 ./src/Det_TS_T2D35M10I1R0/src/Det.o
 .debug_ranges  0x00000030       0x38 ./src/Dio_TS_T2D35M10I1R0/src/Dio.o
 .debug_ranges  0x00000068       0x40 ./src/Dio_TS_T2D35M10I1R0/src/Dio_Siul2.o
 .debug_ranges  0x000000a8      0x128 ./src/Fls_TS_T2D35M10I1R0/src/Fls.o
 .debug_ranges  0x000001d0       0x10 ./src/Fls_TS_T2D35M10I1R0/src/Fls_Ac.o
 .debug_ranges  0x000001e0       0x78 ./src/Fls_TS_T2D35M10I1R0/src/Fls_Flash.o
 .debug_ranges  0x00000258       0x48 ./src/Fls_TS_T2D35M10I1R0/src/Fls_IPW.o
 .debug_ranges  0x000002a0       0x28 ./src/MPC57xx__Interrupt_Init.o
 .debug_ranges  0x000002c8       0x10 ./src/intc_SW_mode_isr_vectors_MPC5748G.o
 .debug_ranges  0x000002d8       0x10 ./src/main.o
 .debug_ranges  0x000002e8       0x80 ./src/Mcu_TS_T2D35M10I1R0/src/Mcu.o
 .debug_ranges  0x00000368       0x40 ./src/Mcu_TS_T2D35M10I1R0/src/Mcu_CMU.o
 .debug_ranges  0x000003a8       0x10 ./src/Mcu_TS_T2D35M10I1R0/src/Mcu_CMU_Irq.o
 .debug_ranges  0x000003b8       0x10 ./src/Mcu_TS_T2D35M10I1R0/src/Mcu_FIRC.o
 .debug_ranges  0x000003c8       0x10 ./src/Mcu_TS_T2D35M10I1R0/src/Mcu_FXOSC.o
 .debug_ranges  0x000003d8       0x10 ./src/Mcu_TS_T2D35M10I1R0/src/Mcu_FXOSC_Irq.o
 .debug_ranges  0x000003e8       0x60 ./src/Mcu_TS_T2D35M10I1R0/src/Mcu_IPW.o
 .debug_ranges  0x00000448       0x20 ./src/Mcu_TS_T2D35M10I1R0/src/Mcu_MC_CGM.o
 .debug_ranges  0x00000468       0x30 ./src/Mcu_TS_T2D35M10I1R0/src/Mcu_MC_Irq.o
 .debug_ranges  0x00000498       0x78 ./src/Mcu_TS_T2D35M10I1R0/src/Mcu_MC_ME.o
 .debug_ranges  0x00000510       0x40 ./src/Mcu_TS_T2D35M10I1R0/src/Mcu_MC_RGM.o
 .debug_ranges  0x00000550       0x28 ./src/Mcu_TS_T2D35M10I1R0/src/Mcu_PLLDIG.o
 .debug_ranges  0x00000578       0x18 ./src/Mcu_TS_T2D35M10I1R0/src/Mcu_PLLDIG_Irq.o
 .debug_ranges  0x00000590       0x10 ./src/Mcu_TS_T2D35M10I1R0/src/Mcu_PRAM.o
 .debug_ranges  0x000005a0       0x10 ./src/Mcu_TS_T2D35M10I1R0/src/Mcu_SSCM.o
 .debug_ranges  0x000005b0       0x10 ./src/Mcu_TS_T2D35M10I1R0/src/Mcu_SXOSC.o
 .debug_ranges  0x000005c0       0x10 ./src/Mcu_TS_T2D35M10I1R0/src/Mcu_SXOSC_Irq.o
 .debug_ranges  0x000005d0       0x30 ./src/Port_TS_T2D35M10I1R0/src/Port.o
 .debug_ranges  0x00000600       0x18 ./src/Port_TS_T2D35M10I1R0/src/Port_Ipw.o
 .debug_ranges  0x00000618       0x48 ./src/Port_TS_T2D35M10I1R0/src/Port_Siul2.o
 .debug_ranges  0x00000660      0x418 ./src/Rte_TS_T2D35M10I1R0/src/SchM_Adc.o
 .debug_ranges  0x00000a78      0x200 ./src/Rte_TS_T2D35M10I1R0/src/SchM_Can.o
 .debug_ranges  0x00000c78      0x1f8 ./src/Rte_TS_T2D35M10I1R0/src/SchM_Crcu.o
 .debug_ranges  0x00000e70      0x1f8 ./src/Rte_TS_T2D35M10I1R0/src/SchM_Crypto.o
 .debug_ranges  0x00001068      0x200 ./src/Rte_TS_T2D35M10I1R0/src/SchM_Dio.o
 .debug_ranges  0x00001268      0x1f8 ./src/Rte_TS_T2D35M10I1R0/src/SchM_Eep.o
 .debug_ranges  0x00001460      0x1f8 ./src/Rte_TS_T2D35M10I1R0/src/SchM_Eth.o
 .debug_ranges  0x00001658      0x1f8 ./src/Rte_TS_T2D35M10I1R0/src/SchM_Fee.o
 .debug_ranges  0x00001850      0x200 ./src/Rte_TS_T2D35M10I1R0/src/SchM_Fls.o
 .debug_ranges  0x00001a50      0x1f8 ./src/Rte_TS_T2D35M10I1R0/src/SchM_Fr.o
 .debug_ranges  0x00001c48      0x418 ./src/Rte_TS_T2D35M10I1R0/src/SchM_Gpt.o
 .debug_ranges  0x00002060      0x1f8 ./src/Rte_TS_T2D35M10I1R0/src/SchM_I2c.o
 .debug_ranges  0x00002258      0x418 ./src/Rte_TS_T2D35M10I1R0/src/SchM_Icu.o
 .debug_ranges  0x00002670      0x418 ./src/Rte_TS_T2D35M10I1R0/src/SchM_Lin.o
 .debug_ranges  0x00002a88      0x1f8 ./src/Rte_TS_T2D35M10I1R0/src/SchM_Mcem.o
 .debug_ranges  0x00002c80      0x418 ./src/Rte_TS_T2D35M10I1R0/src/SchM_Mcl.o
 .debug_ranges  0x00003098      0x1f8 ./src/Rte_TS_T2D35M10I1R0/src/SchM_Mcu.o
 .debug_ranges  0x00003290      0x1f8 ./src/Rte_TS_T2D35M10I1R0/src/SchM_Ocu.o
 .debug_ranges  0x00003488      0x1f8 ./src/Rte_TS_T2D35M10I1R0/src/SchM_Port.o
 .debug_ranges  0x00003680      0x418 ./src/Rte_TS_T2D35M10I1R0/src/SchM_Pwm.o
 .debug_ranges  0x00003a98      0x1f8 ./src/Rte_TS_T2D35M10I1R0/src/SchM_RamTst.o
 .debug_ranges  0x00003c90      0x1f8 ./src/Rte_TS_T2D35M10I1R0/src/SchM_Spi.o
 .debug_ranges  0x00003e88      0x1f8 ./src/Rte_TS_T2D35M10I1R0/src/SchM_Wdg.o

.debug_macro    0x00000000    0x2a791
 .debug_macro   0x00000000       0x98 ./src/Det_TS_T2D35M10I1R0/src/Det.o
 .debug_macro   0x00000098      0x61c ./src/Det_TS_T2D35M10I1R0/src/Det.o
 .debug_macro   0x000006b4       0x52 ./src/Det_TS_T2D35M10I1R0/src/Det.o
 .debug_macro   0x00000706       0xa0 ./src/Det_TS_T2D35M10I1R0/src/Det.o
 .debug_macro   0x000007a6       0x16 ./src/Det_TS_T2D35M10I1R0/src/Det.o
 .debug_macro   0x000007bc       0x89 ./src/Det_TS_T2D35M10I1R0/src/Det.o
 .debug_macro   0x00000845      0x7d7 ./src/Det_TS_T2D35M10I1R0/src/Det.o
 .debug_macro   0x0000101c       0x3b ./src/Det_TS_T2D35M10I1R0/src/Det.o
 .debug_macro   0x00001057       0xa4 ./src/Det_TS_T2D35M10I1R0/src/Det.o
 .debug_macro   0x000010fb       0x6b ./src/Det_TS_T2D35M10I1R0/src/Det.o
 .debug_macro   0x00001166       0x3a ./src/Det_TS_T2D35M10I1R0/src/Det.o
 .debug_macro   0x000011a0      0x17e ./src/Dio_TS_T2D35M10I1R0/src/Dio.o
 .debug_macro   0x0000131e       0x4c ./src/Dio_TS_T2D35M10I1R0/src/Dio.o
 .debug_macro   0x0000136a       0xf3 ./src/Dio_TS_T2D35M10I1R0/src/Dio.o
 .debug_macro   0x0000145d       0xa4 ./src/Dio_TS_T2D35M10I1R0/src/Dio.o
 .debug_macro   0x00001501       0xe9 ./src/Dio_TS_T2D35M10I1R0/src/Dio.o
 .debug_macro   0x000015ea       0x3b ./src/Dio_TS_T2D35M10I1R0/src/Dio.o
 .debug_macro   0x00001625       0xab ./src/Dio_TS_T2D35M10I1R0/src/Dio.o
 .debug_macro   0x000016d0       0x4c ./src/Dio_TS_T2D35M10I1R0/src/Dio.o
 .debug_macro   0x0000171c       0x69 ./src/Dio_TS_T2D35M10I1R0/src/Dio.o
 .debug_macro   0x00001785      0x1bc ./src/Dio_TS_T2D35M10I1R0/src/Dio_Siul2.o
 .debug_macro   0x00001941       0xe3 ./src/Dio_TS_T2D35M10I1R0/src/Dio_Siul2.o
 .debug_macro   0x00001a24      0x1bf ./src/Dio_TS_T2D35M10I1R0/src/Dio_Siul2.o
 .debug_macro   0x00001be3      0x114 ./src/Dio_TS_T2D35M10I1R0/src/Dio_Siul2.o
 .debug_macro   0x00001cf7       0x34 ./src/Dio_TS_T2D35M10I1R0/src/Dio_Siul2.o
 .debug_macro   0x00001d2b      0x311 ./src/Dio_TS_T2D35M10I1R0/src/Dio_Siul2.o
 .debug_macro   0x0000203c       0xb4 ./src/Dio_TS_T2D35M10I1R0/src/Dio_Siul2.o
 .debug_macro   0x000020f0      0x347 ./src/Fls_TS_T2D35M10I1R0/src/Fls.o
 .debug_macro   0x00002437       0x3a ./src/Fls_TS_T2D35M10I1R0/src/Fls.o
 .debug_macro   0x00002471       0x34 ./src/Fls_TS_T2D35M10I1R0/src/Fls.o
 .debug_macro   0x000024a5       0x52 ./src/Fls_TS_T2D35M10I1R0/src/Fls.o
 .debug_macro   0x000024f7      0x199 ./src/Fls_TS_T2D35M10I1R0/src/Fls.o
 .debug_macro   0x00002690       0x3b ./src/Fls_TS_T2D35M10I1R0/src/Fls.o
 .debug_macro   0x000026cb      0x128 ./src/Fls_TS_T2D35M10I1R0/src/Fls.o
 .debug_macro   0x000027f3       0x34 ./src/Fls_TS_T2D35M10I1R0/src/Fls.o
 .debug_macro   0x00002827       0x42 ./src/Fls_TS_T2D35M10I1R0/src/Fls.o
 .debug_macro   0x00002869       0x27 ./src/Fls_TS_T2D35M10I1R0/src/Fls.o
 .debug_macro   0x00002890       0x40 ./src/Fls_TS_T2D35M10I1R0/src/Fls.o
 .debug_macro   0x000028d0       0x5f ./src/Fls_TS_T2D35M10I1R0/src/Fls.o
 .debug_macro   0x0000292f      0x16c ./src/Fls_TS_T2D35M10I1R0/src/Fls_Ac.o
 .debug_macro   0x00002a9b      0x5cd ./src/Fls_TS_T2D35M10I1R0/src/Fls_Ac.o
 .debug_macro   0x00003068      0x2b5 ./src/Fls_TS_T2D35M10I1R0/src/Fls_Flash.o
 .debug_macro   0x0000331d      0x23e ./src/Fls_TS_T2D35M10I1R0/src/Fls_IPW.o
 .debug_macro   0x0000355b       0x3a ./src/Fls_TS_T2D35M10I1R0/src/Fls_IPW.o
 .debug_macro   0x00003595       0xc9 ./src/MPC57xx__Interrupt_Init.o
 .debug_macro   0x0000365e       0x5e ./src/MPC57xx__Interrupt_Init.o
 .debug_macro   0x000036bc      0x1aa ./src/MPC57xx__Interrupt_Init.o
 .debug_macro   0x00003866      0x13a ./src/MPC57xx__Interrupt_Init.o
 .debug_macro   0x000039a0       0x9d ./src/MPC57xx__Interrupt_Init.o
 .debug_macro   0x00003a3d       0x10 ./src/MPC57xx__Interrupt_Init.o
 .debug_macro   0x00003a4d      0x15b ./src/MPC57xx__Interrupt_Init.o
 .debug_macro   0x00003ba8       0x28 ./src/MPC57xx__Interrupt_Init.o
 .debug_macro   0x00003bd0       0x58 ./src/MPC57xx__Interrupt_Init.o
 .debug_macro   0x00003c28    0x1812c ./src/MPC57xx__Interrupt_Init.o
 .debug_macro   0x0001bd54       0x2e ./src/MPC57xx__Interrupt_Init.o
 .debug_macro   0x0001bd82       0x41 ./src/Vector.o
 .debug_macro   0x0001bdc3       0xa1 ./src/intc_SW_mode_isr_vectors_MPC5748G.o
 .debug_macro   0x0001be64      0x4a8 ./src/main.o
 .debug_macro   0x0001c30c       0x52 ./src/main.o
 .debug_macro   0x0001c35e      0x464 ./src/main.o
 .debug_macro   0x0001c7c2       0x58 ./src/main.o
 .debug_macro   0x0001c81a       0x6a ./src/main.o
 .debug_macro   0x0001c884      0x53d ./src/main.o
 .debug_macro   0x0001cdc1      0x42c ./src/main.o
 .debug_macro   0x0001d1ed       0x5e ./src/main.o
 .debug_macro   0x0001d24b       0x3a ./src/main.o
 .debug_macro   0x0001d285       0x3c ./src/main.o
 .debug_macro   0x0001d2c1       0x3a ./src/main.o
 .debug_macro   0x0001d2fb       0x99 ./src/main.o
 .debug_macro   0x0001d394       0x9e ./src/main.o
 .debug_macro   0x0001d432      0x9bb ./src/main.o
 .debug_macro   0x0001dded      0x3ed ./src/main.o
 .debug_macro   0x0001e1da      0x408 ./src/main.o
 .debug_macro   0x0001e5e2      0x487 ./src/main.o
 .debug_macro   0x0001ea69       0x42 ./src/main.o
 .debug_macro   0x0001eaab       0x2e ./src/main.o
 .debug_macro   0x0001ead9       0x40 ./src/main.o
 .debug_macro   0x0001eb19      0x112 ./src/main.o
 .debug_macro   0x0001ec2b      0x10e ./src/main.o
 .debug_macro   0x0001ed39       0x3a ./src/main.o
 .debug_macro   0x0001ed73      0x169 ./src/main.o
 .debug_macro   0x0001eedc       0x9e ./src/main.o
 .debug_macro   0x0001ef7a       0x5e ./src/main.o
 .debug_macro   0x0001efd8       0x3a ./src/main.o
 .debug_macro   0x0001f012       0x3c ./src/main.o
 .debug_macro   0x0001f04e       0x34 ./src/main.o
 .debug_macro   0x0001f082       0x76 ./src/main.o
 .debug_macro   0x0001f0f8       0x6d ./src/main.o
 .debug_macro   0x0001f165       0x6a ./src/main.o
 .debug_macro   0x0001f1cf       0x6a ./src/main.o
 .debug_macro   0x0001f239       0x66 ./src/main.o
 .debug_macro   0x0001f29f       0x70 ./src/main.o
 .debug_macro   0x0001f30f      0x2ec ./src/main.o
 .debug_macro   0x0001f5fb      0x43a ./src/main.o
 .debug_macro   0x0001fa35       0x58 ./src/main.o
 .debug_macro   0x0001fa8d      0x6fd ./src/main.o
 .debug_macro   0x0002018a      0x4f7 ./src/main.o
 .debug_macro   0x00020681       0x58 ./src/main.o
 .debug_macro   0x000206d9       0x9c ./src/main.o
 .debug_macro   0x00020775       0x50 ./src/main.o
 .debug_macro   0x000207c5       0x40 ./src/main.o
 .debug_macro   0x00020805       0x2e ./src/main.o
 .debug_macro   0x00020833       0x74 ./src/main.o
 .debug_macro   0x000208a7       0x35 ./src/main.o
 .debug_macro   0x000208dc       0x3b ./src/main.o
 .debug_macro   0x00020917       0x46 ./src/main.o
 .debug_macro   0x0002095d       0x52 ./src/main.o
 .debug_macro   0x000209af      0x19f ./src/main.o
 .debug_macro   0x00020b4e       0x40 ./src/main.o
 .debug_macro   0x00020b8e     0x30e8 ./src/main.o
 .debug_macro   0x00023c76       0x3b ./src/main.o
 .debug_macro   0x00023cb1       0x96 ./src/main.o
 .debug_macro   0x00023d47      0x419 ./src/Mcu_TS_T2D35M10I1R0/src/Mcu.o
 .debug_macro   0x00024160       0x3b ./src/Mcu_TS_T2D35M10I1R0/src/Mcu.o
 .debug_macro   0x0002419b      0x418 ./src/Mcu_TS_T2D35M10I1R0/src/Mcu_CMU.o
 .debug_macro   0x000245b3      0x45e ./src/Mcu_TS_T2D35M10I1R0/src/Mcu_CMU.o
 .debug_macro   0x00024a11       0x35 ./src/Mcu_TS_T2D35M10I1R0/src/Mcu_CMU.o
 .debug_macro   0x00024a46       0x52 ./src/Mcu_TS_T2D35M10I1R0/src/Mcu_CMU.o
 .debug_macro   0x00024a98      0x13d ./src/Mcu_TS_T2D35M10I1R0/src/Mcu_CMU_Irq.o
 .debug_macro   0x00024bd5      0x179 ./src/Mcu_TS_T2D35M10I1R0/src/Mcu_FIRC.o
 .debug_macro   0x00024d4e       0x58 ./src/Mcu_TS_T2D35M10I1R0/src/Mcu_FIRC.o
 .debug_macro   0x00024da6       0x35 ./src/Mcu_TS_T2D35M10I1R0/src/Mcu_FIRC.o
 .debug_macro   0x00024ddb      0x179 ./src/Mcu_TS_T2D35M10I1R0/src/Mcu_FXOSC.o
 .debug_macro   0x00024f54       0x35 ./src/Mcu_TS_T2D35M10I1R0/src/Mcu_FXOSC.o
 .debug_macro   0x00024f89      0x139 ./src/Mcu_TS_T2D35M10I1R0/src/Mcu_FXOSC_Irq.o
 .debug_macro   0x000250c2      0x5ee ./src/Mcu_TS_T2D35M10I1R0/src/Mcu_IPW.o
 .debug_macro   0x000256b0       0x35 ./src/Mcu_TS_T2D35M10I1R0/src/Mcu_IPW.o
 .debug_macro   0x000256e5       0x3b ./src/Mcu_TS_T2D35M10I1R0/src/Mcu_IPW.o
 .debug_macro   0x00025720       0x3b ./src/Mcu_TS_T2D35M10I1R0/src/Mcu_IPW.o
 .debug_macro   0x0002575b       0x3b ./src/Mcu_TS_T2D35M10I1R0/src/Mcu_IPW.o
 .debug_macro   0x00025796       0x19 ./src/Mcu_TS_T2D35M10I1R0/src/Mcu_IPW.o
 .debug_macro   0x000257af       0x3b ./src/Mcu_TS_T2D35M10I1R0/src/Mcu_IPW.o
 .debug_macro   0x000257ea       0x3c ./src/Mcu_TS_T2D35M10I1R0/src/Mcu_IPW.o
 .debug_macro   0x00025826       0x3b ./src/Mcu_TS_T2D35M10I1R0/src/Mcu_IPW.o
 .debug_macro   0x00025861       0x20 ./src/Mcu_TS_T2D35M10I1R0/src/Mcu_IPW.o
 .debug_macro   0x00025881       0x3b ./src/Mcu_TS_T2D35M10I1R0/src/Mcu_IPW.o
 .debug_macro   0x000258bc       0x3b ./src/Mcu_TS_T2D35M10I1R0/src/Mcu_IPW.o
 .debug_macro   0x000258f7       0x3b ./src/Mcu_TS_T2D35M10I1R0/src/Mcu_IPW.o
 .debug_macro   0x00025932       0x3b ./src/Mcu_TS_T2D35M10I1R0/src/Mcu_IPW.o
 .debug_macro   0x0002596d       0x46 ./src/Mcu_TS_T2D35M10I1R0/src/Mcu_IPW.o
 .debug_macro   0x000259b3       0x46 ./src/Mcu_TS_T2D35M10I1R0/src/Mcu_IPW.o
 .debug_macro   0x000259f9       0x35 ./src/Mcu_TS_T2D35M10I1R0/src/Mcu_IPW.o
 .debug_macro   0x00025a2e       0x3b ./src/Mcu_TS_T2D35M10I1R0/src/Mcu_IPW.o
 .debug_macro   0x00025a69       0x3b ./src/Mcu_TS_T2D35M10I1R0/src/Mcu_IPW.o
 .debug_macro   0x00025aa4       0x12 ./src/Mcu_TS_T2D35M10I1R0/src/Mcu_IPW.o
 .debug_macro   0x00025ab6       0x3b ./src/Mcu_TS_T2D35M10I1R0/src/Mcu_IPW.o
 .debug_macro   0x00025af1       0x3b ./src/Mcu_TS_T2D35M10I1R0/src/Mcu_IPW.o
 .debug_macro   0x00025b2c       0x3b ./src/Mcu_TS_T2D35M10I1R0/src/Mcu_IPW.o
 .debug_macro   0x00025b67       0x6a ./src/Mcu_TS_T2D35M10I1R0/src/Mcu_IPW.o
 .debug_macro   0x00025bd1       0x9d ./src/Mcu_TS_T2D35M10I1R0/src/Mcu_IPW.o
 .debug_macro   0x00025c6e       0x35 ./src/Mcu_TS_T2D35M10I1R0/src/Mcu_IPW.o
 .debug_macro   0x00025ca3      0x1b7 ./src/Mcu_TS_T2D35M10I1R0/src/Mcu_MC_CGM.o
 .debug_macro   0x00025e5a       0x35 ./src/Mcu_TS_T2D35M10I1R0/src/Mcu_MC_CGM.o
 .debug_macro   0x00025e8f       0x35 ./src/Mcu_TS_T2D35M10I1R0/src/Mcu_MC_CGM.o
 .debug_macro   0x00025ec4      0x1f9 ./src/Mcu_TS_T2D35M10I1R0/src/Mcu_MC_Irq.o
 .debug_macro   0x000260bd      0x9b5 ./src/Mcu_TS_T2D35M10I1R0/src/Mcu_MC_Irq.o
 .debug_macro   0x00026a72      0x543 ./src/Mcu_TS_T2D35M10I1R0/src/Mcu_MC_Irq.o
 .debug_macro   0x00026fb5       0x35 ./src/Mcu_TS_T2D35M10I1R0/src/Mcu_MC_Irq.o
 .debug_macro   0x00026fea       0x35 ./src/Mcu_TS_T2D35M10I1R0/src/Mcu_MC_Irq.o
 .debug_macro   0x0002701f      0x411 ./src/Mcu_TS_T2D35M10I1R0/src/Mcu_MC_ME.o
 .debug_macro   0x00027430      0x435 ./src/Mcu_TS_T2D35M10I1R0/src/Mcu_MC_RGM.o
 .debug_macro   0x00027865      0x402 ./src/Mcu_TS_T2D35M10I1R0/src/Mcu_MC_RGM.o
 .debug_macro   0x00027c67      0x3d5 ./src/Mcu_TS_T2D35M10I1R0/src/Mcu_PLLDIG.o
 .debug_macro   0x0002803c       0x35 ./src/Mcu_TS_T2D35M10I1R0/src/Mcu_PLLDIG.o
 .debug_macro   0x00028071      0x15b ./src/Mcu_TS_T2D35M10I1R0/src/Mcu_PLLDIG_Irq.o
 .debug_macro   0x000281cc      0x173 ./src/Mcu_TS_T2D35M10I1R0/src/Mcu_PRAM.o
 .debug_macro   0x0002833f       0x35 ./src/Mcu_TS_T2D35M10I1R0/src/Mcu_PRAM.o
 .debug_macro   0x00028374      0x175 ./src/Mcu_TS_T2D35M10I1R0/src/Mcu_SSCM.o
 .debug_macro   0x000284e9       0x35 ./src/Mcu_TS_T2D35M10I1R0/src/Mcu_SSCM.o
 .debug_macro   0x0002851e      0x170 ./src/Mcu_TS_T2D35M10I1R0/src/Mcu_SXOSC.o
 .debug_macro   0x0002868e       0x70 ./src/Mcu_TS_T2D35M10I1R0/src/Mcu_SXOSC.o
 .debug_macro   0x000286fe       0x35 ./src/Mcu_TS_T2D35M10I1R0/src/Mcu_SXOSC.o
 .debug_macro   0x00028733      0x130 ./src/Mcu_TS_T2D35M10I1R0/src/Mcu_SXOSC_Irq.o
 .debug_macro   0x00028863      0x258 ./src/Port_TS_T2D35M10I1R0/src/Port.o
 .debug_macro   0x00028abb      0x30b ./src/Port_TS_T2D35M10I1R0/src/Port.o
 .debug_macro   0x00028dc6       0x4c ./src/Port_TS_T2D35M10I1R0/src/Port.o
 .debug_macro   0x00028e12       0xd6 ./src/Port_TS_T2D35M10I1R0/src/Port.o
 .debug_macro   0x00028ee8       0x4a ./src/Port_TS_T2D35M10I1R0/src/Port.o
 .debug_macro   0x00028f32       0x5c ./src/Port_TS_T2D35M10I1R0/src/Port.o
 .debug_macro   0x00028f8e      0x211 ./src/Port_TS_T2D35M10I1R0/src/Port_Ipw.o
 .debug_macro   0x0002919f       0xd0 ./src/Port_TS_T2D35M10I1R0/src/Port_Ipw.o
 .debug_macro   0x0002926f      0x239 ./src/Port_TS_T2D35M10I1R0/src/Port_Siul2.o
 .debug_macro   0x000294a8       0x97 ./src/Rte_TS_T2D35M10I1R0/src/SchM_Adc.o
 .debug_macro   0x0002953f       0x97 ./src/Rte_TS_T2D35M10I1R0/src/SchM_Can.o
 .debug_macro   0x000295d6       0x97 ./src/Rte_TS_T2D35M10I1R0/src/SchM_Crcu.o
 .debug_macro   0x0002966d       0x97 ./src/Rte_TS_T2D35M10I1R0/src/SchM_Crypto.o
 .debug_macro   0x00029704       0x97 ./src/Rte_TS_T2D35M10I1R0/src/SchM_Dio.o
 .debug_macro   0x0002979b       0x97 ./src/Rte_TS_T2D35M10I1R0/src/SchM_Eep.o
 .debug_macro   0x00029832       0x97 ./src/Rte_TS_T2D35M10I1R0/src/SchM_Eth.o
 .debug_macro   0x000298c9       0x97 ./src/Rte_TS_T2D35M10I1R0/src/SchM_Fee.o
 .debug_macro   0x00029960       0x97 ./src/Rte_TS_T2D35M10I1R0/src/SchM_Fls.o
 .debug_macro   0x000299f7       0x97 ./src/Rte_TS_T2D35M10I1R0/src/SchM_Fr.o
 .debug_macro   0x00029a8e       0x97 ./src/Rte_TS_T2D35M10I1R0/src/SchM_Gpt.o
 .debug_macro   0x00029b25       0x97 ./src/Rte_TS_T2D35M10I1R0/src/SchM_I2c.o
 .debug_macro   0x00029bbc       0x97 ./src/Rte_TS_T2D35M10I1R0/src/SchM_Icu.o
 .debug_macro   0x00029c53       0x97 ./src/Rte_TS_T2D35M10I1R0/src/SchM_Lin.o
 .debug_macro   0x00029cea       0x97 ./src/Rte_TS_T2D35M10I1R0/src/SchM_Mcem.o
 .debug_macro   0x00029d81       0x97 ./src/Rte_TS_T2D35M10I1R0/src/SchM_Mcl.o
 .debug_macro   0x00029e18       0x97 ./src/Rte_TS_T2D35M10I1R0/src/SchM_Mcu.o
 .debug_macro   0x00029eaf       0x97 ./src/Rte_TS_T2D35M10I1R0/src/SchM_Ocu.o
 .debug_macro   0x00029f46       0x97 ./src/Rte_TS_T2D35M10I1R0/src/SchM_Port.o
 .debug_macro   0x00029fdd       0x97 ./src/Rte_TS_T2D35M10I1R0/src/SchM_Pwm.o
 .debug_macro   0x0002a074       0x97 ./src/Rte_TS_T2D35M10I1R0/src/SchM_RamTst.o
 .debug_macro   0x0002a10b       0x97 ./src/Rte_TS_T2D35M10I1R0/src/SchM_Spi.o
 .debug_macro   0x0002a1a2       0x97 ./src/Rte_TS_T2D35M10I1R0/src/SchM_Wdg.o
 .debug_macro   0x0002a239      0x36a ./src/generated/src/Mcu_PBcfg.o
 .debug_macro   0x0002a5a3      0x1ee ./src/generated/src/Port_PBcfg.o

.debug_str      0x00000000    0xc8307
 .debug_str     0x00000000     0x3f9e ./src/Det_TS_T2D35M10I1R0/src/Det.o
                               0x4050 (size before relaxing)
 .debug_str     0x00003f9e     0x1ee4 ./src/Dio_TS_T2D35M10I1R0/src/Dio.o
                               0x5bde (size before relaxing)
 .debug_str     0x00005e82     0x3097 ./src/Dio_TS_T2D35M10I1R0/src/Dio_Siul2.o
                               0x87b9 (size before relaxing)
 .debug_str     0x00008f19     0x2994 ./src/Fls_TS_T2D35M10I1R0/src/Fls.o
                               0x8022 (size before relaxing)
 .debug_str     0x0000b8ad     0x1dfb ./src/Fls_TS_T2D35M10I1R0/src/Fls_Ac.o
                               0x9758 (size before relaxing)
 .debug_str     0x0000d6a8      0x582 ./src/Fls_TS_T2D35M10I1R0/src/Fls_Flash.o
                               0xa4be (size before relaxing)
 .debug_str     0x0000dc2a      0x20d ./src/Fls_TS_T2D35M10I1R0/src/Fls_IPW.o
                               0x6a83 (size before relaxing)
 .debug_str     0x0000de37    0x69df1 ./src/MPC57xx__Interrupt_Init.o
                              0x6c19b (size before relaxing)
 .debug_str     0x00077c28       0x75 ./src/Vector.o
                               0x24c8 (size before relaxing)
 .debug_str     0x00077c9d       0x31 ./src/intc_SW_mode_isr_vectors_MPC5748G.o
                               0x3a7f (size before relaxing)
 .debug_str     0x00077cce    0x38c29 ./src/main.o
                              0x4093a (size before relaxing)
 .debug_str     0x000b08f7      0x6ba ./src/Mcu_TS_T2D35M10I1R0/src/Mcu.o
                              0x2a8af (size before relaxing)
 .debug_str     0x000b0fb1      0x5bd ./src/Mcu_TS_T2D35M10I1R0/src/Mcu_CMU.o
                              0x2bdd3 (size before relaxing)
 .debug_str     0x000b156e      0x18f ./src/Mcu_TS_T2D35M10I1R0/src/Mcu_CMU_Irq.o
                               0x8867 (size before relaxing)
 .debug_str     0x000b16fd      0x265 ./src/Mcu_TS_T2D35M10I1R0/src/Mcu_FIRC.o
                               0x9660 (size before relaxing)
 .debug_str     0x000b1962      0x27a ./src/Mcu_TS_T2D35M10I1R0/src/Mcu_FXOSC.o
                               0x9b53 (size before relaxing)
 .debug_str     0x000b1bdc      0x198 ./src/Mcu_TS_T2D35M10I1R0/src/Mcu_FXOSC_Irq.o
                               0x840d (size before relaxing)
 .debug_str     0x000b1d74     0x1f5e ./src/Mcu_TS_T2D35M10I1R0/src/Mcu_IPW.o
                              0x2c792 (size before relaxing)
 .debug_str     0x000b3cd2      0x1ed ./src/Mcu_TS_T2D35M10I1R0/src/Mcu_MC_CGM.o
                              0x16685 (size before relaxing)
 .debug_str     0x000b3ebf      0x203 ./src/Mcu_TS_T2D35M10I1R0/src/Mcu_MC_Irq.o
                              0x19d6f (size before relaxing)
 .debug_str     0x000b40c2      0x3a2 ./src/Mcu_TS_T2D35M10I1R0/src/Mcu_MC_ME.o
                              0x2c1ce (size before relaxing)
 .debug_str     0x000b4464      0x361 ./src/Mcu_TS_T2D35M10I1R0/src/Mcu_MC_RGM.o
                              0x2c547 (size before relaxing)
 .debug_str     0x000b47c5      0x26d ./src/Mcu_TS_T2D35M10I1R0/src/Mcu_PLLDIG.o
                              0x2bc1c (size before relaxing)
 .debug_str     0x000b4a32      0x1d5 ./src/Mcu_TS_T2D35M10I1R0/src/Mcu_PLLDIG_Irq.o
                               0xe8ab (size before relaxing)
 .debug_str     0x000b4c07      0x189 ./src/Mcu_TS_T2D35M10I1R0/src/Mcu_PRAM.o
                               0x99ca (size before relaxing)
 .debug_str     0x000b4d90      0x1aa ./src/Mcu_TS_T2D35M10I1R0/src/Mcu_SSCM.o
                               0x992a (size before relaxing)
 .debug_str     0x000b4f3a      0x183 ./src/Mcu_TS_T2D35M10I1R0/src/Mcu_SXOSC.o
                               0x975a (size before relaxing)
 .debug_str     0x000b50bd      0x198 ./src/Mcu_TS_T2D35M10I1R0/src/Mcu_SXOSC_Irq.o
                               0x8014 (size before relaxing)
 .debug_str     0x000b5255      0x94e ./src/Port_TS_T2D35M10I1R0/src/Port.o
                              0x1ac1d (size before relaxing)
 .debug_str     0x000b5ba3      0x313 ./src/Port_TS_T2D35M10I1R0/src/Port_Ipw.o
                              0x1ac0e (size before relaxing)
 .debug_str     0x000b5eb6      0x3b2 ./src/Port_TS_T2D35M10I1R0/src/Port_Siul2.o
                              0x1c023 (size before relaxing)
 .debug_str     0x000b6268     0x198d ./src/Rte_TS_T2D35M10I1R0/src/SchM_Adc.o
                               0x6359 (size before relaxing)
 .debug_str     0x000b7bf5      0x977 ./src/Rte_TS_T2D35M10I1R0/src/SchM_Can.o
                               0x5690 (size before relaxing)
 .debug_str     0x000b856c      0x9dc ./src/Rte_TS_T2D35M10I1R0/src/SchM_Crcu.o
                               0x56f5 (size before relaxing)
 .debug_str     0x000b8f48      0xad8 ./src/Rte_TS_T2D35M10I1R0/src/SchM_Crypto.o
                               0x57f1 (size before relaxing)
 .debug_str     0x000b9a20      0x964 ./src/Rte_TS_T2D35M10I1R0/src/SchM_Dio.o
                               0x5690 (size before relaxing)
 .debug_str     0x000ba384      0x95e ./src/Rte_TS_T2D35M10I1R0/src/SchM_Eep.o
                               0x5677 (size before relaxing)
 .debug_str     0x000bace2      0x95e ./src/Rte_TS_T2D35M10I1R0/src/SchM_Eth.o
                               0x5677 (size before relaxing)
 .debug_str     0x000bb640      0x95e ./src/Rte_TS_T2D35M10I1R0/src/SchM_Fee.o
                               0x5677 (size before relaxing)
 .debug_str     0x000bbf9e      0x964 ./src/Rte_TS_T2D35M10I1R0/src/SchM_Fls.o
                               0x5690 (size before relaxing)
 .debug_str     0x000bc902      0x8e0 ./src/Rte_TS_T2D35M10I1R0/src/SchM_Fr.o
                               0x55f9 (size before relaxing)
 .debug_str     0x000bd1e2     0x1310 ./src/Rte_TS_T2D35M10I1R0/src/SchM_Gpt.o
                               0x6359 (size before relaxing)
 .debug_str     0x000be4f2      0x95e ./src/Rte_TS_T2D35M10I1R0/src/SchM_I2c.o
                               0x5677 (size before relaxing)
 .debug_str     0x000bee50     0x1310 ./src/Rte_TS_T2D35M10I1R0/src/SchM_Icu.o
                               0x6359 (size before relaxing)
 .debug_str     0x000c0160     0x1310 ./src/Rte_TS_T2D35M10I1R0/src/SchM_Lin.o
                               0x6359 (size before relaxing)
 .debug_str     0x000c1470      0x9dc ./src/Rte_TS_T2D35M10I1R0/src/SchM_Mcem.o
                               0x56f5 (size before relaxing)
 .debug_str     0x000c1e4c     0x1310 ./src/Rte_TS_T2D35M10I1R0/src/SchM_Mcl.o
                               0x6359 (size before relaxing)
 .debug_str     0x000c315c      0x95e ./src/Rte_TS_T2D35M10I1R0/src/SchM_Mcu.o
                               0x5677 (size before relaxing)
 .debug_str     0x000c3aba      0x95e ./src/Rte_TS_T2D35M10I1R0/src/SchM_Ocu.o
                               0x5677 (size before relaxing)
 .debug_str     0x000c4418      0x9cf ./src/Rte_TS_T2D35M10I1R0/src/SchM_Port.o
                               0x56f5 (size before relaxing)
 .debug_str     0x000c4de7     0x1310 ./src/Rte_TS_T2D35M10I1R0/src/SchM_Pwm.o
                               0x6359 (size before relaxing)
 .debug_str     0x000c60f7      0xad8 ./src/Rte_TS_T2D35M10I1R0/src/SchM_RamTst.o
                               0x57f1 (size before relaxing)
 .debug_str     0x000c6bcf      0x95e ./src/Rte_TS_T2D35M10I1R0/src/SchM_Spi.o
                               0x5677 (size before relaxing)
 .debug_str     0x000c752d      0x95e ./src/Rte_TS_T2D35M10I1R0/src/SchM_Wdg.o
                               0x5677 (size before relaxing)
 .debug_str     0x000c7e8b      0x2cf ./src/generated/src/Mcu_PBcfg.o
                              0x2a3c7 (size before relaxing)
 .debug_str     0x000c815a      0x1ad ./src/generated/src/Port_PBcfg.o
                              0x1a344 (size before relaxing)

.debug_frame    0x00000000    0x11e7c
 .debug_frame   0x00000000       0xc4 ./src/Det_TS_T2D35M10I1R0/src/Det.o
 .debug_frame   0x000000c4       0xe8 ./src/Dio_TS_T2D35M10I1R0/src/Dio.o
 .debug_frame   0x000001ac      0x10c ./src/Dio_TS_T2D35M10I1R0/src/Dio_Siul2.o
 .debug_frame   0x000002b8      0x4f4 ./src/Fls_TS_T2D35M10I1R0/src/Fls.o
 .debug_frame   0x000007ac       0x34 ./src/Fls_TS_T2D35M10I1R0/src/Fls_Ac.o
 .debug_frame   0x000007e0      0x230 ./src/Fls_TS_T2D35M10I1R0/src/Fls_Flash.o
 .debug_frame   0x00000a10      0x134 ./src/Fls_TS_T2D35M10I1R0/src/Fls_IPW.o
 .debug_frame   0x00000b44       0xa0 ./src/MPC57xx__Interrupt_Init.o
 .debug_frame   0x00000be4       0x2c ./src/intc_SW_mode_isr_vectors_MPC5748G.o
 .debug_frame   0x00000c10       0x2c ./src/main.o
 .debug_frame   0x00000c3c      0x23c ./src/Mcu_TS_T2D35M10I1R0/src/Mcu.o
 .debug_frame   0x00000e78      0x110 ./src/Mcu_TS_T2D35M10I1R0/src/Mcu_CMU.o
 .debug_frame   0x00000f88       0x34 ./src/Mcu_TS_T2D35M10I1R0/src/Mcu_CMU_Irq.o
 .debug_frame   0x00000fbc       0x34 ./src/Mcu_TS_T2D35M10I1R0/src/Mcu_FIRC.o
 .debug_frame   0x00000ff0       0x34 ./src/Mcu_TS_T2D35M10I1R0/src/Mcu_FXOSC.o
 .debug_frame   0x00001024       0x34 ./src/Mcu_TS_T2D35M10I1R0/src/Mcu_FXOSC_Irq.o
 .debug_frame   0x00001058      0x1a8 ./src/Mcu_TS_T2D35M10I1R0/src/Mcu_IPW.o
 .debug_frame   0x00001200       0x7c ./src/Mcu_TS_T2D35M10I1R0/src/Mcu_MC_CGM.o
 .debug_frame   0x0000127c       0xc4 ./src/Mcu_TS_T2D35M10I1R0/src/Mcu_MC_Irq.o
 .debug_frame   0x00001340      0x228 ./src/Mcu_TS_T2D35M10I1R0/src/Mcu_MC_ME.o
 .debug_frame   0x00001568      0x118 ./src/Mcu_TS_T2D35M10I1R0/src/Mcu_MC_RGM.o
 .debug_frame   0x00001680       0xa4 ./src/Mcu_TS_T2D35M10I1R0/src/Mcu_PLLDIG.o
 .debug_frame   0x00001724       0x58 ./src/Mcu_TS_T2D35M10I1R0/src/Mcu_PLLDIG_Irq.o
 .debug_frame   0x0000177c       0x34 ./src/Mcu_TS_T2D35M10I1R0/src/Mcu_PRAM.o
 .debug_frame   0x000017b0       0x34 ./src/Mcu_TS_T2D35M10I1R0/src/Mcu_SSCM.o
 .debug_frame   0x000017e4       0x34 ./src/Mcu_TS_T2D35M10I1R0/src/Mcu_SXOSC.o
 .debug_frame   0x00001818       0x34 ./src/Mcu_TS_T2D35M10I1R0/src/Mcu_SXOSC_Irq.o
 .debug_frame   0x0000184c       0xcc ./src/Port_TS_T2D35M10I1R0/src/Port.o
 .debug_frame   0x00001918       0x5c ./src/Port_TS_T2D35M10I1R0/src/Port_Ipw.o
 .debug_frame   0x00001974      0x144 ./src/Port_TS_T2D35M10I1R0/src/Port_Siul2.o
 .debug_frame   0x00001ab8     0x1258 ./src/Rte_TS_T2D35M10I1R0/src/SchM_Adc.o
 .debug_frame   0x00002d10      0x8ec ./src/Rte_TS_T2D35M10I1R0/src/SchM_Can.o
 .debug_frame   0x000035fc      0x8c8 ./src/Rte_TS_T2D35M10I1R0/src/SchM_Crcu.o
 .debug_frame   0x00003ec4      0x8c8 ./src/Rte_TS_T2D35M10I1R0/src/SchM_Crypto.o
 .debug_frame   0x0000478c      0x8ec ./src/Rte_TS_T2D35M10I1R0/src/SchM_Dio.o
 .debug_frame   0x00005078      0x8c8 ./src/Rte_TS_T2D35M10I1R0/src/SchM_Eep.o
 .debug_frame   0x00005940      0x8c8 ./src/Rte_TS_T2D35M10I1R0/src/SchM_Eth.o
 .debug_frame   0x00006208      0x8c8 ./src/Rte_TS_T2D35M10I1R0/src/SchM_Fee.o
 .debug_frame   0x00006ad0      0x8ec ./src/Rte_TS_T2D35M10I1R0/src/SchM_Fls.o
 .debug_frame   0x000073bc      0x8c8 ./src/Rte_TS_T2D35M10I1R0/src/SchM_Fr.o
 .debug_frame   0x00007c84     0x1258 ./src/Rte_TS_T2D35M10I1R0/src/SchM_Gpt.o
 .debug_frame   0x00008edc      0x8c8 ./src/Rte_TS_T2D35M10I1R0/src/SchM_I2c.o
 .debug_frame   0x000097a4     0x1258 ./src/Rte_TS_T2D35M10I1R0/src/SchM_Icu.o
 .debug_frame   0x0000a9fc     0x1258 ./src/Rte_TS_T2D35M10I1R0/src/SchM_Lin.o
 .debug_frame   0x0000bc54      0x8c8 ./src/Rte_TS_T2D35M10I1R0/src/SchM_Mcem.o
 .debug_frame   0x0000c51c     0x1258 ./src/Rte_TS_T2D35M10I1R0/src/SchM_Mcl.o
 .debug_frame   0x0000d774      0x8c8 ./src/Rte_TS_T2D35M10I1R0/src/SchM_Mcu.o
 .debug_frame   0x0000e03c      0x8c8 ./src/Rte_TS_T2D35M10I1R0/src/SchM_Ocu.o
 .debug_frame   0x0000e904      0x8c8 ./src/Rte_TS_T2D35M10I1R0/src/SchM_Port.o
 .debug_frame   0x0000f1cc     0x1258 ./src/Rte_TS_T2D35M10I1R0/src/SchM_Pwm.o
 .debug_frame   0x00010424      0x8c8 ./src/Rte_TS_T2D35M10I1R0/src/SchM_RamTst.o
 .debug_frame   0x00010cec      0x8c8 ./src/Rte_TS_T2D35M10I1R0/src/SchM_Spi.o
 .debug_frame   0x000115b4      0x8c8 ./src/Rte_TS_T2D35M10I1R0/src/SchM_Wdg.o
